<html>
<body>
<pre>
<h1>µVision Build Log</h1>
<h2>Tool Versions:</h2>
IDE-Version: ¦ÌVision V5.27.1.0
Copyright (C) 2019 ARM Ltd and ARM Germany GmbH. All rights reserved.
License Information: w yb, China, LIC=HN0BS-LIKRJ-12CLE-5ZWC8-M93MN-ZYGAK
 
Tool Versions:
Toolchain:       MDK-ARM Plus  Version: 5.23
Toolchain Path:  C:\Keil_v5\ARM\ARMCC\Bin
C Compiler:      Armcc.exe V5.06 update 4 (build 422)
Assembler:       Armasm.exe V5.06 update 4 (build 422)
Linker/Locator:  ArmLink.exe V5.06 update 4 (build 422)
Library Manager: ArmAr.exe V5.06 update 4 (build 422)
Hex Converter:   FromElf.exe V5.06 update 4 (build 422)
CPU DLL:         SARMCM3.DLL V5.23
Dialog DLL:      DARMCM1.DLL V1.17.0.0
Target DLL:      STLink\ST-LINKIII-KEIL_SWO.dll V2.0.18.0
Dialog DLL:      TARMCM1.DLL V1.12.0.0
 
<h2>Project:</h2>
D:\My Project\Window open close\STM32F030C8T6 Project\OK06(STM32F030)_Project\OK06(STM32F030)_Pro.uvprojx
Project File Date:  09/23/2022

<h2>Output:</h2>
*** Using Compiler 'V5.06 update 4 (build 422)', folder: 'C:\Keil_v5\ARM\ARMCC\Bin'
Rebuild target 'OK06'
assembling startup_stm32f030x8.s...
compiling stm32f0xx_adc.c...
compiling system_stm32f0xx.c...
compiling stm32f0xx_cec.c...
compiling stm32f0xx_comp.c...
compiling stm32f0xx_exti.c...
compiling stm32f0xx_dma.c...
compiling stm32f0xx_dbgmcu.c...
compiling stm32f0xx_flash.c...
compiling stm32f0xx_iwdg.c...
compiling stm32f0xx_gpio.c...
compiling stm32f0xx_i2c.c...
compiling stm32f0xx_misc.c...
compiling stm32f0xx_pwr.c...
compiling stm32f0xx_rcc.c...
compiling stm32f0xx_rtc.c...
compiling stm32f0xx_syscfg.c...
compiling stm32f0xx_usart.c...
compiling stm32f0xx_tim.c...
compiling main.c...
compiling Sys.c...
compiling Gpio.c...
compiling Adc.c...
compiling Uart.c...
compiling Timer.c...
compiling IIC.c...
compiling M24C16.c...
compiling variables.c...
compiling comm_uart.c...
compiling a_control_sol.c...
compiling storage.c...
compiling a_deta_exchange.c...
compiling a_lock_mode.c...
compiling access_flash.c...
compiling anjou_test.c...
compiling encoder.c...
compiling call_mode_process.c...
compiling initial.c...
compiling ecu_test.c...
compiling mode_process.c...
compiling key_input.c...
compiling motion_command.c...
compiling overload.c...
compiling select_mode.c...
compiling select_signal.c...
compiling trq_adjust_trqchange.c...
compiling state_table_1_0.c...
compiling tst_break.c...
linking...
Program Size: Code=56556 RO-data=3976 RW-data=788 ZI-data=3012  
FromELF: creating hex file...
".\Objects\OK06(STM32F030)_Pro.axf" - 0 Error(s), 0 Warning(s).

<h2>Software Packages used:</h2>

Package Vendor: Keil
                http://www.keil.com/pack/Keil.STM32F0xx_DFP.2.1.0.pack
                Keil.STM32F0xx_DFP.2.1.0
                STMicroelectronics STM32F0 Series Device Support, Drivers and Examples

<h2>Collection of Component include folders:</h2>
  .\RTE\_OK06
  C:\Keil_v5\ARM\PACK\Keil\STM32F0xx_DFP\2.1.0\Drivers\CMSIS\Device\ST\STM32F0xx\Include

<h2>Collection of Component Files used:</h2>
Build Time Elapsed:  00:00:16
</pre>
</body>
</html>
