Component: ARM Compiler 5.06 update 4 (build 422) Tool: armlink [4d35d2]

==============================================================================

Section Cross References

    system_stm32f0xx.o(i.SystemCoreClockUpdate) refers to aeabi_sdiv.o(.text) for __aeabi_uidivmod
    system_stm32f0xx.o(i.SystemCoreClockUpdate) refers to system_stm32f0xx.o(.data) for SystemCoreClock
    system_stm32f0xx.o(i.SystemInit) refers to system_stm32f0xx.o(i.SetSysClock_HSI) for SetSysClock_HSI
    startup_stm32f030x8.o(STACK) refers (Special) to heapauxi.o(.text) for __use_two_region_memory
    startup_stm32f030x8.o(HEAP) refers (Special) to heapauxi.o(.text) for __use_two_region_memory
    startup_stm32f030x8.o(RESET) refers (Special) to heapauxi.o(.text) for __use_two_region_memory
    startup_stm32f030x8.o(RESET) refers to startup_stm32f030x8.o(STACK) for __initial_sp
    startup_stm32f030x8.o(RESET) refers to startup_stm32f030x8.o(.text) for Reset_Handler
    startup_stm32f030x8.o(RESET) refers to main.o(i.HardFault_Handler) for HardFault_Handler
    startup_stm32f030x8.o(RESET) refers to adc.o(i.ADC1_COMP_IRQHandler) for ADC1_COMP_IRQHandler
    startup_stm32f030x8.o(RESET) refers to timer.o(i.TIM6_DAC_IRQHandler) for TIM6_DAC_IRQHandler
    startup_stm32f030x8.o(RESET) refers to timer.o(i.TIM15_IRQHandler) for TIM15_IRQHandler
    startup_stm32f030x8.o(RESET) refers to timer.o(i.TIM16_IRQHandler) for TIM16_IRQHandler
    startup_stm32f030x8.o(RESET) refers to timer.o(i.TIM17_IRQHandler) for TIM17_IRQHandler
    startup_stm32f030x8.o(RESET) refers to uart.o(i.USART1_IRQHandler) for USART1_IRQHandler
    startup_stm32f030x8.o(.text) refers (Special) to heapauxi.o(.text) for __use_two_region_memory
    startup_stm32f030x8.o(.text) refers to system_stm32f0xx.o(i.SystemInit) for SystemInit
    startup_stm32f030x8.o(.text) refers to __main.o(!!!main) for __main
    startup_stm32f030x8.o(.text) refers to startup_stm32f030x8.o(HEAP) for Heap_Mem
    startup_stm32f030x8.o(.text) refers to startup_stm32f030x8.o(STACK) for Stack_Mem
    stm32f0xx_adc.o(i.ADC_DeInit) refers to stm32f0xx_rcc.o(i.RCC_APB2PeriphResetCmd) for RCC_APB2PeriphResetCmd
    stm32f0xx_cec.o(i.CEC_DeInit) refers to stm32f0xx_rcc.o(i.RCC_APB1PeriphResetCmd) for RCC_APB1PeriphResetCmd
    stm32f0xx_flash.o(i.FLASH_EraseAllPages) refers to stm32f0xx_flash.o(i.FLASH_WaitForLastOperation) for FLASH_WaitForLastOperation
    stm32f0xx_flash.o(i.FLASH_ErasePage) refers to stm32f0xx_flash.o(i.FLASH_WaitForLastOperation) for FLASH_WaitForLastOperation
    stm32f0xx_flash.o(i.FLASH_OB_BOOTConfig) refers to stm32f0xx_flash.o(i.FLASH_WaitForLastOperation) for FLASH_WaitForLastOperation
    stm32f0xx_flash.o(i.FLASH_OB_EnableWRP) refers to stm32f0xx_flash.o(i.FLASH_WaitForLastOperation) for FLASH_WaitForLastOperation
    stm32f0xx_flash.o(i.FLASH_OB_Erase) refers to stm32f0xx_flash.o(i.FLASH_OB_GetRDP) for FLASH_OB_GetRDP
    stm32f0xx_flash.o(i.FLASH_OB_Erase) refers to stm32f0xx_flash.o(i.FLASH_WaitForLastOperation) for FLASH_WaitForLastOperation
    stm32f0xx_flash.o(i.FLASH_OB_ProgramData) refers to stm32f0xx_flash.o(i.FLASH_WaitForLastOperation) for FLASH_WaitForLastOperation
    stm32f0xx_flash.o(i.FLASH_OB_RDPConfig) refers to stm32f0xx_flash.o(i.FLASH_WaitForLastOperation) for FLASH_WaitForLastOperation
    stm32f0xx_flash.o(i.FLASH_OB_SRAMParityConfig) refers to stm32f0xx_flash.o(i.FLASH_WaitForLastOperation) for FLASH_WaitForLastOperation
    stm32f0xx_flash.o(i.FLASH_OB_UserConfig) refers to stm32f0xx_flash.o(i.FLASH_WaitForLastOperation) for FLASH_WaitForLastOperation
    stm32f0xx_flash.o(i.FLASH_OB_VDDAConfig) refers to stm32f0xx_flash.o(i.FLASH_WaitForLastOperation) for FLASH_WaitForLastOperation
    stm32f0xx_flash.o(i.FLASH_OB_WriteUser) refers to stm32f0xx_flash.o(i.FLASH_WaitForLastOperation) for FLASH_WaitForLastOperation
    stm32f0xx_flash.o(i.FLASH_ProgramHalfWord) refers to stm32f0xx_flash.o(i.FLASH_WaitForLastOperation) for FLASH_WaitForLastOperation
    stm32f0xx_flash.o(i.FLASH_ProgramWord) refers to stm32f0xx_flash.o(i.FLASH_WaitForLastOperation) for FLASH_WaitForLastOperation
    stm32f0xx_flash.o(i.FLASH_WaitForLastOperation) refers to stm32f0xx_flash.o(i.FLASH_GetStatus) for FLASH_GetStatus
    stm32f0xx_gpio.o(i.GPIO_DeInit) refers to stm32f0xx_rcc.o(i.RCC_AHBPeriphResetCmd) for RCC_AHBPeriphResetCmd
    stm32f0xx_i2c.o(i.I2C_DeInit) refers to stm32f0xx_rcc.o(i.RCC_APB1PeriphResetCmd) for RCC_APB1PeriphResetCmd
    stm32f0xx_pwr.o(i.PWR_DeInit) refers to stm32f0xx_rcc.o(i.RCC_APB1PeriphResetCmd) for RCC_APB1PeriphResetCmd
    stm32f0xx_rcc.o(i.RCC_GetClocksFreq) refers to aeabi_sdiv.o(.text) for __aeabi_uidivmod
    stm32f0xx_rcc.o(i.RCC_GetClocksFreq) refers to stm32f0xx_rcc.o(.data) for APBAHBPrescTable
    stm32f0xx_rcc.o(i.RCC_WaitForHSEStartUp) refers to stm32f0xx_rcc.o(i.RCC_GetFlagStatus) for RCC_GetFlagStatus
    stm32f0xx_rtc.o(i.RTC_DeInit) refers to stm32f0xx_rtc.o(i.RTC_EnterInitMode) for RTC_EnterInitMode
[...]
    u1g_bousou_input                         0x2000012c   Data           1  variables.o(.data)
    u2g_learn_max_huka                       0x2000012e   Data           2  variables.o(.data)
    u2g_close_2ji_kamen                      0x20000130   Data           2  variables.o(.data)
    u2g_close_1ji_kamen                      0x20000132   Data           2  variables.o(.data)
    u1g_close_const_kamen                    0x20000134   Data           1  variables.o(.data)
    u1g_limit_ad                             0x20000135   Data           1  variables.o(.data)
    u2g_ad_buffer0_temp                      0x20000136   Data           2  variables.o(.data)
    u2g_ad_buffer_temp                       0x20000138   Data           2  variables.o(.data)
    u1g_temp_hosei_buffer                    0x2000013a   Data           1  variables.o(.data)
    u4g_now_ver                              0x2000013c   Data           4  variables.o(.data)
    s2g_temp_now_signed                      0x20000140   Data           1  variables.o(.data)
    u1g_cold_temp_hosei                      0x20000141   Data           1  variables.o(.data)
    u2g_ad_now                               0x20000142   Data           6  variables.o(.data)
    u1g_ad_ref                               0x20000148   Data           3  variables.o(.data)
    u2g_now_data                             0x2000014c   Data           2  variables.o(.data)
    u1g_curr_num                             0x2000014e   Data           1  variables.o(.data)
    u1g_ver_num                              0x2000014f   Data           1  variables.o(.data)
    u1g_temp_num                             0x20000150   Data           1  variables.o(.data)
    u1g_f_limit_average                      0x20000151   Data           1  variables.o(.data)
    u1g_limittime                            0x20000152   Data           1  variables.o(.data)
    u1g_Fg_ecu_temp_ad_error                 0x20000153   Data           1  variables.o(.data)
    u1g_Fg_temp_ad_error                     0x20000154   Data           1  variables.o(.data)
    u1g_Fg_ecu_ver_ad_error                  0x20000155   Data           1  variables.o(.data)
    u1g_Fg_ver_ad_error                      0x20000156   Data           1  variables.o(.data)
    u1g_encoder_A_no_pulse                   0x20000157   Data           1  variables.o(.data)
    u1g_encoder_B_no_pulse                   0x20000158   Data           1  variables.o(.data)
    u1g_thermal_input                        0x20000159   Data           1  variables.o(.data)
    u1g_count_abnormal_speed_pulse           0x2000015a   Data           1  variables.o(.data)
    u2g_systimer_1ms_for_signal              0x2000015c   Data           2  variables.o(.data)
    u2g_systimer_1sec_for_signal             0x2000015e   Data           2  variables.o(.data)
    u1g_total_timer_input                    0x20000160   Data           1  variables.o(.data)
    u1g_timer_kahuka_loose_input             0x20000161   Data           1  variables.o(.data)
    u1g_timer_2sec_input                     0x20000162   Data           1  variables.o(.data)
    u1g_timer_5sec_input                     0x20000163   Data           1  variables.o(.data)
    u1g_soft_lock_error_5sec_input           0x20000164   Data           1  variables.o(.data)
    u1g_fg_wait_format_complete              0x20000165   Data           1  variables.o(.data)
    u1g_fg_wait_write_complete               0x20000166   Data           1  variables.o(.data)
    u2g_fg_control_structure                 0x20000168   Data           2  variables.o(.data)
    s4g_d_mv_loss_number                     0x2000016c   Data           4  variables.o(.data)
    u1g_f_reset_after_write                  0x20000170   Data           1  variables.o(.data)
    u2g_c_main                               0x20000172   Data           2  variables.o(.data)
    u1g_fg_set_h_size_end                    0x20000174   Data           1  variables.o(.data)
    u1g_c_noservice                          0x20000175   Data           1  variables.o(.data)
    u1g_f_active_format                      0x20000176   Data           1  variables.o(.data)
    u1g_fg_data_erase                        0x20000177   Data           1  variables.o(.data)
    u1g_fg_block_format                      0x20000178   Data           1  variables.o(.data)
    u1g_fg_data_read                         0x20000179   Data           1  variables.o(.data)
    u1g_fg_flash_initial                     0x2000017a   Data           1  variables.o(.data)
    xn_error_set1                            0x2000017c   Data           6  variables.o(.data)
    xn_error_set0                            0x20000182   Data           6  variables.o(.data)
    xng_Hsize_series                         0x20000188   Data           6  variables.o(.data)
    xng_record_fact                          0x2000018e   Data           4  variables.o(.data)
    xng_flash_Hsize_series                   0x20000192   Data           6  variables.o(.data)
    xng_flash_fact_series                    0x20000198   Data           4  variables.o(.data)
    flash_write_cmd                          0x2000019c   Data           1  variables.o(.data)
    u2g_soft_clear_timer_counter             0x2000019e   Data           2  variables.o(.data)
    u1g_fg_read_retry                        0x200001a0   Data           1  variables.o(.data)
    s1g_temp_v                               0x200001a1   Data           1  variables.o(.data)
    u1g_f_timeover_anjo_test                 0x200001a2   Data           1  variables.o(.data)
    u1g_section_kahuka_occured               0x200001a3   Data           1  variables.o(.data)
    u1g_flash_write_status                   0x200001a4   Data           1  variables.o(.data)
    u1g_huka_ad_value                        0x200001a5   Data           1  variables.o(.data)
    u1g_Fg_previous_kahuka_upper             0x200001a6   Data           1  variables.o(.data)
    s2g_previous_kahuka_position             0x200001a8   Data           2  variables.o(.data)
    u1g_check_sum_learn                      0x200001aa   Data           1  variables.o(.data)
    u1g_check_sum_size                       0x200001ab   Data           1  variables.o(.data)
    u1g_cnt_e2prom_write                     0x200001ac   Data           1  variables.o(.data)
    u1g_error_mode                           0x200001ad   Data           1  variables.o(.data)
    u1g_Fg_error_mode_3_write_check          0x200001ae   Data           1  variables.o(.data)
    u1g_Fg_power_on                          0x200001af   Data           1  variables.o(.data)
    u1g_c_short_close_p                      0x200001b0   Data           1  variables.o(.data)
    u2g_learn_buffer                         0x200001b2   Data           2  variables.o(.data)
    u2g_learn_buffer_close                   0x200001b4   Data           2  variables.o(.data)
    u2g_std_huka                             0x200001b6   Data           2  variables.o(.data)
    u2g_std_learn                            0x200001b8   Data           2  variables.o(.data)
    u2g_max_learn_b                          0x200001ba   Data           2  variables.o(.data)
    u2g_open_std_learn                       0x200001bc   Data           2  variables.o(.data)
    u1g_ad_num                               0x200001be   Data           1  variables.o(.data)
    u1g_ad_num_temp                          0x200001bf   Data           1  variables.o(.data)
    u2g_max_huka                             0x200001c0   Data           2  variables.o(.data)
    u2g_nor_huka                             0x200001c2   Data           2  variables.o(.data)
    u1g_c_kahuka                             0x200001c4   Data           1  variables.o(.data)
    u2g_p_differ                             0x200001c6   Data           4  variables.o(.data)
    u4g_plus_length_buffer                   0x200001cc   Data           4  variables.o(.data)
    u1g_c_no_plus                            0x200001d0   Data           1  variables.o(.data)
    u2g_c_interval_plus                      0x200001d2   Data           2  variables.o(.data)
    u2g_d_pwm                                0x200001d4   Data           2  variables.o(.data)
    s2g_p_differ_current                     0x200001d6   Data           2  variables.o(.data)
    u1g_sw                                   0x200001d8   Data           3  variables.o(.data)
    u1g_last_sw                              0x200001db   Data           3  variables.o(.data)
    u1g_c_sw_off                             0x200001de   Data           3  variables.o(.data)
    u1g_c_sw_on                              0x200001e1   Data           3  variables.o(.data)
    u1g_cnt_no_in                            0x200001e4   Data           1  variables.o(.data)
    u1g_count_timer_1ms                      0x200001e5   Data           1  variables.o(.data)
    u1g_cnt_thermal                          0x200001e6   Data           1  variables.o(.data)
    s2g_cnt_plus                             0x200001e8   Data           2  variables.o(.data)
    s2g_unknown_cnt_plus                     0x200001ea   Data           2  variables.o(.data)
    s2g_cnt_p_trq_test                       0x200001ec   Data           2  variables.o(.data)
    s2g_cnt_plus_jougen                      0x200001ee   Data           2  variables.o(.data)
    s2g_lock_start_position                  0x200001f0   Data           2  variables.o(.data)
    u1g_Fg_hand_close_plus                   0x200001f2   Data           1  variables.o(.data)
    s2g_kari_size_ram                        0x200001f4   Data           2  variables.o(.data)
    u1g_n_section                            0x200001f6   Data           1  variables.o(.data)
    u1g_num_section                          0x200001f7   Data           1  variables.o(.data)
    u1g_num_section_kagen                    0x200001f8   Data           1  variables.o(.data)
    u1g_copy_section                         0x200001f9   Data           1  variables.o(.data)
    u1g_Fg_jougen_area                       0x200001fa   Data           1  variables.o(.data)
    u1g_Fg_copy_jougen_area                  0x200001fb   Data           1  variables.o(.data)
    u1g_n_lev                                0x200001fc   Data           1  variables.o(.data)
    u2g_cnt_chng_mode                        0x200001fe   Data           2  variables.o(.data)
    u1g_cnt_chng_mode_huka_reset             0x20000200   Data           1  variables.o(.data)
    u1g_cnt_chng_mode_startup                0x20000201   Data           1  variables.o(.data)
    u1g_b_p_hosei                            0x20000202   Data           1  variables.o(.data)
    u1g_b_ver_hosei                          0x20000203   Data           1  variables.o(.data)
    u1g_p_hosei                              0x20000204   Data           1  variables.o(.data)
    u2g_kei                                  0x20000206   Data           2  variables.o(.data)
    u2g_cal_b                                0x20000208   Data           2  variables.o(.data)
    cnt_break_on                             0x2000020a   Data           1  variables.o(.data)
    cnt_break_off                            0x2000020b   Data           1  variables.o(.data)
    cnt_pwm_off                              0x2000020c   Data           1  variables.o(.data)
    cnt_pwm_on                               0x2000020d   Data           1  variables.o(.data)
    cnt_stop                                 0x2000020e   Data           1  variables.o(.data)
    u1g_cnt_breakdown                        0x2000020f   Data           1  variables.o(.data)
    w_b_pulse                                0x20000210   Data           1  variables.o(.data)
    u2g_std_max_huka                         0x20000212   Data           2  variables.o(.data)
    cnt_soft_start                           0x20000214   Data           1  variables.o(.data)
    u1g_c_check_out                          0x20000215   Data           1  variables.o(.data)
    u2g_c_move_consist                       0x20000216   Data           2  variables.o(.data)
    u2g_c_hand_move                          0x20000218   Data           2  variables.o(.data)
    u1g_thermal_count                        0x2000021a   Data           1  variables.o(.data)
    f_step_error                             0x2000021b   Data           1  variables.o(.data)
    c_wait                                   0x2000021c   Data           1  variables.o(.data)
    u2g_d_mv                                 0x2000021e   Data           2  variables.o(.data)
    u2g_huka_jougen                          0x20000220   Data           2  variables.o(.data)
    s2g_imaginary_close_posi                 0x20000222   Data           2  variables.o(.data)
    u1g_c_move_m_p                           0x20000224   Data           1  variables.o(.data)
    u2g_cnt_no_dire_p                        0x20000226   Data           2  variables.o(.data)
    u1g_cnt_short_open_p                     0x20000228   Data           1  variables.o(.data)
    u1g_f_input_pulse                        0x20000229   Data           1  variables.o(.data)
    u1g_motor_speed                          0x2000022a   Data           1  variables.o(.data)
    u1g_previous_motor_speed                 0x2000022b   Data           1  variables.o(.data)
    u2g_jougen_open_over_lev_b               0x2000022c   Data           2  variables.o(.data)
    u2g_keep_jougen_open_over_lev_b          0x2000022e   Data           2  variables.o(.data)
    u1g_ope0_done                            0x20000230   Data           1  variables.o(.data)
    u1g_sf_set_kagen                         0x20000231   Data           1  variables.o(.data)
    u2g_buf_check_3sw_set_ok                 0x20000232   Data           2  variables.o(.data)
    u1g_cnt_input_key_stop                   0x20000234   Data           1  variables.o(.data)
    u2g_timer_limit_set_kagen                0x20000236   Data           2  variables.o(.data)
    u1g_signal_read_stop                     0x20000238   Data           1  variables.o(.data)
    u1g_index_H_size_input                   0x20000239   Data           1  variables.o(.data)
    u1g_stop_counter                         0x2000023a   Data           1  variables.o(.data)
    u1g_uart_buzzer_order                    0x2000023b   Data           1  variables.o(.data)
    u2g_systimer_1ms_timer_for_anjou         0x2000023c   Data           2  variables.o(.data)
    u2g_systimer_1sec_timer_for_anjou        0x2000023e   Data           2  variables.o(.data)
    u1g_f_release_elec                       0x20000240   Data           1  variables.o(.data)
    u1g_f_ok_set_on_shortbreak               0x20000241   Data           1  variables.o(.data)
    u2g_systimer_1ms_special_H_size          0x20000242   Data           2  variables.o(.data)
    u2g_systimer_1sec_special_H_size         0x20000244   Data           2  variables.o(.data)
    s2g_cnt_plus_speed_down                  0x20000246   Data           2  variables.o(.data)
    u2g_pre_key                              0x20000248   Data           2  variables.o(.data)
    u1g_cnt_set_level                        0x2000024a   Data           1  variables.o(.data)
    u1g_temp_previous_mode                   0x2000024b   Data           1  variables.o(.data)
    u1g_temp_signal                          0x2000024c   Data           1  variables.o(.data)
    u1g_temp_free_data                       0x2000024d   Data           1  variables.o(.data)
    flag1                                    0x2000024e   Data           1  variables.o(.data)
    flag2                                    0x2000024f   Data           1  variables.o(.data)
    flag3                                    0x20000250   Data           1  variables.o(.data)
    flag4                                    0x20000251   Data           1  variables.o(.data)
    flag5                                    0x20000252   Data           1  variables.o(.data)
    flag6                                    0x20000253   Data           1  variables.o(.data)
    flag7                                    0x20000254   Data           1  variables.o(.data)
    flag8                                    0x20000255   Data           1  variables.o(.data)
    flag9                                    0x20000256   Data           1  variables.o(.data)
    flag10                                   0x20000257   Data           1  variables.o(.data)
    flag11                                   0x20000258   Data           1  variables.o(.data)
    flag12                                   0x20000259   Data           1  variables.o(.data)
    nible1                                   0x2000025a   Data           1  variables.o(.data)
    nible2                                   0x2000025b   Data           1  variables.o(.data)
    nible4                                   0x2000025c   Data           1  variables.o(.data)
    nible5                                   0x2000025d   Data           1  variables.o(.data)
    swflag                                   0x2000025e   Data           1  variables.o(.data)
    swoffflag                                0x2000025f   Data           1  variables.o(.data)
    swnflag                                  0x20000260   Data           2  variables.o(.data)
    outbuffer_                               0x20000262   Data           1  variables.o(.data)
    ftimer1s_                                0x20000263   Data           1  variables.o(.data)
    ftimer100ms_                             0x20000264   Data           1  variables.o(.data)
    ftimer10ms_                              0x20000265   Data           1  variables.o(.data)
    selectsw_                                0x20000266   Data           1  variables.o(.data)
    eeprm_buffer_                            0x20000267   Data           1  variables.o(.data)
    size_ram_ab_                             0x20000268   Data           2  variables.o(.data)
    size_ram2_ab_                            0x2000026a   Data           2  variables.o(.data)
    temp_now_                                0x2000026c   Data           2  variables.o(.data)
    num_now_                                 0x2000026e   Data           2  variables.o(.data)
    num_move_                                0x20000270   Data           2  variables.o(.data)
    flag_NK                                  0x20000272   Data           1  variables.o(.data)
    flag_NK_signal                           0x20000273   Data           1  variables.o(.data)
    flag_learn_open                          0x20000274   Data           1  variables.o(.data)
    u1g_f_stop_shortopen                     0x20000275   Data           1  variables.o(.data)
    u2g_size_ram_H_size                      0x20000276   Data           2  variables.o(.data)
    u2g_max_const_huka                       0x20000278   Data           2  variables.o(.data)
    u2g_open_std_max_huka                    0x2000027a   Data           2  variables.o(.data)
    u2g_open_std_osikomi_huka                0x2000027c   Data           2  variables.o(.data)
    u2g_osikomi_const_huka                   0x2000027e   Data           2  variables.o(.data)
    u2g_max_const_huka_1000rpm               0x20000280   Data           2  variables.o(.data)
    u2g_osikomi_const_huka_540rpm            0x20000282   Data           2  variables.o(.data)
    u2g_standard_plus_length                 0x20000284   Data           2  variables.o(.data)
    u1g_fg_next_main_go                      0x20000286   Data           1  variables.o(.data)
    u1g_timer_3sw_100msec                    0x20000287   Data           1  variables.o(.data)
    u1g_fg_charge_pump_enable                0x20000288   Data           1  variables.o(.data)
    u2g_count_tanrak_break_timer             0x2000028a   Data           2  variables.o(.data)
    u1g_count_90_sec_timer_0_100             0x2000028c   Data           1  variables.o(.data)
    u2g_count_90_sec_timer_100_90000         0x2000028e   Data           2  variables.o(.data)
    u2g_soft_clear_counter                   0x20000290   Data           2  variables.o(.data)
    u1g_speed_up_slow_down                   0x20000292   Data           1  variables.o(.data)
    u1g_f_move_sol                           0x20000293   Data           1  variables.o(.data)
    u1g_f_limit_6min_lock                    0x20000294   Data           1  variables.o(.data)
    u1g_f_limit_5times_lock                  0x20000295   Data           1  variables.o(.data)
    u1g_f_delay_lock                         0x20000296   Data           1  variables.o(.data)
    u1g_f_end_shortbreak                     0x20000297   Data           1  variables.o(.data)
    u1g_f_start_shortbreak                   0x20000298   Data           1  variables.o(.data)
    u1g_f_start_lock_output                  0x20000299   Data           1  variables.o(.data)
    u1g_f_sw_off_stop                        0x2000029a   Data           1  variables.o(.data)
    u1g_f_50mm_range_out                     0x2000029b   Data           1  variables.o(.data)
    u1g_f_lock_timeout_restart               0x2000029c   Data           1  variables.o(.data)
    u1g_f_solenoid_mode                      0x2000029d   Data           1  variables.o(.data)
    u1g_f_rangein_kagen_kitei                0x2000029e   Data           1  variables.o(.data)
    u1g_f_learn_open_max_huka                0x2000029f   Data           1  variables.o(.data)
    u1g_f_learn_close_all_huka               0x200002a0   Data           1  variables.o(.data)
    Fg_uart_fact_finish_trq_test             0x200002a1   Data           1  variables.o(.data)
    Fg_uart_fact_finish_elec_test            0x200002a2   Data           1  variables.o(.data)
    Fg_uart_fact_error                       0x200002a3   Data           1  variables.o(.data)
    Fg_uart_fact_check_stop                  0x200002a4   Data           1  variables.o(.data)
    u1g_Fg_soft_lock_out_duty                0x200002a5   Data           1  variables.o(.data)
    Storage_AddrBuf                          0x200002a6   Data          10  storage.o(.data)
    r_byte                                   0x200002b3   Data           1  storage.o(.data)
    s2l_cnt_p_lockout                        0x200002b8   Data           2  a_lock_mode.o(.data)
    s2l_threshold_stoplockout                0x200002ba   Data           2  a_lock_mode.o(.data)
    s2l_temp_p                               0x200002bc   Data           2  a_lock_mode.o(.data)
    u2l_threshold_limittime                  0x200002be   Data           2  a_lock_mode.o(.data)
    u2l_timemoving_lockout                   0x200002c0   Data           2  a_lock_mode.o(.data)
    s2l_p_temp                               0x200002c2   Data           2  a_lock_mode.o(.data)
    u2l_c_time2s                             0x200002c4   Data           2  a_lock_mode.o(.data)
    u1l_f_firststep_lockout                  0x200002c6   Data           1  a_lock_mode.o(.data)
    u2l_lock_temp_maxload                    0x200002c8   Data           2  a_lock_mode.o(.data)
    u1l_c_lockquit5times                     0x200002ca   Data           1  a_lock_mode.o(.data)
    u1l_fg_short_break_cancel_hand_close     0x200002cb   Data           1  a_lock_mode.o(.data)
    u2g_d_rpm_current                        0x200002fc   Data           2  encoder.o(.data)
    s4g_d_mv                                 0x20000300   Data           4  encoder.o(.data)
    u4g_plus_length                          0x20000304   Data           4  encoder.o(.data)
    u1g_counter_minus                        0x20000308   Data           1  encoder.o(.data)
    u1g_kirikae                              0x20000314   Data           1  encoder.o(.data)
    u1a_fg_current_pulse_over_flow           0x20000315   Data           1  encoder.o(.data)
    portflag                                 0x2000032c   Data           1  ecu_test.o(.data)
    u1l_port_jun                             0x2000032d   Data           1  ecu_test.o(.data)
    u1l_last_port                            0x2000032e   Data           2  ecu_test.o(.data)
    u1l_c_port_off                           0x20000330   Data           2  ecu_test.o(.data)
    u1l_c_port_on                            0x20000332   Data           2  ecu_test.o(.data)
    u2l_ecu_test1_on_cnt                     0x20000334   Data           2  ecu_test.o(.data)
    u2l_ecu_test2_on_cnt                     0x20000336   Data           2  ecu_test.o(.data)
    ecu_test_state                           0x20000338   Data           1  ecu_test.o(.data)
    u1l_sw_jun                               0x20000339   Data           1  key_input.o(.data)
    u1g_power_start                          0x2000033a   Data           1  mode_process.o(.data)
    u1g_ad_num_VER_1sec                      0x2000033c   Data           1  overload.o(.data)
    u1l_temp_init_num                        0x2000033d   Data           1  overload.o(.data)
    u1l_ver_init_num                         0x2000033e   Data           1  overload.o(.data)
    u2l_ver_err_cnt_time                     0x20000340   Data           2  overload.o(.data)
    u1l_f_temp_error_stop                    0x20000342   Data           1  overload.o(.data)
    u1l_f_ver_error_stop                     0x20000343   Data           1  overload.o(.data)
    u2g_ajst_max_huka                        0x20000344   Data           2  trq_adjust_trqchange.o(.data)
    u2g_ajst_open_max_huka                   0x20000346   Data           2  trq_adjust_trqchange.o(.data)
    u2g_ajst_osikomi_const_huka              0x20000348   Data           2  trq_adjust_trqchange.o(.data)
    u2g_ajst_open_std_osikomi_huka           0x2000034a   Data           2  trq_adjust_trqchange.o(.data)
    u2g_t_break_duty                         0x2000034c   Data           2  tst_break.o(.data)
    u1g_t_break_step                         0x2000034e   Data           1  tst_break.o(.data)
    Fg_t_break_off_count_start               0x2000034f   Data           1  tst_break.o(.data)
    s2g_t_break_off_start_plus               0x20000350   Data           2  tst_break.o(.data)
    u1g_t_break_max_timer_counter            0x20000352   Data           1  tst_break.o(.data)
    Fg_t_break_max_time                      0x20000353   Data           1  tst_break.o(.data)
    Fg_t_break_timer_start                   0x20000354   Data           1  tst_break.o(.data)
    u1g_Fg_pwm_off_for_break                 0x20000355   Data           1  tst_break.o(.data)
    u1g_Fg_break_over_stop                   0x20000356   Data           1  tst_break.o(.data)
    s2g_t_break_pwm_restart_plus             0x20000358   Data           2  tst_break.o(.data)
    u1g_Fg_pwm_restart                       0x2000035a   Data           1  tst_break.o(.data)
    u1g_Fg_pwm_start_pass_code               0x2000035b   Data           1  tst_break.o(.data)
    u1g_Fg_break_start_pass_code             0x2000035c   Data           1  tst_break.o(.data)
    u1g_Fg_break_ok                          0x2000035d   Data           1  tst_break.o(.data)
    u1g_t_break_step_first                   0x2000035e   Data           1  tst_break.o(.data)
    u1g_pwm_break_timer_counter              0x2000035f   Data           1  tst_break.o(.data)
    u2g_previous_break_duty                  0x20000360   Data           2  tst_break.o(.data)
    u2g_raw_q                                0x200003f6   Data          24  variables.o(.bss)
    xng_learned_huka_data                    0x2000040e   Data          20  variables.o(.bss)
    xng_error_data                           0x20000422   Data          20  variables.o(.bss)
    xng_error_20_data                        0x20000436   Data          80  variables.o(.bss)
    xng_flash_learned_hukadata               0x20000486   Data          20  variables.o(.bss)
    xng_flash_error_data                     0x2000049a   Data          20  variables.o(.bss)
    xng_flash_error_20_data                  0x200004ae   Data          80  variables.o(.bss)
    Flash_Write                              0x200004fe   Data          20  variables.o(.bss)
    u2g_raw_data                             0x20000512   Data          14  variables.o(.bss)
    u2g_check_temp_ad_data                   0x20000520   Data          20  variables.o(.bss)
    u2g_check_ver_ad_data                    0x20000534   Data          20  variables.o(.bss)
    u2g_copy_max_learn_b                     0x20000548   Data          32  variables.o(.bss)
    s2g_size_ram                             0x20000568   Data          12  variables.o(.bss)
    u2g_over_lev_b                           0x20000574   Data         160  variables.o(.bss)
    u2g_kamen_over_lev_b                     0x20000614   Data          10  variables.o(.bss)
    u2g_open_over_lev_b                      0x2000061e   Data         160  variables.o(.bss)
    u2g_kahuka_mirror                        0x200006be   Data          52  variables.o(.bss)
    u1g_data_H_size_input                    0x200006f2   Data          32  variables.o(.bss)
    storage                                  0x20000712   Data         400  storage.o(.bss)
    __libspace_start                         0x200008f4   Data          96  libspace.o(.bss)
    __temporary_stack_top$libspace           0x20000954   Data           0  libspace.o(.bss)



==============================================================================

Memory Map of the image

  Image Entry point : 0x080000c1

  Load Region LR_IROM1 (Base: 0x08000000, Size: 0x0000f5fc, Max: 0x00010000, ABSOLUTE, COMPRESSED[0x0000f2bc])

    Execution Region ER_IROM1 (Exec base: 0x08000000, Load base: 0x08000000, Size: 0x0000f294, Max: 0x00010000, ABSOLUTE)

    Exec Addr    Load Addr    Size         Type   Attr      Idx    E Section Name        Object

    0x08000000   0x08000000   0x000000c0   Data   RO          129    RESET               startup_stm32f030x8.o
    0x080000c0   0x080000c0   0x00000008   Code   RO         5637  * !!!main             c_p.l(__main.o)
    0x080000c8   0x080000c8   0x0000003c   Code   RO         5870    !!!scatter          c_p.l(__scatter.o)
    0x08000104   0x08000104   0x0000001c   Code   RO         5872    !!handler_zi        c_p.l(__scatter_zi.o)
    0x08000120   0x08000120   0x00000002   Code   RO         5736    .ARM.Collect$$libinit$$00000000  c_p.l(libinit.o)
    0x08000122   0x08000122   0x00000000   Code   RO         5751    .ARM.Collect$$libinit$$00000002  c_p.l(libinit2.o)
    0x08000122   0x08000122   0x00000000   Code   RO         5753    .ARM.Collect$$libinit$$00000004  c_p.l(libinit2.o)
    0x08000122   0x08000122   0x00000000   Code   RO         5756    .ARM.Collect$$libinit$$0000000A  c_p.l(libinit2.o)
    0x08000122   0x08000122   0x00000000   Code   RO         5758    .ARM.Collect$$libinit$$0000000C  c_p.l(libinit2.o)
    0x08000122   0x08000122   0x00000000   Code   RO         5760    .ARM.Collect$$libinit$$0000000E  c_p.l(libinit2.o)
    0x08000122   0x08000122   0x00000000   Code   RO         5763    .ARM.Collect$$libinit$$00000011  c_p.l(libinit2.o)
    0x08000122   0x08000122   0x00000000   Code   RO         5765    .ARM.Collect$$libinit$$00000013  c_p.l(libinit2.o)
    0x08000122   0x08000122   0x00000000   Code   RO         5767    .ARM.Collect$$libinit$$00000015  c_p.l(libinit2.o)
    0x08000122   0x08000122   0x00000000   Code   RO         5769    .ARM.Collect$$libinit$$00000017  c_p.l(libinit2.o)
    0x08000122   0x08000122   0x00000000   Code   RO         5771    .ARM.Collect$$libinit$$00000019  c_p.l(libinit2.o)
    0x08000122   0x08000122   0x00000000   Code   RO         5773    .ARM.Collect$$libinit$$0000001B  c_p.l(libinit2.o)
    0x08000122   0x08000122   0x00000000   Code   RO         5775    .ARM.Collect$$libinit$$0000001D  c_p.l(libinit2.o)
    0x08000122   0x08000122   0x00000000   Code   RO         5777    .ARM.Collect$$libinit$$0000001F  c_p.l(libinit2.o)
    0x08000122   0x08000122   0x00000000   Code   RO         5779    .ARM.Collect$$libinit$$00000021  c_p.l(libinit2.o)
    0x08000122   0x08000122   0x00000000   Code   RO         5781    .ARM.Collect$$libinit$$00000023  c_p.l(libinit2.o)
    0x08000122   0x08000122   0x00000000   Code   RO         5783    .ARM.Collect$$libinit$$00000025  c_p.l(libinit2.o)
    0x08000122   0x08000122   0x00000000   Code   RO         5787    .ARM.Collect$$libinit$$0000002C  c_p.l(libinit2.o)
    0x08000122   0x08000122   0x00000000   Code   RO         5789    .ARM.Collect$$libinit$$0000002E  c_p.l(libinit2.o)
    0x08000122   0x08000122   0x00000000   Code   RO         5791    .ARM.Collect$$libinit$$00000030  c_p.l(libinit2.o)
    0x08000122   0x08000122   0x00000000   Code   RO         5793    .ARM.Collect$$libinit$$00000032  c_p.l(libinit2.o)
    0x08000122   0x08000122   0x00000002   Code   RO         5794    .ARM.Collect$$libinit$$00000033  c_p.l(libinit2.o)
    0x08000124   0x08000124   0x00000002   Code   RO         5825    .ARM.Collect$$libshutdown$$00000000  c_p.l(libshutdown.o)
    0x08000126   0x08000126   0x00000000   Code   RO         5851    .ARM.Collect$$libshutdown$$00000002  c_p.l(libshutdown2.o)
    0x08000126   0x08000126   0x00000000   Code   RO         5853    .ARM.Collect$$libshutdown$$00000004  c_p.l(libshutdown2.o)
    0x08000126   0x08000126   0x00000000   Code   RO         5856    .ARM.Collect$$libshutdown$$00000007  c_p.l(libshutdown2.o)
    0x08000126   0x08000126   0x00000000   Code   RO         5859    .ARM.Collect$$libshutdown$$0000000A  c_p.l(libshutdown2.o)
    0x08000126   0x08000126   0x00000000   Code   RO         5861    .ARM.Collect$$libshutdown$$0000000C  c_p.l(libshutdown2.o)
    0x08000126   0x08000126   0x00000000   Code   RO         5864    .ARM.Collect$$libshutdown$$0000000F  c_p.l(libshutdown2.o)
    0x08000126   0x08000126   0x00000002   Code   RO         5865    .ARM.Collect$$libshutdown$$00000010  c_p.l(libshutdown2.o)
    0x08000128   0x08000128   0x00000000   Code   RO         5677    .ARM.Collect$$rtentry$$00000000  c_p.l(__rtentry.o)
    0x08000128   0x08000128   0x00000000   Code   RO         5692    .ARM.Collect$$rtentry$$00000002  c_p.l(__rtentry2.o)
    0x08000128   0x08000128   0x00000006   Code   RO         5704    .ARM.Collect$$rtentry$$00000004  c_p.l(__rtentry4.o)
    0x0800012e   0x0800012e   0x00000000   Code   RO         5694    .ARM.Collect$$rtentry$$00000009  c_p.l(__rtentry2.o)
    0x0800012e   0x0800012e   0x00000004   Code   RO         5695    .ARM.Collect$$rtentry$$0000000A  c_p.l(__rtentry2.o)
    0x08000132   0x08000132   0x00000000   Code   RO         5697    .ARM.Collect$$rtentry$$0000000C  c_p.l(__rtentry2.o)
    0x08000132   0x08000132   0x00000008   Code   RO         5698    .ARM.Collect$$rtentry$$0000000D  c_p.l(__rtentry2.o)
    0x0800013a   0x0800013a   0x00000002   Code   RO         5742    .ARM.Collect$$rtexit$$00000000  c_p.l(rtexit.o)
    0x0800013c   0x0800013c   0x00000000   Code   RO         5798    .ARM.Collect$$rtexit$$00000002  c_p.l(rtexit2.o)
    0x0800013c   0x0800013c   0x00000004   Code   RO         5799    .ARM.Collect$$rtexit$$00000003  c_p.l(rtexit2.o)
    0x08000140   0x08000140   0x00000006   Code   RO         5800    .ARM.Collect$$rtexit$$00000004  c_p.l(rtexit2.o)
    0x08000146   0x08000146   0x00000002   PAD
    0x08000148   0x08000148   0x00000038   Code   RO         5627    .emb_text           c_p.l(rt_memcpy.o)
    0x08000180   0x08000180   0x00000038   Code   RO          130    .text               startup_stm32f030x8.o
    0x080001b8   0x080001b8   0x00000082   Code   RO         5628    .text               c_p.l(rt_memcpy.o)
    0x0800023a   0x0800023a   0x0000015a   Code   RO         5631    .text               c_p.l(aeabi_sdiv.o)
    0x08000394   0x08000394   0x00000006   Code   RO         5635    .text               c_p.l(heapauxi.o)
    0x0800039a   0x0800039a   0x00000002   PAD
    0x0800039c   0x0800039c   0x0000007c   Code   RO         5639    .text               fz_ps.l(d2f.o)
    0x08000418   0x08000418   0x00000358   Code   RO         5641    .text               fz_ps.l(daddsub.o)
    0x08000770   0x08000770   0x00000448   Code   RO         5643    .text               fz_ps.l(ddiv.o)
    0x08000bb8   0x08000bb8   0x00000248   Code   RO         5646    .text               fz_ps.l(dmul.o)
    0x08000e00   0x08000e00   0x00000054   Code   RO         5648    .text               fz_ps.l(f2d.o)
    0x08000e54   0x08000e54   0x00000160   Code   RO         5656    .text               fz_ps.l(fdiv.o)
    0x08000fb4   0x08000fb4   0x00000030   Code   RO         5659    .text               fz_ps.l(ffixui.o)
    0x08000fe4   0x08000fe4   0x0000005e   Code   RO         5661    .text               fz_ps.l(fflti.o)
    0x08001042   0x08001042   0x00000016   Code   RO         5682    .text               c_p.l(_rserrno.o)
    0x08001058   0x08001058   0x00000100   Code   RO         5686    .text               fz_ps.l(dsqrt.o)
    0x08001158   0x08001158   0x00000064   Code   RO         5688    .text               fz_ps.l(fcmpin.o)
    0x080011bc   0x080011bc   0x00000008   Code   RO         5711    .text               c_p.l(rt_errno_addr_intlibspace.o)
    0x080011c4   0x080011c4   0x0000002e   Code   RO         5713    .text               fz_ps.l(cmpret.o)
    0x080011f2   0x080011f2   0x00000002   PAD
    0x080011f4   0x080011f4   0x00000010   Code   RO         5717    .text               fz_ps.l(fnan2.o)
    0x08001204   0x08001204   0x00000008   Code   RO         5719    .text               c_p.l(libspace.o)
    0x0800120c   0x0800120c   0x0000003e   Code   RO         5722    .text               c_p.l(sys_stackheap_outer.o)
    0x0800124a   0x0800124a   0x00000010   Code   RO         5725    .text               c_p.l(exit.o)
    0x0800125a   0x0800125a   0x0000005e   Code   RO         5739    .text               fz_ps.l(retnan.o)
    0x080012b8   0x080012b8   0x0000000c   Code   RO         5795    .text               c_p.l(sys_exit.o)
    0x080012c4   0x080012c4   0x00000002   Code   RO         5814    .text               c_p.l(use_no_semi.o)
    0x080012c6   0x080012c6   0x00000000   Code   RO         5816    .text               c_p.l(indicate_semi.o)
    0x080012c6   0x080012c6   0x00000056   Code   RO         5868    .text               c_p.l(__dczerorl2.o)
    0x0800131c   0x0800131c   0x00000050   Code   RO         3295    i.ADC1_COMP_IRQHandler  adc.o
    0x0800136c   0x0800136c   0x0000000c   Code   RO         3296    i.ADC_ChannelSet    adc.o
    0x08001378   0x08001378   0x00000018   Code   RO          144    i.ADC_Cmd           stm32f0xx_adc.o
    0x08001390   0x08001390   0x00000020   Code   RO          148    i.ADC_DeInit        stm32f0xx_adc.o
    0x080013b0   0x080013b0   0x0000003c   Code   RO          150    i.ADC_GetCalibrationFactor  stm32f0xx_adc.o
    0x080013ec   0x080013ec   0x00000030   Code   RO          152    i.ADC_GetFlagStatus  stm32f0xx_adc.o
    0x0800141c   0x0800141c   0x0000002c   Code   RO          155    i.ADC_Init          stm32f0xx_adc.o
    0x08001448   0x08001448   0x0000000a   Code   RO          158    i.ADC_StartOfConversion  stm32f0xx_adc.o
    0x08001452   0x08001452   0x0000000a   Code   RO          159    i.ADC_StopOfConversion  stm32f0xx_adc.o
    0x0800145c   0x0800145c   0x00000010   Code   RO          160    i.ADC_StructInit    stm32f0xx_adc.o
    0x0800146c   0x0800146c   0x00000090   Code   RO          890    i.GPIO_Init         stm32f0xx_gpio.o
    0x080014fc   0x080014fc   0x00000044   Code   RO          891    i.GPIO_PinAFConfig  stm32f0xx_gpio.o
    0x08001540   0x08001540   0x00000004   Code   RO         2903    i.HardFault_Handler  main.o
    0x08001544   0x08001544   0x00000058   Code   RO         3577    i.IIC_Ack           iic.o
    0x0800159c   0x0800159c   0x00000054   Code   RO         3578    i.IIC_NAck          iic.o
    0x080015f0   0x080015f0   0x00000074   Code   RO         3579    i.IIC_Read_Byte     iic.o
    0x08001664   0x08001664   0x00000080   Code   RO         3580    i.IIC_Send_Byte     iic.o
    0x080016e4   0x080016e4   0x0000004c   Code   RO         3581    i.IIC_Start         iic.o
    0x08001730   0x08001730   0x0000004c   Code   RO         3582    i.IIC_Stop          iic.o
    0x0800177c   0x0800177c   0x00000074   Code   RO         3583    i.IIC_Wait_Ack      iic.o
    0x080017f0   0x080017f0   0x00000010   Code   RO         1247    i.IWDG_Enable       stm32f0xx_iwdg.o
    0x08001800   0x08001800   0x00000010   Code   RO         1249    i.IWDG_ReloadCounter  stm32f0xx_iwdg.o
    0x08001810   0x08001810   0x0000000c   Code   RO         1250    i.IWDG_SetPrescaler  stm32f0xx_iwdg.o
    0x0800181c   0x0800181c   0x0000000c   Code   RO         1251    i.IWDG_SetReload    stm32f0xx_iwdg.o
    0x08001828   0x08001828   0x0000000c   Code   RO         1253    i.IWDG_WriteAccessCmd  stm32f0xx_iwdg.o
    0x08001834   0x08001834   0x00000078   Code   RO         3297    i.Init_Adc          adc.o
    0x080018ac   0x080018ac   0x00000024   Code   RO         3298    i.Init_Adc_Gpio     adc.o
    0x080018d0   0x080018d0   0x00000028   Code   RO         3184    i.Init_Delay        sys.o
    0x080018f8   0x080018f8   0x000000b0   Code   RO         3251    i.Init_Gpio         gpio.o
    0x080019a8   0x080019a8   0x00000034   Code   RO         3584    i.Init_IIC_Gpio     iic.o
    0x080019dc   0x080019dc   0x00000038   Code   RO         3185    i.Init_IWDG         sys.o
    0x08001a14   0x08001a14   0x00000008   Code   RO         3522    i.Init_M24C16       m24c16.o
    0x08001a1c   0x08001a1c   0x000000b0   Code   RO         3369    i.Init_Timer15      timer.o
    0x08001acc   0x08001acc   0x000000b8   Code   RO         3370    i.Init_Timer16      timer.o
    0x08001b84   0x08001b84   0x000000b8   Code   RO         3371    i.Init_Timer17      timer.o
    0x08001c3c   0x08001c3c   0x0000005c   Code   RO         3372    i.Init_Timer6       timer.o
    0x08001c98   0x08001c98   0x000000ac   Code   RO         3476    i.Init_Uart1        uart.o
    0x08001d44   0x08001d44   0x00000026   Code   RO         3523    i.M24C16_Read       m24c16.o
    0x08001d6a   0x08001d6a   0x00000056   Code   RO         3525    i.M24C16_ReadOneByte  m24c16.o
    0x08001dc0   0x08001dc0   0x00000028   Code   RO         3526    i.M24C16_Write      m24c16.o
    0x08001de8   0x08001de8   0x0000004e   Code   RO         3527    i.M24C16_WriteOneByte  m24c16.o
    0x08001e36   0x08001e36   0x00000002   PAD
    0x08001e38   0x08001e38   0x00000070   Code   RO         1303    i.NVIC_Init         stm32f0xx_misc.o
    0x08001ea8   0x08001ea8   0x00000078   Code   RO         3299    i.NVIC_SetPriority  adc.o
    0x08001f20   0x08001f20   0x00000020   Code   RO         1410    i.RCC_AHBPeriphClockCmd  stm32f0xx_rcc.o
    0x08001f40   0x08001f40   0x00000020   Code   RO         1412    i.RCC_APB1PeriphClockCmd  stm32f0xx_rcc.o
    0x08001f60   0x08001f60   0x00000020   Code   RO         1414    i.RCC_APB2PeriphClockCmd  stm32f0xx_rcc.o
    0x08001f80   0x08001f80   0x00000020   Code   RO         1415    i.RCC_APB2PeriphResetCmd  stm32f0xx_rcc.o
    0x08001fa0   0x08001fa0   0x00000170   Code   RO         1424    i.RCC_GetClocksFreq  stm32f0xx_rcc.o
    0x08002110   0x08002110   0x00000048   Code   RO         1425    i.RCC_GetFlagStatus  stm32f0xx_rcc.o
    0x08002158   0x08002158   0x00000024   Code   RO         1437    i.RCC_LSICmd        stm32f0xx_rcc.o
    0x0800217c   0x0800217c   0x0000001c   Code   RO         3300    i.R_ADC_Start       adc.o
    0x08002198   0x08002198   0x00000010   Code   RO         3301    i.R_ADC_Stop        adc.o
    0x080021a8   0x080021a8   0x0000003c   Code   RO         3373    i.R_TAU0_Channel4_Start  timer.o
    0x080021e4   0x080021e4   0x00000068   Code   RO         3374    i.R_TAU0_Channel4_Stop  timer.o
    0x0800224c   0x0800224c   0x0000003c   Code   RO         3375    i.R_TAU0_Channel6_Start  timer.o
    0x08002288   0x08002288   0x00000064   Code   RO         3376    i.R_TAU0_Channel6_Stop  timer.o
    0x080022ec   0x080022ec   0x0000001c   Code   RO         3477    i.R_UART0_Receive   uart.o
    0x08002308   0x08002308   0x00000040   Code   RO         3478    i.R_UART0_Send      uart.o
    0x08002348   0x08002348   0x00000008   Code   RO         3188    i.R_WDT_Restart     sys.o
    0x08002350   0x08002350   0x00000024   Code   RO         4107    i.SW_input_cancel   access_flash.o
    0x08002374   0x08002374   0x000000c0   Code   RO            4    i.SetSysClock_HSI   system_stm32f0xx.o
    0x08002434   0x08002434   0x00000024   Code   RO         1305    i.SysTick_CLKSourceConfig  stm32f0xx_misc.o
    0x08002458   0x08002458   0x0000007c   Code   RO            6    i.SystemInit        system_stm32f0xx.o
    0x080024d4   0x080024d4   0x00000038   Code   RO         2027    i.TI1_Config        stm32f0xx_tim.o
    0x0800250c   0x0800250c   0x0000004c   Code   RO         2028    i.TI2_Config        stm32f0xx_tim.o
    0x08002558   0x08002558   0x00000048   Code   RO         2029    i.TI3_Config        stm32f0xx_tim.o
    0x080025a0   0x080025a0   0x00000050   Code   RO         2030    i.TI4_Config        stm32f0xx_tim.o
    0x080025f0   0x080025f0   0x00000138   Code   RO         3377    i.TIM15_IRQHandler  timer.o
    0x08002728   0x08002728   0x00000028   Code   RO         3378    i.TIM16_IRQHandler  timer.o
    0x08002750   0x08002750   0x00000028   Code   RO         3379    i.TIM17_IRQHandler  timer.o
    0x08002778   0x08002778   0x00000040   Code   RO         3380    i.TIM6_DAC_IRQHandler  timer.o
    0x080027b8   0x080027b8   0x0000001c   Code   RO         2031    i.TIM_ARRPreloadConfig  stm32f0xx_tim.o
    0x080027d4   0x080027d4   0x00000006   Code   RO         2037    i.TIM_ClearFlag     stm32f0xx_tim.o
    0x080027da   0x080027da   0x00000006   Code   RO         2038    i.TIM_ClearITPendingBit  stm32f0xx_tim.o
    0x080027e0   0x080027e0   0x0000001c   Code   RO         2043    i.TIM_Cmd           stm32f0xx_tim.o
    0x080027fc   0x080027fc   0x00000022   Code   RO         2045    i.TIM_CtrlPWMOutputs  stm32f0xx_tim.o
    0x0800281e   0x0800281e   0x00000070   Code   RO         2066    i.TIM_ICInit        stm32f0xx_tim.o
    0x0800288e   0x0800288e   0x00000014   Code   RO         2068    i.TIM_ITConfig      stm32f0xx_tim.o
    0x080028a2   0x080028a2   0x00000002   PAD
    0x080028a4   0x080028a4   0x00000094   Code   RO         2072    i.TIM_OC1Init       stm32f0xx_tim.o
    0x08002938   0x08002938   0x00000004   Code   RO         2110    i.TIM_SetCounter    stm32f0xx_tim.o
    0x0800293c   0x0800293c   0x00000014   Code   RO         2111    i.TIM_SetIC1Prescaler  stm32f0xx_tim.o
    0x08002950   0x08002950   0x00000018   Code   RO         2112    i.TIM_SetIC2Prescaler  stm32f0xx_tim.o
    0x08002968   0x08002968   0x00000014   Code   RO         2113    i.TIM_SetIC3Prescaler  stm32f0xx_tim.o
    0x0800297c   0x0800297c   0x00000018   Code   RO         2114    i.TIM_SetIC4Prescaler  stm32f0xx_tim.o
    0x08002994   0x08002994   0x0000007c   Code   RO         2116    i.TIM_TimeBaseInit  stm32f0xx_tim.o
    0x08002a10   0x08002a10   0x00000098   Code   RO         3479    i.USART1_IRQHandler  uart.o
    0x08002aa8   0x08002aa8   0x00000004   Code   RO         2598    i.USART_ClearFlag   stm32f0xx_usart.o
    0x08002aac   0x08002aac   0x00000012   Code   RO         2599    i.USART_ClearITPendingBit  stm32f0xx_usart.o
    0x08002abe   0x08002abe   0x00000018   Code   RO         2602    i.USART_Cmd         stm32f0xx_usart.o
    0x08002ad6   0x08002ad6   0x00000042   Code   RO         2613    i.USART_ITConfig    stm32f0xx_usart.o
    0x08002b18   0x08002b18   0x000000d8   Code   RO         2614    i.USART_Init        stm32f0xx_usart.o
    0x08002bf0   0x08002bf0   0x0000001c   Code   RO         3106    i.__ARM_common_switch8  main.o
    0x08002c0c   0x08002c0c   0x0000000c   Code   RO         3940    i.a_u1g_data_exchange0_word_to_byte  a_deta_exchange.o
    0x08002c18   0x08002c18   0x00000012   Code   RO         3941    i.a_u1g_data_exchange1_word_to_byte  a_deta_exchange.o
    0x08002c2a   0x08002c2a   0x00000002   PAD
    0x08002c2c   0x08002c2c   0x000000dc   Code   RO         3942    i.a_u2g_close_AD_exchange_to_Nm  a_deta_exchange.o
    0x08002d08   0x08002d08   0x000000a4   Code   RO         3943    i.a_u2g_close_Nm_exchange_to_AD  a_deta_exchange.o
    0x08002dac   0x08002dac   0x00000040   Code   RO         3945    i.a_u2g_pulse_exchange_to_rotation  a_deta_exchange.o
    0x08002dec   0x08002dec   0x00000028   Code   RO         3994    i.a_u2l_p_check     a_lock_mode.o
    0x08002e14   0x08002e14   0x0000023c   Code   RO         3995    i.a_vog_check_lock_position  a_lock_mode.o
    0x08003050   0x08003050   0x0000001c   Code   RO         2904    i.a_vog_error_status_store  main.o
    0x0800306c   0x0800306c   0x00000094   Code   RO         3996    i.a_vog_lock_cnt_poutput  a_lock_mode.o
    0x08003100   0x08003100   0x00000038   Code   RO         3997    i.a_vog_lock_cnt_toutput  a_lock_mode.o
    0x08003138   0x08003138   0x00000038   Code   RO         3998    i.a_vog_lock_mode_main  a_lock_mode.o
    0x08003170   0x08003170   0x00000044   Code   RO         3999    i.a_vog_lock_reset_5timesstop  a_lock_mode.o
    0x080031b4   0x080031b4   0x00000064   Code   RO         4000    i.a_vog_lock_restart_output  a_lock_mode.o
    0x08003218   0x08003218   0x00000020   Code   RO         4001    i.a_vog_lock_set_5timesstop  a_lock_mode.o
    0x08003238   0x08003238   0x000000d0   Code   RO         4002    i.a_vog_lock_set_6minstop  a_lock_mode.o
    0x08003308   0x08003308   0x000000b0   Code   RO         4003    i.a_vog_lock_set_delayend  a_lock_mode.o
    0x080033b8   0x080033b8   0x00000070   Code   RO         4004    i.a_vog_lock_set_offshortbreak  a_lock_mode.o
    0x08003428   0x08003428   0x0000011c   Code   RO         4005    i.a_vog_lock_set_on_shortbreak  a_lock_mode.o
    0x08003544   0x08003544   0x00000034   Code   RO         4006    i.a_vog_lock_set_swoff_stop  a_lock_mode.o
    0x08003578   0x08003578   0x00000120   Code   RO         4007    i.a_vog_lock_setf_lock_suspend  a_lock_mode.o
    0x08003698   0x08003698   0x00000034   Code   RO         4008    i.a_vog_select_max_duty_mode  a_lock_mode.o
    0x080036cc   0x080036cc   0x0000006c   Code   RO         5497    i.a_vog_trqajst_dataset  trq_adjust_trqchange.o
    0x08003738   0x08003738   0x0000009c   Code   RO         5498    i.a_vog_trqajst_trqinitial  trq_adjust_trqchange.o
    0x080037d4   0x080037d4   0x000002a8   Code   RO         5414    i.a_vol_check_f_signal_rank_high  select_signal.o
    0x08003a7c   0x08003a7c   0x00000244   Code   RO         5415    i.a_vol_check_f_signal_rank_highest  select_signal.o
    0x08003cc0   0x08003cc0   0x00000002   Code   RO         5416    i.a_vol_check_f_signal_rank_low  select_signal.o
    0x08003cc2   0x08003cc2   0x00000002   PAD
    0x08003cc4   0x08003cc4   0x000004d0   Code   RO         5417    i.a_vol_check_f_signal_rank_lower  select_signal.o
    0x08004194   0x08004194   0x000000d8   Code   RO         4401    i.a_vol_check_fullclose_learncondition_100  call_mode_process.o
    0x0800426c   0x0800426c   0x00000058   Code   RO         4402    i.a_vol_check_learn_condition_at_102  call_mode_process.o
    0x080042c4   0x080042c4   0x0000002c   Code   RO         4403    i.a_vol_check_position_128  call_mode_process.o
    0x080042f0   0x080042f0   0x0000007c   Code   RO         4404    i.a_vol_check_position_130  call_mode_process.o
    0x0800436c   0x0800436c   0x0000002c   Code   RO         4405    i.a_vol_check_position_199  call_mode_process.o
    0x08004398   0x08004398   0x00000050   Code   RO         4406    i.a_vol_check_stop_102  call_mode_process.o
    0x080043e8   0x080043e8   0x0000003c   Code   RO         4407    i.a_vol_check_stop_180_183  call_mode_process.o
    0x08004424   0x08004424   0x000000c0   Code   RO         2905    i.a_vol_clear_reset_command  main.o
    0x080044e4   0x080044e4   0x00000020   Code   RO         2906    i.a_vol_clear_upper_limit  main.o
    0x08004504   0x08004504   0x00000060   Code   RO         5418    i.a_vol_f_set_overload  select_signal.o
    0x08004564   0x08004564   0x0000005c   Code   RO         4009    i.a_vol_lock_set_thresh_pout  a_lock_mode.o
    0x080045c0   0x080045c0   0x00000038   Code   RO         4010    i.a_vol_lock_store_maxload  a_lock_mode.o
    0x080045f8   0x080045f8   0x00000044   Code   RO         2907    i.a_vol_motor_huka_setting  main.o
    0x0800463c   0x0800463c   0x000000f0   Code   RO         2908    i.a_vol_reset_upper_limit  main.o
    0x0800472c   0x0800472c   0x00000088   Code   RO         5419    i.a_vol_set_error_data  select_signal.o
    0x080047b4   0x080047b4   0x0000016c   Code   RO         5115    i.ad_correct        overload.o
    0x08004920   0x08004920   0x00000020   Code   RO         5116    i.ad_data_full_buffer  overload.o
    0x08004940   0x08004940   0x00000008   Code   RO         5117    i.ad_hosei          overload.o
    0x08004948   0x08004948   0x00000018   Code   RO         5118    i.ad_operate_main   overload.o
    0x08004960   0x08004960   0x000000b0   Code   RO         5119    i.ad_port_select    overload.o
    0x08004a10   0x08004a10   0x00000080   Code   RO         5120    i.ad_start_set      overload.o
    0x08004a90   0x08004a90   0x00000018   Code   RO         5122    i.adopt_data_num_set  overload.o
    0x08004aa8   0x08004aa8   0x00000188   Code   RO         5123    i.after_learn_k     overload.o
    0x08004c30   0x08004c30   0x00000034   Code   RO         4195    i.anjou_test_initial  anjou_test.o
    0x08004c64   0x08004c64   0x00000060   Code   RO         4196    i.anjou_test_signal  anjou_test.o
    0x08004cc4   0x08004cc4   0x00000064   Code   RO         5124    i.bad_data_del      overload.o
    0x08004d28   0x08004d28   0x000000f4   Code   RO         5125    i.bousou_check      overload.o
    0x08004e1c   0x08004e1c   0x00000084   Code   RO         5530    i.break_off_pwm_restart  tst_break.o
    0x08004ea0   0x08004ea0   0x00000038   Code   RO         4974    i.break_port_set    motion_command.o
    0x08004ed8   0x08004ed8   0x0000006c   Code   RO         5531    i.break_step0_to_1  tst_break.o
    0x08004f44   0x08004f44   0x000000b0   Code   RO         5126    i.calcu_std_huka    overload.o
    0x08004ff4   0x08004ff4   0x0000003c   Code   RO         5127    i.calculate_error   overload.o
    0x08005030   0x08005030   0x00000234   Code   RO         4408    i.call_mode_process  call_mode_process.o
    0x08005264   0x08005264   0x0000000c   Code   RO         4197    i.cansel_torque_tester_mode  anjou_test.o
    0x08005270   0x08005270   0x00000090   Code   RO         5128    i.capture_ad_start  overload.o
    0x08005300   0x08005300   0x00000028   Code   RO         4592    i.change_pulse_width_to_rpm  encoder.o
    0x08005328   0x08005328   0x0000003c   Code   RO         4198    i.change_tester_mode  anjou_test.o
    0x08005364   0x08005364   0x00000044   Code   RO         4593    i.check_abnormal_pulse  encoder.o
    0x080053a8   0x080053a8   0x00000070   Code   RO         5129    i.check_ad_error_stop  overload.o
    0x08005418   0x08005418   0x00000060   Code   RO         4799    i.check_any_key_input  key_input.o
    0x08005478   0x08005478   0x00000028   Code   RO         2909    i.check_break_enable_time  main.o
    0x080054a0   0x080054a0   0x00000060   Code   RO         5532    i.check_break_step_change  tst_break.o
    0x08005500   0x08005500   0x00000064   Code   RO         2910    i.check_break_stop  main.o
    0x08005564   0x08005564   0x0000006c   Code   RO         2911    i.check_check_sum   main.o
    0x080055d0   0x080055d0   0x000000ec   Code   RO         2912    i.check_count_reset  main.o
    0x080056bc   0x080056bc   0x00000028   Code   RO         4199    i.check_denki_test_exec  anjou_test.o
    0x080056e4   0x080056e4   0x0000003c   Code   RO         5533    i.check_encoder_duty_stop_cancel  tst_break.o
    0x08005720   0x08005720   0x00000130   Code   RO         3639    i.check_err_record  comm_uart.o
    0x08005850   0x08005850   0x0000003c   Code   RO         3640    i.check_error       comm_uart.o
    0x0800588c   0x0800588c   0x00000064   Code   RO         3641    i.check_error_change  comm_uart.o
    0x080058f0   0x080058f0   0x00000054   Code   RO         2913    i.check_error_clear  main.o
    0x08005944   0x08005944   0x00000044   Code   RO         4108    i.check_flash_learndata  access_flash.o
    0x08005988   0x08005988   0x0000004c   Code   RO         4109    i.check_flash_task  access_flash.o
    0x080059d4   0x080059d4   0x00000150   Code   RO         5130    i.check_huka        overload.o
    0x08005b24   0x08005b24   0x00000060   Code   RO         2914    i.check_jougen_count_clear  main.o
    0x08005b84   0x08005b84   0x00000070   Code   RO         2915    i.check_kamen_total  main.o
    0x08005bf4   0x08005bf4   0x0000007c   Code   RO         2916    i.check_open_learn_error  main.o
    0x08005c70   0x08005c70   0x00000098   Code   RO         4409    i.check_open_learn_huka  call_mode_process.o
    0x08005d08   0x08005d08   0x00000080   Code   RO         2917    i.check_power_on_rireki  main.o
    0x08005d88   0x08005d88   0x00000018   Code   RO         4800    i.check_power_start_sw  key_input.o
    0x08005da0   0x08005da0   0x00000344   Code   RO         2918    i.check_pulse_event  main.o
    0x080060e4   0x080060e4   0x00000040   Code   RO         3642    i.check_shutter_move  comm_uart.o
    0x08006124   0x08006124   0x0000003c   Code   RO         2919    i.check_size_check_sum  main.o
    0x08006160   0x08006160   0x00000038   Code   RO         3901    i.check_sol_short_error  a_control_sol.o
    0x08006198   0x08006198   0x0000008c   Code   RO         5534    i.check_stop_pulse  tst_break.o
    0x08006224   0x08006224   0x000000ac   Code   RO         4801    i.check_sw_reset    key_input.o
    0x080062d0   0x080062d0   0x00000060   Code   RO         4802    i.check_sw_stop_tr  key_input.o
    0x08006330   0x08006330   0x0000014c   Code   RO         5535    i.check_t_break_main  tst_break.o
    0x0800647c   0x0800647c   0x000000c4   Code   RO         5131    i.check_temp_error  overload.o
    0x08006540   0x08006540   0x0000002c   Code   RO         4200    i.check_test_mode_change  anjou_test.o
    0x0800656c   0x0800656c   0x00000098   Code   RO         4201    i.check_test_mode_stop_in_wait  anjou_test.o
    0x08006604   0x08006604   0x000000f8   Code   RO         4202    i.check_torque_adjust  anjou_test.o
    0x080066fc   0x080066fc   0x00000048   Code   RO         4203    i.check_torque_test_exec  anjou_test.o
    0x08006744   0x08006744   0x00000054   Code   RO         2920    i.check_uart_error  main.o
    0x08006798   0x08006798   0x00000050   Code   RO         3643    i.check_uart_retry  comm_uart.o
    0x080067e8   0x080067e8   0x0000005c   Code   RO         3644    i.check_uart_rx     comm_uart.o
    0x08006844   0x08006844   0x0000003c   Code   RO         2921    i.check_unknown_posi_error  main.o
    0x08006880   0x08006880   0x0000009c   Code   RO         3645    i.check_update_trns  comm_uart.o
    0x0800691c   0x0800691c   0x000000fc   Code   RO         5132    i.check_ver_error   overload.o
    0x08006a18   0x08006a18   0x00000094   Code   RO         5420    i.clear_all_event_flags  select_signal.o
    0x08006aac   0x08006aac   0x000001b8   Code   RO         5133    i.close_block_ope   overload.o
    0x08006c64   0x08006c64   0x0000003c   Code   RO         4975    i.close_end_port_set  motion_command.o
    0x08006ca0   0x08006ca0   0x00000124   Code   RO         2922    i.close_huka_data_set  main.o
    0x08006dc4   0x08006dc4   0x0000002c   Code   RO         4410    i.close_kei_set     call_mode_process.o
    0x08006df0   0x08006df0   0x0000003c   Code   RO         4976    i.close_port_set    motion_command.o
    0x08006e2c   0x08006e2c   0x0000003c   Code   RO         4977    i.close_startup_port_set  motion_command.o
    0x08006e68   0x08006e68   0x000001d4   Code   RO         3646    i.comm_uart         comm_uart.o
    0x0800703c   0x0800703c   0x00000290   Code   RO         3647    i.comm_uart_fact    comm_uart.o
    0x080072cc   0x080072cc   0x00000094   Code   RO         5134    i.cul_bad_data_del  overload.o
    0x08007360   0x08007360   0x00000050   Code   RO         5135    i.curr_lev_de       overload.o
    0x080073b0   0x080073b0   0x000000a8   Code   RO         4411    i.current_mode_0_9  call_mode_process.o
    0x08007458   0x08007458   0x000000d0   Code   RO         4412    i.current_mode_100_109  call_mode_process.o
    0x08007528   0x08007528   0x00000070   Code   RO         4413    i.current_mode_10_19  call_mode_process.o
    0x08007598   0x08007598   0x0000005c   Code   RO         4414    i.current_mode_110_119  call_mode_process.o
    0x080075f4   0x080075f4   0x00000078   Code   RO         4415    i.current_mode_120_159  call_mode_process.o
    0x0800766c   0x0800766c   0x000000a8   Code   RO         4416    i.current_mode_160_169  call_mode_process.o
    0x08007714   0x08007714   0x00000060   Code   RO         4417    i.current_mode_170_179  call_mode_process.o
    0x08007774   0x08007774   0x00000084   Code   RO         4418    i.current_mode_180_189  call_mode_process.o
    0x080077f8   0x080077f8   0x00000090   Code   RO         4419    i.current_mode_190_255  call_mode_process.o
    0x08007888   0x08007888   0x000000b8   Code   RO         4420    i.current_mode_20_99  call_mode_process.o
    0x08007940   0x08007940   0x000000d0   Code   RO         2924    i.data_ram_set      main.o
    0x08007a10   0x08007a10   0x00000040   Code   RO         4110    i.data_read_flashmemory_h_size  access_flash.o
    0x08007a50   0x08007a50   0x00000050   Code   RO         3189    i.delay_ms          sys.o
    0x08007aa0   0x08007aa0   0x00000050   Code   RO         3190    i.delay_us          sys.o
    0x08007af0   0x08007af0   0x00000024   Code   RO         4204    i.denki_test_100v_wait  anjou_test.o
    0x08007b14   0x08007b14   0x00000030   Code   RO         4205    i.denki_test_close_stop_wait  anjou_test.o
    0x08007b44   0x08007b44   0x00000054   Code   RO         4206    i.denki_test_close_vib_check  anjou_test.o
    0x08007b98   0x08007b98   0x00000050   Code   RO         4207    i.denki_test_encoder_check  anjou_test.o
    0x08007be8   0x08007be8   0x00000030   Code   RO         4208    i.denki_test_learn_check  anjou_test.o
    0x08007c18   0x08007c18   0x00000020   Code   RO         4209    i.denki_test_learn_stop  anjou_test.o
    0x08007c38   0x08007c38   0x00000030   Code   RO         4210    i.denki_test_open_stop_wait  anjou_test.o
    0x08007c68   0x08007c68   0x00000054   Code   RO         4211    i.denki_test_open_vib_check  anjou_test.o
    0x08007cbc   0x08007cbc   0x0000003c   Code   RO         4212    i.denki_test_power_check_wait  anjou_test.o
    0x08007cf8   0x08007cf8   0x00000040   Code   RO         4213    i.denki_test_signal_ans_wait  anjou_test.o
    0x08007d38   0x08007d38   0x00000058   Code   RO         4214    i.denki_test_signal_wait  anjou_test.o
    0x08007d90   0x08007d90   0x00000040   Code   RO         4215    i.denki_test_start  anjou_test.o
    0x08007dd0   0x08007dd0   0x00000098   Code   RO         4216    i.denki_tester_mode  anjou_test.o
    0x08007e68   0x08007e68   0x00000048   Code   RO         4713    i.ecu_setup         ecu_test.o
    0x08007eb0   0x08007eb0   0x000000b8   Code   RO         4714    i.ecu_test_check    ecu_test.o
    0x08007f68   0x08007f68   0x000000d4   Code   RO         4715    i.ecu_test_main     ecu_test.o
    0x0800803c   0x0800803c   0x0000013c   Code   RO         2925    i.error_ope_main    main.o
    0x08008178   0x08008178   0x000000d0   Code   RO         5536    i.get_break_data    tst_break.o
    0x08008248   0x08008248   0x0000000c   Code   RO         4716    i.get_ecu_test_state  ecu_test.o
    0x08008254   0x08008254   0x00000024   Code   RO         5136    i.get_max_close_learn_data  overload.o
    0x08008278   0x08008278   0x0000002c   Code   RO         3842    i.get_storage_data  storage.o
    0x080082a4   0x080082a4   0x00000084   Code   RO         2926    i.h_size_m_ck       main.o
    0x08008328   0x08008328   0x000000d8   Code   RO         5137    i.hosei_culc_temp   overload.o
    0x08008400   0x08008400   0x00000104   Code   RO         5138    i.hosei_culc_ver    overload.o
    0x08008504   0x08008504   0x0000008c   Code   RO         5139    i.hosei_main        overload.o
    0x08008590   0x08008590   0x00000094   Code   RO         5140    i.huka_count_jump   overload.o
    0x08008624   0x08008624   0x000000ac   Code   RO         5141    i.huka_lev_ver      overload.o
    0x080086d0   0x080086d0   0x000000c0   Code   RO         3648    i.i_serial_uart_rx_end  comm_uart.o
    0x08008790   0x08008790   0x000000a0   Code   RO         3651    i.i_serial_uart_tx_end  comm_uart.o
    0x08008830   0x08008830   0x00000080   Code   RO         4767    i.initial_huka      initial.o
    0x080088b0   0x080088b0   0x00000128   Code   RO         4594    i.int_input_encoder  encoder.o
    0x080089d8   0x080089d8   0x000001d8   Code   RO         3382    i.int_system_timer  timer.o
    0x08008bb0   0x08008bb0   0x00000024   Code   RO         4595    i.kagen_reset       encoder.o
    0x08008bd4   0x08008bd4   0x000002a4   Code   RO         4803    i.key_f_set         key_input.o
    0x08008e78   0x08008e78   0x0000010c   Code   RO         5142    i.learn_data_make   overload.o
    0x08008f84   0x08008f84   0x00000120   Code   RO         5143    i.learn_data_set    overload.o
    0x080090a4   0x080090a4   0x00000168   Code   RO         4804    i.learn_fullclose_position  key_input.o
    0x0800920c   0x0800920c   0x000000f4   Code   RO         5144    i.learn_get_data    overload.o
    0x08009300   0x08009300   0x0000003c   Code   RO         2927    i.main              main.o
    0x0800933c   0x0800933c   0x00000164   Code   RO         2928    i.main_loop         main.o
    0x080094a0   0x080094a0   0x0000002c   Code   RO         4111    i.make_check_sum    access_flash.o
    0x080094cc   0x080094cc   0x00000040   Code   RO         5145    i.make_section      overload.o
    0x0800950c   0x0800950c   0x00000044   Code   RO         4112    i.make_size_check_sum  access_flash.o
    0x08009550   0x08009550   0x00000070   Code   RO         5146    i.make_std_learn    overload.o
    0x080095c0   0x080095c0   0x000001c0   Code   RO         4881    i.mode_close_u      mode_process.o
    0x08009780   0x08009780   0x000001c0   Code   RO         4882    i.mode_open_u       mode_process.o
    0x08009940   0x08009940   0x000001a0   Code   RO         4883    i.mode_osikiri_close  mode_process.o
    0x08009ae0   0x08009ae0   0x000001a0   Code   RO         4884    i.mode_osikiri_open  mode_process.o
    0x08009c80   0x08009c80   0x000000bc   Code   RO         4885    i.mode_shortbreak   mode_process.o
    0x08009d3c   0x08009d3c   0x0000018c   Code   RO         4886    i.mode_stop         mode_process.o
    0x08009ec8   0x08009ec8   0x000000cc   Code   RO         4887    i.mode_wait_lock    mode_process.o
    0x08009f94   0x08009f94   0x00000104   Code   RO         4978    i.motion_break      motion_command.o
    0x0800a098   0x0800a098   0x0000005c   Code   RO         4979    i.motion_close      motion_command.o
    0x0800a0f4   0x0800a0f4   0x0000006c   Code   RO         4980    i.motion_close_startup  motion_command.o
    0x0800a160   0x0800a160   0x0000005c   Code   RO         4981    i.motion_open       motion_command.o
    0x0800a1bc   0x0800a1bc   0x0000006c   Code   RO         4982    i.motion_open_startup  motion_command.o
    0x0800a228   0x0800a228   0x0000005c   Code   RO         4983    i.motion_shortbreak  motion_command.o
    0x0800a284   0x0800a284   0x0000005c   Code   RO         4984    i.motion_soft_close  motion_command.o
    0x0800a2e0   0x0800a2e0   0x0000005c   Code   RO         4985    i.motion_soft_open  motion_command.o
    0x0800a33c   0x0800a33c   0x00000068   Code   RO         4986    i.motion_stop       motion_command.o
    0x0800a3a4   0x0800a3a4   0x00000070   Code   RO         4596    i.move_num_cont     encoder.o
    0x0800a414   0x0800a414   0x00000184   Code   RO         4597    i.no_direct_p_in    encoder.o
    0x0800a598   0x0800a598   0x00000090   Code   RO         4598    i.ope_add_p_c       encoder.o
    0x0800a628   0x0800a628   0x00000040   Code   RO         5421    i.ope_key_stop      select_signal.o
    0x0800a668   0x0800a668   0x00000044   Code   RO         4599    i.ope_pulse_count_main  encoder.o
    0x0800a6ac   0x0800a6ac   0x00000074   Code   RO         4600    i.ope_redu_p_c      encoder.o
    0x0800a720   0x0800a720   0x000001b4   Code   RO         5147    i.open_block_no_learn_ope  overload.o
    0x0800a8d4   0x0800a8d4   0x000001dc   Code   RO         5148    i.open_block_ope    overload.o
    0x0800aab0   0x0800aab0   0x0000003c   Code   RO         4987    i.open_end_port_set  motion_command.o
    0x0800aaec   0x0800aaec   0x000000f4   Code   RO         2929    i.open_huka_data_set  main.o
    0x0800abe0   0x0800abe0   0x00000038   Code   RO         4421    i.open_kei_set      call_mode_process.o
    0x0800ac18   0x0800ac18   0x0000003c   Code   RO         4988    i.open_port_set     motion_command.o
    0x0800ac54   0x0800ac54   0x0000003c   Code   RO         4989    i.open_startup_port_set  motion_command.o
    0x0800ac90   0x0800ac90   0x000000c8   Code   RO         4805    i.osikiri_reset     key_input.o
    0x0800ad58   0x0800ad58   0x00000190   Code   RO         2930    i.output_main       main.o
    0x0800aee8   0x0800aee8   0x000000c8   Code   RO         4601    i.p_in_motor_stop   encoder.o
    0x0800afb0   0x0800afb0   0x000001b4   Code   RO         5149    i.plus_a_cal        overload.o
    0x0800b164   0x0800b164   0x000000ac   Code   RO         5150    i.plus_a_cal_open   overload.o
    0x0800b210   0x0800b210   0x000001b8   Code   RO         4602    i.plus_operate_main  encoder.o
    0x0800b3c8   0x0800b3c8   0x000000b4   Code   RO         4717    i.port_in_count     ecu_test.o
    0x0800b47c   0x0800b47c   0x00000044   Code   RO         4718    i.port_input_check  ecu_test.o
    0x0800b4c0   0x0800b4c0   0x000000a0   Code   RO         4719    i.port_off_count    ecu_test.o
    0x0800b560   0x0800b560   0x0000004c   Code   RO         4422    i.process_close_u   call_mode_process.o
    0x0800b5ac   0x0800b5ac   0x00000080   Code   RO         2931    i.process_key_3sw   main.o
    0x0800b62c   0x0800b62c   0x00000058   Code   RO         4423    i.process_open_u    call_mode_process.o
    0x0800b684   0x0800b684   0x00000038   Code   RO         4424    i.process_osikiri_close  call_mode_process.o
    0x0800b6bc   0x0800b6bc   0x00000040   Code   RO         4425    i.process_osikiri_open  call_mode_process.o
    0x0800b6fc   0x0800b6fc   0x00000014   Code   RO         4426    i.process_ready_open  call_mode_process.o
    0x0800b710   0x0800b710   0x00000014   Code   RO         4427    i.process_short_open  call_mode_process.o
    0x0800b724   0x0800b724   0x0000002c   Code   RO         4428    i.process_shortbreak  call_mode_process.o
    0x0800b750   0x0800b750   0x00000034   Code   RO         4429    i.process_stop      call_mode_process.o
    0x0800b784   0x0800b784   0x00000034   Code   RO         4430    i.process_stop_lock  call_mode_process.o
    0x0800b7b8   0x0800b7b8   0x00000030   Code   RO         4603    i.pulse_in_operation  encoder.o
    0x0800b7e8   0x0800b7e8   0x000000b8   Code   RO         4604    i.pulse_interval_check  encoder.o
    0x0800b8a0   0x0800b8a0   0x00000034   Code   RO         5537    i.pwm_break_time    tst_break.o
    0x0800b8d4   0x0800b8d4   0x00000040   Code   RO         5538    i.pwm_off_break_max_setting  tst_break.o
    0x0800b914   0x0800b914   0x00000038   Code   RO         5539    i.pwm_off_break_off_setting  tst_break.o
    0x0800b94c   0x0800b94c   0x00000040   Code   RO         5540    i.pwm_off_break_on_setting  tst_break.o
    0x0800b98c   0x0800b98c   0x00000024   Code   RO         5541    i.pwm_on_break_off_setting  tst_break.o
    0x0800b9b0   0x0800b9b0   0x00000034   Code   RO         3843    i.read_storage_all  storage.o
    0x0800b9e4   0x0800b9e4   0x00000080   Code   RO         4217    i.ready_torque_tester_mode  anjou_test.o
    0x0800ba64   0x0800ba64   0x00000150   Code   RO         4113    i.ready_write_data  access_flash.o
    0x0800bbb4   0x0800bbb4   0x0000001c   Code   RO         3652    i.reserve_uart_trns  comm_uart.o
    0x0800bbd0   0x0800bbd0   0x00000054   Code   RO         4114    i.reset_flash_learndata  access_flash.o
    0x0800bc24   0x0800bc24   0x000000b4   Code   RO         5151    i.reset_learn_data  overload.o
    0x0800bcd8   0x0800bcd8   0x00000014   Code   RO         3383    i.reset_system_timer  timer.o
    0x0800bcec   0x0800bcec   0x0000003c   Code   RO         4115    i.rest_ready_write_data  access_flash.o
    0x0800bd28   0x0800bd28   0x00000004   Code   RO         4768    i.rest_startup      initial.o
    0x0800bd2c   0x0800bd2c   0x00000030   Code   RO         2932    i.ret_set           main.o
    0x0800bd5c   0x0800bd5c   0x00000048   Code   RO         3303    i.select_ad_class   adc.o
    0x0800bda4   0x0800bda4   0x00000098   Code   RO         5152    i.select_learn_max_data  overload.o
    0x0800be3c   0x0800be3c   0x00000108   Code   RO         5394    i.select_mode       select_mode.o
    0x0800bf44   0x0800bf44   0x0000004c   Code   RO         5422    i.select_signal     select_signal.o
    0x0800bf90   0x0800bf90   0x00000038   Code   RO         4888    i.select_step_close  mode_process.o
    0x0800bfc8   0x0800bfc8   0x00000034   Code   RO         4889    i.select_step_open  mode_process.o
    0x0800bffc   0x0800bffc   0x00000038   Code   RO         4890    i.select_step_osikiri_close  mode_process.o
    0x0800c034   0x0800c034   0x00000034   Code   RO         4891    i.select_step_osikiri_open  mode_process.o
    0x0800c068   0x0800c068   0x00000014   Code   RO         4892    i.select_step_stop  mode_process.o
    0x0800c07c   0x0800c07c   0x0000002c   Code   RO         5153    i.seprate_block     overload.o
    0x0800c0a8   0x0800c0a8   0x000000ec   Code   RO         2933    i.set_20_rireki_data  main.o
    0x0800c194   0x0800c194   0x00000068   Code   RO         4431    i.set_close_huka    call_mode_process.o
    0x0800c1fc   0x0800c1fc   0x000000b0   Code   RO         4605    i.set_d_pwm         encoder.o
    0x0800c2ac   0x0800c2ac   0x00000024   Code   RO         3653    i.set_err_record    comm_uart.o
    0x0800c2d0   0x0800c2d0   0x0000006c   Code   RO         5154    i.set_error_open_learn_data  overload.o
    0x0800c33c   0x0800c33c   0x0000008c   Code   RO         2934    i.set_ope_state_f   main.o
    0x0800c3c8   0x0800c3c8   0x00000068   Code   RO         4606    i.set_pwm_d         encoder.o
    0x0800c430   0x0800c430   0x0000003c   Code   RO         2935    i.set_pwm_limit_filter  main.o
    0x0800c46c   0x0800c46c   0x0000003c   Code   RO         3844    i.set_storage_data  storage.o
    0x0800c4a8   0x0800c4a8   0x00000020   Code   RO         3845    i.set_strg_mem_command  storage.o
    0x0800c4c8   0x0800c4c8   0x000000d4   Code   RO         5155    i.sikiiti_hosei     overload.o
    0x0800c59c   0x0800c59c   0x0000003c   Code   RO         4990    i.soft_close_port_set  motion_command.o
    0x0800c5d8   0x0800c5d8   0x00000054   Code   RO         4011    i.soft_lock_error_rireki  a_lock_mode.o
    0x0800c62c   0x0800c62c   0x0000002c   Code   RO         2936    i.soft_lock_signal  main.o
    0x0800c658   0x0800c658   0x0000003c   Code   RO         4991    i.soft_open_port_set  motion_command.o
    0x0800c694   0x0800c694   0x00000064   Code   RO         4806    i.soft_reset_main   key_input.o
    0x0800c6f8   0x0800c6f8   0x0000004c   Code   RO         3902    i.sol_ope_main      a_control_sol.o
    0x0800c744   0x0800c744   0x00000128   Code   RO         3903    i.sol_out_process   a_control_sol.o
    0x0800c86c   0x0800c86c   0x0000004e   Code   RO         5156    i.sort_check_ad_data  overload.o
    0x0800c8ba   0x0800c8ba   0x00000002   PAD
    0x0800c8bc   0x0800c8bc   0x00000048   Code   RO         5670    i.sqrt              m_ps.l(sqrt.o)
    0x0800c904   0x0800c904   0x00000018   Code   RO         4607    i.state_output_ope  encoder.o
    0x0800c91c   0x0800c91c   0x00000038   Code   RO         4992    i.stop_port_set     motion_command.o
    0x0800c954   0x0800c954   0x0000000e   Code   RO         3846    i.storage_init      storage.o
    0x0800c962   0x0800c962   0x00000002   PAD
    0x0800c964   0x0800c964   0x0000059c   Code   RO         3847    i.storage_memory_handler  storage.o
    0x0800cf00   0x0800cf00   0x00000020   Code   RO         3848    i.store_storage_data  storage.o
    0x0800cf20   0x0800cf20   0x0000007c   Code   RO         4807    i.sw_all_off_ope    key_input.o
    0x0800cf9c   0x0800cf9c   0x000000b4   Code   RO         4808    i.sw_in_count       key_input.o
    0x0800d050   0x0800d050   0x00000018   Code   RO         4608    i.sw_in_end         encoder.o
    0x0800d068   0x0800d068   0x00000080   Code   RO         4809    i.sw_input_check    key_input.o
    0x0800d0e8   0x0800d0e8   0x00000100   Code   RO         4810    i.sw_off_count      key_input.o
    0x0800d1e8   0x0800d1e8   0x00000184   Code   RO         5542    i.t_break_on        tst_break.o
    0x0800d36c   0x0800d36c   0x00000054   Code   RO         5543    i.t_flag_all_clear  tst_break.o
    0x0800d3c0   0x0800d3c0   0x000000ec   Code   RO         5157    i.thermal_check     overload.o
    0x0800d4ac   0x0800d4ac   0x00000078   Code   RO         4218    i.torque_tester_mode  anjou_test.o
    0x0800d524   0x0800d524   0x000000a4   Code   RO         4219    i.torque_tester_release_elec  anjou_test.o
    0x0800d5c8   0x0800d5c8   0x00000048   Code   RO         4220    i.trq_test_100v_wait  anjou_test.o
    0x0800d610   0x0800d610   0x00000034   Code   RO         4221    i.trq_test_close_kahuka_wait  anjou_test.o
    0x0800d644   0x0800d644   0x00000064   Code   RO         4222    i.trq_test_close_trq_adjust  anjou_test.o
    0x0800d6a8   0x0800d6a8   0x00000038   Code   RO         4223    i.trq_test_module_connect  anjou_test.o
    0x0800d6e0   0x0800d6e0   0x0000004c   Code   RO         4224    i.trq_test_open_kahuka_wait  anjou_test.o
    0x0800d72c   0x0800d72c   0x00000060   Code   RO         4225    i.trq_test_open_trq_adjust  anjou_test.o
    0x0800d78c   0x0800d78c   0x00000064   Code   RO         4226    i.trq_test_pulse_in_wait  anjou_test.o
    0x0800d7f0   0x0800d7f0   0x00000044   Code   RO         4227    i.trq_test_rev_trq_wait  anjou_test.o
    0x0800d834   0x0800d834   0x00000054   Code   RO         4228    i.trq_test_start    anjou_test.o
    0x0800d888   0x0800d888   0x00000070   Code   RO         4229    i.trq_test_ver_down_wait  anjou_test.o
    0x0800d8f8   0x0800d8f8   0x00000070   Code   RO         4230    i.trq_test_ver_up_wait  anjou_test.o
    0x0800d968   0x0800d968   0x00000084   Code   RO         3654    i.uart_check_key    comm_uart.o
    0x0800d9ec   0x0800d9ec   0x00000018   Code   RO         3655    i.uart_clear_rx_buf  comm_uart.o
    0x0800da04   0x0800da04   0x00000010   Code   RO         3656    i.uart_clear_tx_ans  comm_uart.o
    0x0800da14   0x0800da14   0x0000000c   Code   RO         3657    i.uart_fact_elec_test  comm_uart.o
    0x0800da20   0x0800da20   0x0000002c   Code   RO         3658    i.uart_fact_set_tx  comm_uart.o
    0x0800da4c   0x0800da4c   0x0000000c   Code   RO         3659    i.uart_fact_trq_test  comm_uart.o
    0x0800da58   0x0800da58   0x00000094   Code   RO         3660    i.uart_fact_wait_connect  comm_uart.o
    0x0800daec   0x0800daec   0x0000001c   Code   RO         3661    i.uart_fact_wait_trans_end  comm_uart.o
    0x0800db08   0x0800db08   0x00000024   Code   RO         3662    i.uart_set_trans    comm_uart.o
    0x0800db2c   0x0800db2c   0x00000048   Code   RO         3663    i.uart_tx_ans_check  comm_uart.o
    0x0800db74   0x0800db74   0x00000044   Code   RO         3664    i.uart_tx_ans_wait  comm_uart.o
    0x0800dbb8   0x0800dbb8   0x00000018   Code   RO         3665    i.uart_tx_end       comm_uart.o
    0x0800dbd0   0x0800dbd0   0x00000028   Code   RO         3666    i.uart_tx_start     comm_uart.o
    0x0800dbf8   0x0800dbf8   0x0000003c   Code   RO         3667    i.uart_update_tx_buf  comm_uart.o
    0x0800dc34   0x0800dc34   0x00000040   Code   RO         3668    i.uart_value_change  comm_uart.o
    0x0800dc74   0x0800dc74   0x0000005c   Code   RO         3669    i.update_error_trns  comm_uart.o
    0x0800dcd0   0x0800dcd0   0x0000005c   Code   RO         4769    i.variable_setup    initial.o
    0x0800dd2c   0x0800dd2c   0x00000034   Code   RO         4993    i.wait_motion_check  motion_command.o
    0x0800dd60   0x0800dd60   0x00000014   Code   RO         4994    i.wait_motion_start  motion_command.o
    0x0800dd74   0x0800dd74   0x000000c4   Code   RO         4231    i.wait_tester_douki  anjou_test.o
    0x0800de38   0x0800de38   0x00000088   Code   RO         5158    i.watch_temp_value  overload.o
    0x0800dec0   0x0800dec0   0x000000b4   Code   RO         5159    i.watch_ver_value   overload.o
    0x0800df74   0x0800df74   0x00000138   Code   RO         4116    i.write_data_number_check  access_flash.o
    0x0800e0ac   0x0800e0ac   0x00000068   Code   RO         4609    i.zene_pulse_count  encoder.o
    0x0800e114   0x0800e114   0x0000008c   Code   RO         5650    x$fpl$fadd          fz_ps.l(faddsub.o)
    0x0800e1a0   0x0800e1a0   0x00000054   Code   RO         5663    x$fpl$fleqf         fz_ps.l(flef.o)
    0x0800e1f4   0x0800e1f4   0x000000b0   Code   RO         5665    x$fpl$fmul          fz_ps.l(fmul.o)
    0x0800e2a4   0x0800e2a4   0x00000058   Code   RO         5667    x$fpl$frleqf        fz_ps.l(frlef.o)
    0x0800e2fc   0x0800e2fc   0x000000d0   Code   RO         5652    x$fpl$fsub          fz_ps.l(faddsub.o)
    0x0800e3cc   0x0800e3cc   0x00000000   Code   RO         5690    x$fpl$usenofp       fz_ps.l(usenofp.o)
    0x0800e3cc   0x0800e3cc   0x000001a3   Data   RO         3671    .constdata          comm_uart.o
    0x0800e56f   0x0800e56f   0x00000005   Data   RO         3850    .constdata          storage.o
    0x0800e574   0x0800e574   0x00000c3f   Data   RO         5476    .constdata          state_table_1_0.o
    0x0800f1b3   0x0800f1b3   0x00000080   Data   RO         5644    .constdata          fz_ps.l(ddiv.o)
    0x0800f233   0x0800f233   0x00000040   Data   RO         5657    .constdata          fz_ps.l(fdiv.o)
    0x0800f273   0x0800f273   0x00000001   PAD
    0x0800f274   0x0800f274   0x00000020   Data   RO         5866    Region$$Table       anon$$obj.o


    Execution Region RW_IRAM1 (Exec base: 0x20000000, Load base: 0x0800f294, Size: 0x00001b58, Max: 0x00002000, ABSOLUTE, COMPRESSED[0x00000028])

    Exec Addr    Load Addr    Size         Type   Attr      Idx    E Section Name        Object

    0x20000000   COMPRESSED   0x00000010   Data   RW         1448    .data               stm32f0xx_rcc.o
    0x20000010   COMPRESSED   0x00000060   Data   RW         2938    .data               main.o
    0x20000070   COMPRESSED   0x00000005   Data   RW         3191    .data               sys.o
    0x20000075   COMPRESSED   0x00000003   PAD
    0x20000078   COMPRESSED   0x00000024   Data   RW         3384    .data               timer.o
    0x2000009c   COMPRESSED   0x0000001a   Data   RW         3481    .data               uart.o
    0x200000b6   COMPRESSED   0x0000003c   Data   RW         3672    .data               comm_uart.o
    0x200000f2   COMPRESSED   0x00000002   PAD
    0x200000f4   COMPRESSED   0x000001b2   Data   RW         3821    .data               variables.o
    0x200002a6   COMPRESSED   0x0000000e   Data   RW         3851    .data               storage.o
    0x200002b4   COMPRESSED   0x00000004   Data   RW         3905    .data               a_control_sol.o
    0x200002b8   COMPRESSED   0x0000002b   Data   RW         4012    .data               a_lock_mode.o
    0x200002e3   COMPRESSED   0x00000001   PAD
    0x200002e4   COMPRESSED   0x00000017   Data   RW         4232    .data               anjou_test.o
    0x200002fb   COMPRESSED   0x00000001   PAD
    0x200002fc   COMPRESSED   0x00000030   Data   RW         4610    .data               encoder.o
    0x2000032c   COMPRESSED   0x0000000d   Data   RW         4720    .data               ecu_test.o
    0x20000339   COMPRESSED   0x00000001   Data   RW         4811    .data               key_input.o
    0x2000033a   COMPRESSED   0x00000002   Data   RW         4893    .data               mode_process.o
    0x2000033c   COMPRESSED   0x00000008   Data   RW         5160    .data               overload.o
    0x20000344   COMPRESSED   0x00000008   Data   RW         5499    .data               trq_adjust_trqchange.o
    0x2000034c   COMPRESSED   0x0000001a   Data   RW         5544    .data               tst_break.o
    0x20000366   COMPRESSED   0x00000002   PAD
    0x20000368        -       0x0000008e   Zero   RW         3670    .bss                comm_uart.o
    0x200003f6        -       0x0000031c   Zero   RW         3820    .bss                variables.o
    0x20000712        -       0x000001e0   Zero   RW         3849    .bss                storage.o
    0x200008f2   COMPRESSED   0x00000002   PAD
    0x200008f4        -       0x00000060   Zero   RW         5720    .bss                c_p.l(libspace.o)
    0x20000954   COMPRESSED   0x00000004   PAD
    0x20000958        -       0x00000200   Zero   RW          128    HEAP                startup_stm32f030x8.o
    0x20000b58        -       0x00001000   Zero   RW          127    STACK               startup_stm32f030x8.o


==============================================================================

Image component sizes


      Code (inc. data)   RO Data    RW Data    ZI Data      Debug   Object Name

       428         64          0          4          0       2019   a_control_sol.o
       478         70          0          0          0       3459   a_deta_exchange.o
      2476        328          0         43          0      10512   a_lock_mode.o
      1148        218          0          0          0       5507   access_flash.o
       484         52          0          0          0       9720   adc.o
      3200        686          0         23          0      18878   anjou_test.o
      3472        724          0          0          0      16984   call_mode_process.o
      3268        504        419         60        142      17651   comm_uart.o
       888        132          0         13          0       4833   ecu_test.o
      2572        444          0         48          0      10031   encoder.o
       176         14          0          0          0        564   gpio.o
       736         36          0          0          0       4247   iic.o
       224         78          0          0          0       1463   initial.o
      2412        344          0          1          0       6783   key_input.o
       250          0          0          0          0       3186   m24c16.o
      5324        834          0         96          0      30118   main.o
      2752        554          0          2          0       7992   mode_process.o
      1704        188          0          0          0      11641   motion_command.o
      8230       1204          0          8          0      27409   overload.o
       264         32          0          0          0        606   select_mode.o
      3014        330          0          0          0       5743   select_signal.o
        56         26        192          0       4608        668   startup_stm32f030x8.o
         0          0       3135          0          0        922   state_table_1_0.o
       244          8          0          0          0      98245   stm32f0xx_adc.o
       212          0          0          0          0       1919   stm32f0xx_gpio.o
        68         34          0          0          0       2670   stm32f0xx_iwdg.o
       148         10          0          0          0       1610   stm32f0xx_misc.o
       604         52          0         16          0       5596   stm32f0xx_rcc.o
       882        120          0          0          0      12248   stm32f0xx_tim.o
       328         14          0          0          0       4326   stm32f0xx_usart.o
      1670        106          5         14        480       5606   storage.o
       264         34          0          5          0       6589   sys.o
       316         22          0          0          0      50173   system_stm32f0xx.o
      1908        230          0         36          0       8682   timer.o
       264         56          0          8          0       1709   trq_adjust_trqchange.o
      1820        358          0         26          0      11419   tst_break.o
       416         62          0         26          0       3168   uart.o
         0          0          0        434        796      16749   variables.o

    ----------------------------------------------------------------------
     52712       7968       3783        872       6028     431645   Object Totals
         0          0         32          0          0          0   (incl. Generated)
        12          0          0          9          2          0   (incl. Padding)

    ----------------------------------------------------------------------

      Code (inc. data)   RO Data    RW Data    ZI Data      Debug   Library Member Name

        86          0          0          0          0          0   __dczerorl2.o
         8          0          0          0          0         68   __main.o
         0          0          0          0          0          0   __rtentry.o
        12          0          0          0          0          0   __rtentry2.o
         6          0          0          0          0          0   __rtentry4.o
        60          8          0          0          0          0   __scatter.o
        28          0          0          0          0          0   __scatter_zi.o
        22          0          0          0          0         92   _rserrno.o
       346          0          0          0          0         92   aeabi_sdiv.o
        16          0          0          0          0         68   exit.o
         6          0          0          0          0        136   heapauxi.o
         0          0          0          0          0          0   indicate_semi.o
         2          0          0          0          0          0   libinit.o
         2          0          0          0          0          0   libinit2.o
         2          0          0          0          0          0   libshutdown.o
         2          0          0          0          0          0   libshutdown2.o
         8          4          0          0         96         68   libspace.o
         8          4          0          0          0         68   rt_errno_addr_intlibspace.o
       186          0          0          0          0        144   rt_memcpy.o
         2          0          0          0          0          0   rtexit.o
        10          0          0          0          0          0   rtexit2.o
        12          4          0          0          0         60   sys_exit.o
        62          0          0          0          0         80   sys_stackheap_outer.o
         2          0          0          0          0         68   use_no_semi.o
        46          0          0          0          0         60   cmpret.o
       124          4          0          0          0         72   d2f.o
       856         20          0          0          0        208   daddsub.o
      1096         26        128          0          0        112   ddiv.o
       584         26          0          0          0         84   dmul.o
       256          8          0          0          0         76   dsqrt.o
        84          4          0          0          0         60   f2d.o
       348          8          0          0          0        160   faddsub.o
       100          4          0          0          0         68   fcmpin.o
       352         10         64          0          0         92   fdiv.o
        48          0          0          0          0         60   ffixui.o
        94          0          0          0          0         92   fflti.o
        84          4          0          0          0         76   flef.o
       176          4          0          0          0         80   fmul.o
        16          6          0          0          0         68   fnan2.o
        88          4          0          0          0         76   frlef.o
        94          0          0          0          0         68   retnan.o
         0          0          0          0          0          0   usenofp.o
        72          6          0          0          0         76   sqrt.o

    ----------------------------------------------------------------------
      5412        154        193          0        100       2532   Library Totals
         6          0          1          0          4          0   (incl. Padding)

    ----------------------------------------------------------------------

      Code (inc. data)   RO Data    RW Data    ZI Data      Debug   Library Name

       888         20          0          0         96        944   c_p.l
      4446        128        192          0          0       1512   fz_ps.l
        72          6          0          0          0         76   m_ps.l

    ----------------------------------------------------------------------
      5412        154        193          0        100       2532   Library Totals

    ----------------------------------------------------------------------

==============================================================================


      Code (inc. data)   RO Data    RW Data    ZI Data      Debug   

     58124       8122       3976        872       6128     415149   Grand Totals
     58124       8122       3976         40       6128     415149   ELF Image Totals (compressed)
     58124       8122       3976         40          0          0   ROM Totals

==============================================================================

    Total RO  Size (Code + RO Data)                62100 (  60.64kB)
    Total RW  Size (RW Data + ZI Data)              7000 (   6.84kB)
    Total ROM Size (Code + RO Data + RW Data)      62140 (  60.68kB)

==============================================================================

