Component: ARM Compiler 5.06 update 4 (build 422) Tool: armlink [4d35d2]
Image Symbol Table
==============================================================================

Section Cross References

    system_stm32f0xx.o(i.SystemCoreClockUpdate) refers to aeabi_sdiv.o(.text) for __aeabi_uidivmod
    system_stm32f0xx.o(i.SystemCoreClockUpdate) refers to system_stm32f0xx.o(.data) for SystemCoreClock
    system_stm32f0xx.o(i.SystemInit) refers to system_stm32f0xx.o(i.SetSysClock) for SetSysClock
    startup_stm32f030x8.o(STACK) refers (Special) to heapauxi.o(.text) for __use_two_region_memory
    startup_stm32f030x8.o(HEAP) refers (Special) to heapauxi.o(.text) for __use_two_region_memory
    startup_stm32f030x8.o(RESET) refers (Special) to heapauxi.o(.text) for __use_two_region_memory
    startup_stm32f030x8.o(RESET) refers to startup_stm32f030x8.o(STACK) for __initial_sp
    startup_stm32f030x8.o(RESET) refers to startup_stm32f030x8.o(.text) for Reset_Handler
    startup_stm32f030x8.o(RESET) refers to main.o(i.HardFault_Handler) for HardFault_Handler
    startup_stm32f030x8.o(RESET) refers to adc.o(i.ADC1_COMP_IRQHandler) for ADC1_COMP_IRQHandler
    startup_stm32f030x8.o(RESET) refers to timer.o(i.TIM6_DAC_IRQHandler) for TIM6_DAC_IRQHandler
    startup_stm32f030x8.o(RESET) refers to timer.o(i.TIM15_IRQHandler) for TIM15_IRQHandler
    startup_stm32f030x8.o(RESET) refers to timer.o(i.TIM16_IRQHandler) for TIM16_IRQHandler
    startup_stm32f030x8.o(RESET) refers to timer.o(i.TIM17_IRQHandler) for TIM17_IRQHandler
    startup_stm32f030x8.o(RESET) refers to uart.o(i.USART1_IRQHandler) for USART1_IRQHandler
    startup_stm32f030x8.o(.text) refers (Special) to heapauxi.o(.text) for __use_two_region_memory
    startup_stm32f030x8.o(.text) refers to system_stm32f0xx.o(i.SystemInit) for SystemInit
    startup_stm32f030x8.o(.text) refers to __main.o(!!!main) for __main
    startup_stm32f030x8.o(.text) refers to startup_stm32f030x8.o(HEAP) for Heap_Mem
    startup_stm32f030x8.o(.text) refers to startup_stm32f030x8.o(STACK) for Stack_Mem
    stm32f0xx_adc.o(i.ADC_DeInit) refers to stm32f0xx_rcc.o(i.RCC_APB2PeriphResetCmd) for RCC_APB2PeriphResetCmd
    stm32f0xx_cec.o(i.CEC_DeInit) refers to stm32f0xx_rcc.o(i.RCC_APB1PeriphResetCmd) for RCC_APB1PeriphResetCmd
    stm32f0xx_flash.o(i.FLASH_EraseAllPages) refers to stm32f0xx_flash.o(i.FLASH_WaitForLastOperation) for FLASH_WaitForLastOperation
    stm32f0xx_flash.o(i.FLASH_ErasePage) refers to stm32f0xx_flash.o(i.FLASH_WaitForLastOperation) for FLASH_WaitForLastOperation
    stm32f0xx_flash.o(i.FLASH_OB_BOOTConfig) refers to stm32f0xx_flash.o(i.FLASH_WaitForLastOperation) for FLASH_WaitForLastOperation
    stm32f0xx_flash.o(i.FLASH_OB_EnableWRP) refers to stm32f0xx_flash.o(i.FLASH_WaitForLastOperation) for FLASH_WaitForLastOperation
    stm32f0xx_flash.o(i.FLASH_OB_Erase) refers to stm32f0xx_flash.o(i.FLASH_OB_GetRDP) for FLASH_OB_GetRDP
    stm32f0xx_flash.o(i.FLASH_OB_Erase) refers to stm32f0xx_flash.o(i.FLASH_WaitForLastOperation) for FLASH_WaitForLastOperation
    stm32f0xx_flash.o(i.FLASH_OB_ProgramData) refers to stm32f0xx_flash.o(i.FLASH_WaitForLastOperation) for FLASH_WaitForLastOperation
    stm32f0xx_flash.o(i.FLASH_OB_RDPConfig) refers to stm32f0xx_flash.o(i.FLASH_WaitForLastOperation) for FLASH_WaitForLastOperation
    stm32f0xx_flash.o(i.FLASH_OB_SRAMParityConfig) refers to stm32f0xx_flash.o(i.FLASH_WaitForLastOperation) for FLASH_WaitForLastOperation
    stm32f0xx_flash.o(i.FLASH_OB_UserConfig) refers to stm32f0xx_flash.o(i.FLASH_WaitForLastOperation) for FLASH_WaitForLastOperation
    stm32f0xx_flash.o(i.FLASH_OB_VDDAConfig) refers to stm32f0xx_flash.o(i.FLASH_WaitForLastOperation) for FLASH_WaitForLastOperation
    stm32f0xx_flash.o(i.FLASH_OB_WriteUser) refers to stm32f0xx_flash.o(i.FLASH_WaitForLastOperation) for FLASH_WaitForLastOperation
    stm32f0xx_flash.o(i.FLASH_ProgramHalfWord) refers to stm32f0xx_flash.o(i.FLASH_WaitForLastOperation) for FLASH_WaitForLastOperation
    stm32f0xx_flash.o(i.FLASH_ProgramWord) refers to stm32f0xx_flash.o(i.FLASH_WaitForLastOperation) for FLASH_WaitForLastOperation
    stm32f0xx_flash.o(i.FLASH_WaitForLastOperation) refers to stm32f0xx_flash.o(i.FLASH_GetStatus) for FLASH_GetStatus
    stm32f0xx_gpio.o(i.GPIO_DeInit) refers to stm32f0xx_rcc.o(i.RCC_AHBPeriphResetCmd) for RCC_AHBPeriphResetCmd
    stm32f0xx_i2c.o(i.I2C_DeInit) refers to stm32f0xx_rcc.o(i.RCC_APB1PeriphResetCmd) for RCC_APB1PeriphResetCmd
    stm32f0xx_pwr.o(i.PWR_DeInit) refers to stm32f0xx_rcc.o(i.RCC_APB1PeriphResetCmd) for RCC_APB1PeriphResetCmd
    stm32f0xx_rcc.o(i.RCC_GetClocksFreq) refers to aeabi_sdiv.o(.text) for __aeabi_uidivmod
    stm32f0xx_rcc.o(i.RCC_GetClocksFreq) refers to stm32f0xx_rcc.o(.data) for APBAHBPrescTable
    stm32f0xx_rcc.o(i.RCC_WaitForHSEStartUp) refers to stm32f0xx_rcc.o(i.RCC_GetFlagStatus) for RCC_GetFlagStatus
    stm32f0xx_rtc.o(i.RTC_DeInit) refers to stm32f0xx_rtc.o(i.RTC_EnterInitMode) for RTC_EnterInitMode
[...]
    u2g_systimer_1ms_wait_motion             0x200000ce   Data           2  variables.o(.data)
    u2g_systimer_1sec_wait_motion            0x200000d0   Data           2  variables.o(.data)
    u2g_systimer_1ms_sol_out                 0x200000d2   Data           2  variables.o(.data)
    u1g_shutter_state                        0x200000d4   Data           1  variables.o(.data)
    u1g_threshold_huka                       0x200000d5   Data           1  variables.o(.data)
    u1g_key_open_only                        0x200000d6   Data           1  variables.o(.data)
    u1g_key_close_only                       0x200000d7   Data           1  variables.o(.data)
    u1g_key_3sw                              0x200000d8   Data           1  variables.o(.data)
    u1g_key_3sw_huka_reset                   0x200000d9   Data           1  variables.o(.data)
    u1g_key_3sw_jougen                       0x200000da   Data           1  variables.o(.data)
    u1g_2ope_3ope_signal                     0x200000db   Data           1  variables.o(.data)
    fg_no_answer                             0x200000dc   Data           1  variables.o(.data)
    u1g_f_any_key_input                      0x200000dd   Data           1  variables.o(.data)
    u1g_kahuka_input                         0x200000de   Data           1  variables.o(.data)
    u1g_previous_kahuka_input                0x200000df   Data           1  variables.o(.data)
    u1g_bousou_input                         0x200000e0   Data           1  variables.o(.data)
    u2g_learn_max_huka                       0x200000e2   Data           2  variables.o(.data)
    u2g_close_2ji_kamen                      0x200000e4   Data           2  variables.o(.data)
    u2g_close_1ji_kamen                      0x200000e6   Data           2  variables.o(.data)
    u1g_close_const_kamen                    0x200000e8   Data           1  variables.o(.data)
    u1g_limit_ad                             0x200000e9   Data           1  variables.o(.data)
    u2g_ad_buffer0_temp                      0x200000ea   Data           2  variables.o(.data)
    u2g_ad_buffer_temp                       0x200000ec   Data           2  variables.o(.data)
    u1g_temp_hosei_buffer                    0x200000ee   Data           1  variables.o(.data)
    u4g_now_ver                              0x200000f0   Data           4  variables.o(.data)
    s2g_temp_now_signed                      0x200000f4   Data           1  variables.o(.data)
    u1g_cold_temp_hosei                      0x200000f5   Data           1  variables.o(.data)
    u2g_ad_now                               0x200000f6   Data           6  variables.o(.data)
    u1g_ad_ref                               0x200000fc   Data           3  variables.o(.data)
    u2g_now_data                             0x20000100   Data           2  variables.o(.data)
    u1g_curr_num                             0x20000102   Data           1  variables.o(.data)
    u1g_ver_num                              0x20000103   Data           1  variables.o(.data)
    u1g_temp_num                             0x20000104   Data           1  variables.o(.data)
    u1g_f_limit_average                      0x20000105   Data           1  variables.o(.data)
    u1g_limittime                            0x20000106   Data           1  variables.o(.data)
    u1g_Fg_ecu_temp_ad_error                 0x20000107   Data           1  variables.o(.data)
    u1g_Fg_temp_ad_error                     0x20000108   Data           1  variables.o(.data)
    u1g_Fg_ecu_ver_ad_error                  0x20000109   Data           1  variables.o(.data)
    u1g_Fg_ver_ad_error                      0x2000010a   Data           1  variables.o(.data)
    u1g_encoder_A_no_pulse                   0x2000010b   Data           1  variables.o(.data)
    u1g_encoder_B_no_pulse                   0x2000010c   Data           1  variables.o(.data)
    u1g_thermal_input                        0x2000010d   Data           1  variables.o(.data)
    u1g_count_abnormal_speed_pulse           0x2000010e   Data           1  variables.o(.data)
    u2g_systimer_1ms_for_signal              0x20000110   Data           2  variables.o(.data)
    u2g_systimer_1sec_for_signal             0x20000112   Data           2  variables.o(.data)
    u1g_total_timer_input                    0x20000114   Data           1  variables.o(.data)
    u1g_timer_kahuka_loose_input             0x20000115   Data           1  variables.o(.data)
    u1g_timer_2sec_input                     0x20000116   Data           1  variables.o(.data)
    u1g_timer_5sec_input                     0x20000117   Data           1  variables.o(.data)
    u1g_soft_lock_error_5sec_input           0x20000118   Data           1  variables.o(.data)
    u1g_fg_wait_format_complete              0x20000119   Data           1  variables.o(.data)
    u1g_fg_wait_write_complete               0x2000011a   Data           1  variables.o(.data)
    u2g_fg_control_structure                 0x2000011c   Data           2  variables.o(.data)
    s4g_d_mv_loss_number                     0x20000120   Data           4  variables.o(.data)
    u1g_f_reset_after_write                  0x20000124   Data           1  variables.o(.data)
    u2g_c_main                               0x20000126   Data           2  variables.o(.data)
    u1g_fg_set_h_size_end                    0x20000128   Data           1  variables.o(.data)
    u1g_c_noservice                          0x20000129   Data           1  variables.o(.data)
    u1g_f_active_format                      0x2000012a   Data           1  variables.o(.data)
    u1g_fg_data_erase                        0x2000012b   Data           1  variables.o(.data)
    u1g_fg_block_format                      0x2000012c   Data           1  variables.o(.data)
    u1g_fg_data_read                         0x2000012d   Data           1  variables.o(.data)
    u1g_fg_flash_initial                     0x2000012e   Data           1  variables.o(.data)
    xn_error_set1                            0x20000130   Data           6  variables.o(.data)
    xn_error_set0                            0x20000136   Data           6  variables.o(.data)
    xng_Hsize_series                         0x2000013c   Data           6  variables.o(.data)
    xng_record_fact                          0x20000142   Data           4  variables.o(.data)
    xng_flash_Hsize_series                   0x20000146   Data           6  variables.o(.data)
    xng_flash_fact_series                    0x2000014c   Data           4  variables.o(.data)
    u2g_soft_clear_timer_counter             0x20000150   Data           2  variables.o(.data)
    u1g_fg_read_retry                        0x20000152   Data           1  variables.o(.data)
    s1g_temp_v                               0x20000153   Data           1  variables.o(.data)
    u1g_f_timeover_anjo_test                 0x20000154   Data           1  variables.o(.data)
    u1g_section_kahuka_occured               0x20000155   Data           1  variables.o(.data)
    u1g_flash_write_status                   0x20000156   Data           1  variables.o(.data)
    u1g_huka_ad_value                        0x20000157   Data           1  variables.o(.data)
    u1g_Fg_previous_kahuka_upper             0x20000158   Data           1  variables.o(.data)
    s2g_previous_kahuka_position             0x2000015a   Data           2  variables.o(.data)
    u1g_check_sum_learn                      0x2000015c   Data           1  variables.o(.data)
    u1g_check_sum_size                       0x2000015d   Data           1  variables.o(.data)
    u1g_cnt_e2prom_write                     0x2000015e   Data           1  variables.o(.data)
    u1g_error_mode                           0x2000015f   Data           1  variables.o(.data)
    u1g_Fg_error_mode_3_write_check          0x20000160   Data           1  variables.o(.data)
    u1g_Fg_power_on                          0x20000161   Data           1  variables.o(.data)
    u1g_c_short_close_p                      0x20000162   Data           1  variables.o(.data)
    u2g_learn_buffer                         0x20000164   Data           2  variables.o(.data)
    u2g_learn_buffer_close                   0x20000166   Data           2  variables.o(.data)
    u2g_std_huka                             0x20000168   Data           2  variables.o(.data)
    u2g_std_learn                            0x2000016a   Data           2  variables.o(.data)
    u2g_max_learn_b                          0x2000016c   Data           2  variables.o(.data)
    u2g_open_std_learn                       0x2000016e   Data           2  variables.o(.data)
    u1g_ad_num                               0x20000170   Data           1  variables.o(.data)
    u1g_ad_num_temp                          0x20000171   Data           1  variables.o(.data)
    u2g_max_huka                             0x20000172   Data           2  variables.o(.data)
    u2g_nor_huka                             0x20000174   Data           2  variables.o(.data)
    u1g_c_kahuka                             0x20000176   Data           1  variables.o(.data)
    u2g_plus_length_                         0x20000178   Data           2  variables.o(.data)
    u2g_p_differ                             0x2000017a   Data           4  variables.o(.data)
    u4g_plus_length_buffer                   0x20000180   Data           4  variables.o(.data)
    u1g_c_no_plus                            0x20000184   Data           1  variables.o(.data)
    u2g_c_interval_plus                      0x20000186   Data           2  variables.o(.data)
    u2g_d_pwm                                0x20000188   Data           2  variables.o(.data)
    s2g_p_differ_current                     0x2000018a   Data           2  variables.o(.data)
    u1g_sw                                   0x2000018c   Data           3  variables.o(.data)
    u1g_last_sw                              0x2000018f   Data           3  variables.o(.data)
    u1g_c_sw_off                             0x20000192   Data           3  variables.o(.data)
    u1g_c_sw_on                              0x20000195   Data           3  variables.o(.data)
    u1g_cnt_no_in                            0x20000198   Data           1  variables.o(.data)
    u1g_count_timer_1ms                      0x20000199   Data           1  variables.o(.data)
    u1g_cnt_thermal                          0x2000019a   Data           1  variables.o(.data)
    s2g_cnt_plus                             0x2000019c   Data           2  variables.o(.data)
    s2g_unknown_cnt_plus                     0x2000019e   Data           2  variables.o(.data)
    s2g_cnt_p_trq_test                       0x200001a0   Data           2  variables.o(.data)
    s2g_cnt_plus_jougen                      0x200001a2   Data           2  variables.o(.data)
    s2g_lock_start_position                  0x200001a4   Data           2  variables.o(.data)
    u1g_Fg_hand_close_plus                   0x200001a6   Data           1  variables.o(.data)
    s2g_kari_size_ram                        0x200001a8   Data           2  variables.o(.data)
    u1g_n_section                            0x200001aa   Data           1  variables.o(.data)
    u1g_num_section                          0x200001ab   Data           1  variables.o(.data)
    u1g_num_section_kagen                    0x200001ac   Data           1  variables.o(.data)
    u1g_copy_section                         0x200001ad   Data           1  variables.o(.data)
    u1g_Fg_jougen_area                       0x200001ae   Data           1  variables.o(.data)
    u1g_Fg_copy_jougen_area                  0x200001af   Data           1  variables.o(.data)
    u1g_n_lev                                0x200001b0   Data           1  variables.o(.data)
    u2g_cnt_chng_mode                        0x200001b2   Data           2  variables.o(.data)
    u1g_cnt_chng_mode_huka_reset             0x200001b4   Data           1  variables.o(.data)
    u1g_cnt_chng_mode_startup                0x200001b5   Data           1  variables.o(.data)
    u1g_b_p_hosei                            0x200001b6   Data           1  variables.o(.data)
    u1g_b_ver_hosei                          0x200001b7   Data           1  variables.o(.data)
    u1g_p_hosei                              0x200001b8   Data           1  variables.o(.data)
    u2g_kei                                  0x200001ba   Data           2  variables.o(.data)
    u2g_cal_b                                0x200001bc   Data           2  variables.o(.data)
    cnt_break_on                             0x200001be   Data           1  variables.o(.data)
    cnt_break_off                            0x200001bf   Data           1  variables.o(.data)
    cnt_pwm_off                              0x200001c0   Data           1  variables.o(.data)
    cnt_pwm_on                               0x200001c1   Data           1  variables.o(.data)
    cnt_stop                                 0x200001c2   Data           1  variables.o(.data)
    u1g_cnt_breakdown                        0x200001c3   Data           1  variables.o(.data)
    w_b_pulse                                0x200001c4   Data           1  variables.o(.data)
    u2g_std_max_huka                         0x200001c6   Data           2  variables.o(.data)
    cnt_soft_start                           0x200001c8   Data           1  variables.o(.data)
    u1g_c_check_out                          0x200001c9   Data           1  variables.o(.data)
    u2g_c_move_consist                       0x200001ca   Data           2  variables.o(.data)
    u2g_c_hand_move                          0x200001cc   Data           2  variables.o(.data)
    u1g_thermal_count                        0x200001ce   Data           1  variables.o(.data)
    f_step_error                             0x200001cf   Data           1  variables.o(.data)
    c_wait                                   0x200001d0   Data           1  variables.o(.data)
    u2g_d_mv                                 0x200001d2   Data           2  variables.o(.data)
    u2g_huka_jougen                          0x200001d4   Data           2  variables.o(.data)
    s2g_imaginary_close_posi                 0x200001d6   Data           2  variables.o(.data)
    u1g_c_move_m_p                           0x200001d8   Data           1  variables.o(.data)
    u2g_cnt_no_dire_p                        0x200001da   Data           2  variables.o(.data)
    u1g_cnt_short_open_p                     0x200001dc   Data           1  variables.o(.data)
    u1g_f_input_pulse                        0x200001dd   Data           1  variables.o(.data)
    u1g_motor_speed                          0x200001de   Data           1  variables.o(.data)
    u1g_previous_motor_speed                 0x200001df   Data           1  variables.o(.data)
    u2g_jougen_open_over_lev_b               0x200001e0   Data           2  variables.o(.data)
    u2g_keep_jougen_open_over_lev_b          0x200001e2   Data           2  variables.o(.data)
    u1g_ope0_done                            0x200001e4   Data           1  variables.o(.data)
    u1g_sf_set_kagen                         0x200001e5   Data           1  variables.o(.data)
    u2g_buf_check_3sw_set_ok                 0x200001e6   Data           2  variables.o(.data)
    u1g_cnt_input_key_stop                   0x200001e8   Data           1  variables.o(.data)
    u2g_timer_limit_set_kagen                0x200001ea   Data           2  variables.o(.data)
    u1g_signal_read_stop                     0x200001ec   Data           1  variables.o(.data)
    u1g_index_H_size_input                   0x200001ed   Data           1  variables.o(.data)
    u1g_stop_counter                         0x200001ee   Data           1  variables.o(.data)
    u1g_uart_buzzer_order                    0x200001ef   Data           1  variables.o(.data)
    u2g_systimer_1ms_timer_for_anjou         0x200001f0   Data           2  variables.o(.data)
    u2g_systimer_1sec_timer_for_anjou        0x200001f2   Data           2  variables.o(.data)
    u1g_f_release_elec                       0x200001f4   Data           1  variables.o(.data)
    u1g_f_ok_set_on_shortbreak               0x200001f5   Data           1  variables.o(.data)
    u2g_systimer_1ms_special_H_size          0x200001f6   Data           2  variables.o(.data)
    u2g_systimer_1sec_special_H_size         0x200001f8   Data           2  variables.o(.data)
    s2g_cnt_plus_speed_down                  0x200001fa   Data           2  variables.o(.data)
    u2g_pre_key                              0x200001fc   Data           2  variables.o(.data)
    u1g_cnt_set_level                        0x200001fe   Data           1  variables.o(.data)
    u1g_temp_previous_mode                   0x200001ff   Data           1  variables.o(.data)
    u1g_temp_signal                          0x20000200   Data           1  variables.o(.data)
    u1g_temp_free_data                       0x20000201   Data           1  variables.o(.data)
    flag1                                    0x20000202   Data           1  variables.o(.data)
    flag2                                    0x20000203   Data           1  variables.o(.data)
    flag3                                    0x20000204   Data           1  variables.o(.data)
    flag4                                    0x20000205   Data           1  variables.o(.data)
    flag5                                    0x20000206   Data           1  variables.o(.data)
    flag6                                    0x20000207   Data           1  variables.o(.data)
    flag7                                    0x20000208   Data           1  variables.o(.data)
    flag8                                    0x20000209   Data           1  variables.o(.data)
    flag9                                    0x2000020a   Data           1  variables.o(.data)
    flag10                                   0x2000020b   Data           1  variables.o(.data)
    flag11                                   0x2000020c   Data           1  variables.o(.data)
    flag12                                   0x2000020d   Data           1  variables.o(.data)
    nible1                                   0x2000020e   Data           1  variables.o(.data)
    nible2                                   0x2000020f   Data           1  variables.o(.data)
    nible4                                   0x20000210   Data           1  variables.o(.data)
    nible5                                   0x20000211   Data           1  variables.o(.data)
    swflag                                   0x20000212   Data           1  variables.o(.data)
    swoffflag                                0x20000213   Data           1  variables.o(.data)
    swnflag                                  0x20000214   Data           2  variables.o(.data)
    outbuffer_                               0x20000216   Data           1  variables.o(.data)
    ftimer1s_                                0x20000217   Data           1  variables.o(.data)
    ftimer100ms_                             0x20000218   Data           1  variables.o(.data)
    ftimer10ms_                              0x20000219   Data           1  variables.o(.data)
    selectsw_                                0x2000021a   Data           1  variables.o(.data)
    eeprm_buffer_                            0x2000021b   Data           1  variables.o(.data)
    size_ram_ab_                             0x2000021c   Data           2  variables.o(.data)
    size_ram2_ab_                            0x2000021e   Data           2  variables.o(.data)
    temp_now_                                0x20000220   Data           2  variables.o(.data)
    num_now_                                 0x20000222   Data           2  variables.o(.data)
    num_move_                                0x20000224   Data           2  variables.o(.data)
    flag_NK                                  0x20000226   Data           1  variables.o(.data)
    flag_NK_signal                           0x20000227   Data           1  variables.o(.data)
    flag_learn_open                          0x20000228   Data           1  variables.o(.data)
    u1g_f_stop_shortopen                     0x20000229   Data           1  variables.o(.data)
    u2g_size_ram_H_size                      0x2000022a   Data           2  variables.o(.data)
    u2g_max_const_huka                       0x2000022c   Data           2  variables.o(.data)
    u2g_open_std_max_huka                    0x2000022e   Data           2  variables.o(.data)
    u2g_open_std_osikomi_huka                0x20000230   Data           2  variables.o(.data)
    u2g_osikomi_const_huka                   0x20000232   Data           2  variables.o(.data)
    u2g_max_const_huka_1000rpm               0x20000234   Data           2  variables.o(.data)
    u2g_osikomi_const_huka_540rpm            0x20000236   Data           2  variables.o(.data)
    u2g_standard_plus_length                 0x20000238   Data           2  variables.o(.data)
    u1g_fg_next_main_go                      0x2000023a   Data           1  variables.o(.data)
    u1g_timer_3sw_100msec                    0x2000023b   Data           1  variables.o(.data)
    u1g_fg_charge_pump_enable                0x2000023c   Data           1  variables.o(.data)
    u2g_count_tanrak_break_timer             0x2000023e   Data           2  variables.o(.data)
    u1g_count_90_sec_timer_0_100             0x20000240   Data           1  variables.o(.data)
    u2g_count_90_sec_timer_100_90000         0x20000242   Data           2  variables.o(.data)
    u2g_soft_clear_counter                   0x20000244   Data           2  variables.o(.data)
    u1g_speed_up_slow_down                   0x20000246   Data           1  variables.o(.data)
    u1g_f_move_sol                           0x20000247   Data           1  variables.o(.data)
    u1g_f_limit_6min_lock                    0x20000248   Data           1  variables.o(.data)
    u1g_f_limit_5times_lock                  0x20000249   Data           1  variables.o(.data)
    u1g_f_delay_lock                         0x2000024a   Data           1  variables.o(.data)
    u1g_f_end_shortbreak                     0x2000024b   Data           1  variables.o(.data)
    u1g_f_start_shortbreak                   0x2000024c   Data           1  variables.o(.data)
    u1g_f_start_lock_output                  0x2000024d   Data           1  variables.o(.data)
    u1g_f_sw_off_stop                        0x2000024e   Data           1  variables.o(.data)
    u1g_f_50mm_range_out                     0x2000024f   Data           1  variables.o(.data)
    u1g_f_lock_timeout_restart               0x20000250   Data           1  variables.o(.data)
    u1g_f_solenoid_mode                      0x20000251   Data           1  variables.o(.data)
    u1g_f_rangein_kagen_kitei                0x20000252   Data           1  variables.o(.data)
    u1g_f_learn_open_max_huka                0x20000253   Data           1  variables.o(.data)
    u1g_f_learn_close_all_huka               0x20000254   Data           1  variables.o(.data)
    Fg_uart_fact_finish_trq_test             0x20000255   Data           1  variables.o(.data)
    Fg_uart_fact_finish_elec_test            0x20000256   Data           1  variables.o(.data)
    Fg_uart_fact_error                       0x20000257   Data           1  variables.o(.data)
    Fg_uart_fact_check_stop                  0x20000258   Data           1  variables.o(.data)
    u1g_Fg_soft_lock_out_duty                0x20000259   Data           1  variables.o(.data)
    Storage_AddrBuf                          0x2000025a   Data          10  storage.o(.data)
    s2l_cnt_p_lockout                        0x20000268   Data           2  a_lock_mode.o(.data)
    s2l_threshold_stoplockout                0x2000026a   Data           2  a_lock_mode.o(.data)
    s2l_temp_p                               0x2000026c   Data           2  a_lock_mode.o(.data)
    u2l_threshold_limittime                  0x2000026e   Data           2  a_lock_mode.o(.data)
    u2l_timemoving_lockout                   0x20000270   Data           2  a_lock_mode.o(.data)
    s2l_p_temp                               0x20000272   Data           2  a_lock_mode.o(.data)
    u2l_c_time2s                             0x20000274   Data           2  a_lock_mode.o(.data)
    u1l_f_firststep_lockout                  0x20000276   Data           1  a_lock_mode.o(.data)
    u2l_lock_temp_maxload                    0x20000278   Data           2  a_lock_mode.o(.data)
    u1l_c_lockquit5times                     0x2000027a   Data           1  a_lock_mode.o(.data)
    u1l_fg_short_break_cancel_hand_close     0x2000027b   Data           1  a_lock_mode.o(.data)
    u2g_d_rpm_current                        0x200002ac   Data           2  encoder.o(.data)
    s4g_d_mv                                 0x200002b0   Data           4  encoder.o(.data)
    u4g_plus_length                          0x200002b4   Data           4  encoder.o(.data)
    u1g_counter_minus                        0x200002b8   Data           1  encoder.o(.data)
    u1g_kirikae                              0x200002c4   Data           1  encoder.o(.data)
    cnt                                      0x200002c5   Data           1  encoder.o(.data)
    portflag                                 0x200002dc   Data           1  ecu_test.o(.data)
    u1l_port_jun                             0x200002dd   Data           1  ecu_test.o(.data)
    u1l_last_port                            0x200002de   Data           2  ecu_test.o(.data)
    u1l_c_port_off                           0x200002e0   Data           2  ecu_test.o(.data)
    u1l_c_port_on                            0x200002e2   Data           2  ecu_test.o(.data)
    u2l_ecu_test1_on_cnt                     0x200002e4   Data           2  ecu_test.o(.data)
    u2l_ecu_test2_on_cnt                     0x200002e6   Data           2  ecu_test.o(.data)
    ecu_test_state                           0x200002e8   Data           1  ecu_test.o(.data)
    u1g_power_start                          0x200002ea   Data           1  mode_process.o(.data)
    u1g_ad_num_VER_1sec                      0x200002ec   Data           1  overload.o(.data)
    u1l_temp_init_num                        0x200002ed   Data           1  overload.o(.data)
    u1l_ver_init_num                         0x200002ee   Data           1  overload.o(.data)
    u2l_ver_err_cnt_time                     0x200002f0   Data           2  overload.o(.data)
    u1l_f_temp_error_stop                    0x200002f2   Data           1  overload.o(.data)
    u1l_f_ver_error_stop                     0x200002f3   Data           1  overload.o(.data)
    u2g_ajst_max_huka                        0x200002f4   Data           2  trq_adjust_trqchange.o(.data)
    u2g_ajst_open_max_huka                   0x200002f6   Data           2  trq_adjust_trqchange.o(.data)
    u2g_ajst_osikomi_const_huka              0x200002f8   Data           2  trq_adjust_trqchange.o(.data)
    u2g_ajst_open_std_osikomi_huka           0x200002fa   Data           2  trq_adjust_trqchange.o(.data)
    u2g_t_break_duty                         0x200002fc   Data           2  tst_break.o(.data)
    u1g_t_break_step                         0x200002fe   Data           1  tst_break.o(.data)
    Fg_t_break_off_count_start               0x200002ff   Data           1  tst_break.o(.data)
    s2g_t_break_off_start_plus               0x20000300   Data           2  tst_break.o(.data)
    u1g_t_break_max_timer_counter            0x20000302   Data           1  tst_break.o(.data)
    Fg_t_break_max_time                      0x20000303   Data           1  tst_break.o(.data)
    Fg_t_break_timer_start                   0x20000304   Data           1  tst_break.o(.data)
    u1g_Fg_pwm_off_for_break                 0x20000305   Data           1  tst_break.o(.data)
    u1g_Fg_break_over_stop                   0x20000306   Data           1  tst_break.o(.data)
    s2g_t_break_pwm_restart_plus             0x20000308   Data           2  tst_break.o(.data)
    u1g_Fg_pwm_restart                       0x2000030a   Data           1  tst_break.o(.data)
    u1g_Fg_pwm_start_pass_code               0x2000030b   Data           1  tst_break.o(.data)
    u1g_Fg_break_start_pass_code             0x2000030c   Data           1  tst_break.o(.data)
    u1g_Fg_break_ok                          0x2000030d   Data           1  tst_break.o(.data)
    u1g_t_break_step_first                   0x2000030e   Data           1  tst_break.o(.data)
    u1g_pwm_break_timer_counter              0x2000030f   Data           1  tst_break.o(.data)
    u2g_previous_break_duty                  0x20000310   Data           2  tst_break.o(.data)
    u2g_raw_q                                0x200003a6   Data          24  variables.o(.bss)
    xng_learned_huka_data                    0x200003be   Data          20  variables.o(.bss)
    xng_error_data                           0x200003d2   Data          20  variables.o(.bss)
    xng_error_20_data                        0x200003e6   Data          80  variables.o(.bss)
    xng_flash_learned_hukadata               0x20000436   Data          20  variables.o(.bss)
    xng_flash_error_data                     0x2000044a   Data          20  variables.o(.bss)
    xng_flash_error_20_data                  0x2000045e   Data          80  variables.o(.bss)
    u2g_raw_data                             0x200004ae   Data          14  variables.o(.bss)
    u2g_check_temp_ad_data                   0x200004bc   Data          10  variables.o(.bss)
    u2g_check_ver_ad_data                    0x200004c6   Data          10  variables.o(.bss)
    u2g_copy_max_learn_b                     0x200004d0   Data          32  variables.o(.bss)
    s2g_size_ram                             0x200004f0   Data          12  variables.o(.bss)
    u2g_over_lev_b                           0x200004fc   Data         160  variables.o(.bss)
    u2g_kamen_over_lev_b                     0x2000059c   Data          10  variables.o(.bss)
    u2g_open_over_lev_b                      0x200005a6   Data         160  variables.o(.bss)
    u2g_kahuka_mirror                        0x20000646   Data          52  variables.o(.bss)
    u1g_data_H_size_input                    0x2000067a   Data          32  variables.o(.bss)
    storage                                  0x2000069a   Data         400  storage.o(.bss)
    __libspace_start                         0x2000087c   Data          96  libspace.o(.bss)
    __temporary_stack_top$libspace           0x200008dc   Data           0  libspace.o(.bss)



==============================================================================

Memory Map of the image

  Image Entry point : 0x08000181

  Load Region LR_1 (Base: 0x08000000, Size: 0x0000ea38, Max: 0xffffffff, ABSOLUTE, COMPRESSED[0x0000e744])

    Execution Region ER_RO (Exec base: 0x08000000, Load base: 0x08000000, Size: 0x0000e720, Max: 0xffffffff, ABSOLUTE)

    Exec Addr    Load Addr    Size         Type   Attr      Idx    E Section Name        Object

    0x08000000   0x08000000   0x000000c0   Data   RO          124    RESET               startup_stm32f030x8.o
    0x080000c0   0x080000c0   0x00000008   Code   RO         5575  * !!!main             c_p.l(__main.o)
    0x080000c8   0x080000c8   0x0000003c   Code   RO         5808    !!!scatter          c_p.l(__scatter.o)
    0x08000104   0x08000104   0x0000001c   Code   RO         5810    !!handler_zi        c_p.l(__scatter_zi.o)
    0x08000120   0x08000120   0x00000002   Code   RO         5674    .ARM.Collect$$libinit$$00000000  c_p.l(libinit.o)
    0x08000122   0x08000122   0x00000000   Code   RO         5689    .ARM.Collect$$libinit$$00000002  c_p.l(libinit2.o)
    0x08000122   0x08000122   0x00000000   Code   RO         5691    .ARM.Collect$$libinit$$00000004  c_p.l(libinit2.o)
    0x08000122   0x08000122   0x00000000   Code   RO         5694    .ARM.Collect$$libinit$$0000000A  c_p.l(libinit2.o)
    0x08000122   0x08000122   0x00000000   Code   RO         5696    .ARM.Collect$$libinit$$0000000C  c_p.l(libinit2.o)
    0x08000122   0x08000122   0x00000000   Code   RO         5698    .ARM.Collect$$libinit$$0000000E  c_p.l(libinit2.o)
    0x08000122   0x08000122   0x00000000   Code   RO         5701    .ARM.Collect$$libinit$$00000011  c_p.l(libinit2.o)
    0x08000122   0x08000122   0x00000000   Code   RO         5703    .ARM.Collect$$libinit$$00000013  c_p.l(libinit2.o)
    0x08000122   0x08000122   0x00000000   Code   RO         5705    .ARM.Collect$$libinit$$00000015  c_p.l(libinit2.o)
    0x08000122   0x08000122   0x00000000   Code   RO         5707    .ARM.Collect$$libinit$$00000017  c_p.l(libinit2.o)
    0x08000122   0x08000122   0x00000000   Code   RO         5709    .ARM.Collect$$libinit$$00000019  c_p.l(libinit2.o)
    0x08000122   0x08000122   0x00000000   Code   RO         5711    .ARM.Collect$$libinit$$0000001B  c_p.l(libinit2.o)
    0x08000122   0x08000122   0x00000000   Code   RO         5713    .ARM.Collect$$libinit$$0000001D  c_p.l(libinit2.o)
    0x08000122   0x08000122   0x00000000   Code   RO         5715    .ARM.Collect$$libinit$$0000001F  c_p.l(libinit2.o)
    0x08000122   0x08000122   0x00000000   Code   RO         5717    .ARM.Collect$$libinit$$00000021  c_p.l(libinit2.o)
    0x08000122   0x08000122   0x00000000   Code   RO         5719    .ARM.Collect$$libinit$$00000023  c_p.l(libinit2.o)
    0x08000122   0x08000122   0x00000000   Code   RO         5721    .ARM.Collect$$libinit$$00000025  c_p.l(libinit2.o)
    0x08000122   0x08000122   0x00000000   Code   RO         5725    .ARM.Collect$$libinit$$0000002C  c_p.l(libinit2.o)
    0x08000122   0x08000122   0x00000000   Code   RO         5727    .ARM.Collect$$libinit$$0000002E  c_p.l(libinit2.o)
    0x08000122   0x08000122   0x00000000   Code   RO         5729    .ARM.Collect$$libinit$$00000030  c_p.l(libinit2.o)
    0x08000122   0x08000122   0x00000000   Code   RO         5731    .ARM.Collect$$libinit$$00000032  c_p.l(libinit2.o)
    0x08000122   0x08000122   0x00000002   Code   RO         5732    .ARM.Collect$$libinit$$00000033  c_p.l(libinit2.o)
    0x08000124   0x08000124   0x00000002   Code   RO         5763    .ARM.Collect$$libshutdown$$00000000  c_p.l(libshutdown.o)
    0x08000126   0x08000126   0x00000000   Code   RO         5789    .ARM.Collect$$libshutdown$$00000002  c_p.l(libshutdown2.o)
    0x08000126   0x08000126   0x00000000   Code   RO         5791    .ARM.Collect$$libshutdown$$00000004  c_p.l(libshutdown2.o)
    0x08000126   0x08000126   0x00000000   Code   RO         5794    .ARM.Collect$$libshutdown$$00000007  c_p.l(libshutdown2.o)
    0x08000126   0x08000126   0x00000000   Code   RO         5797    .ARM.Collect$$libshutdown$$0000000A  c_p.l(libshutdown2.o)
    0x08000126   0x08000126   0x00000000   Code   RO         5799    .ARM.Collect$$libshutdown$$0000000C  c_p.l(libshutdown2.o)
    0x08000126   0x08000126   0x00000000   Code   RO         5802    .ARM.Collect$$libshutdown$$0000000F  c_p.l(libshutdown2.o)
    0x08000126   0x08000126   0x00000002   Code   RO         5803    .ARM.Collect$$libshutdown$$00000010  c_p.l(libshutdown2.o)
    0x08000128   0x08000128   0x00000000   Code   RO         5615    .ARM.Collect$$rtentry$$00000000  c_p.l(__rtentry.o)
    0x08000128   0x08000128   0x00000000   Code   RO         5630    .ARM.Collect$$rtentry$$00000002  c_p.l(__rtentry2.o)
    0x08000128   0x08000128   0x00000006   Code   RO         5642    .ARM.Collect$$rtentry$$00000004  c_p.l(__rtentry4.o)
    0x0800012e   0x0800012e   0x00000000   Code   RO         5632    .ARM.Collect$$rtentry$$00000009  c_p.l(__rtentry2.o)
    0x0800012e   0x0800012e   0x00000004   Code   RO         5633    .ARM.Collect$$rtentry$$0000000A  c_p.l(__rtentry2.o)
    0x08000132   0x08000132   0x00000000   Code   RO         5635    .ARM.Collect$$rtentry$$0000000C  c_p.l(__rtentry2.o)
    0x08000132   0x08000132   0x00000008   Code   RO         5636    .ARM.Collect$$rtentry$$0000000D  c_p.l(__rtentry2.o)
    0x0800013a   0x0800013a   0x00000002   Code   RO         5680    .ARM.Collect$$rtexit$$00000000  c_p.l(rtexit.o)
    0x0800013c   0x0800013c   0x00000000   Code   RO         5736    .ARM.Collect$$rtexit$$00000002  c_p.l(rtexit2.o)
    0x0800013c   0x0800013c   0x00000004   Code   RO         5737    .ARM.Collect$$rtexit$$00000003  c_p.l(rtexit2.o)
    0x08000140   0x08000140   0x00000006   Code   RO         5738    .ARM.Collect$$rtexit$$00000004  c_p.l(rtexit2.o)
    0x08000146   0x08000146   0x00000002   PAD
    0x08000148   0x08000148   0x00000038   Code   RO         5565    .emb_text           c_p.l(rt_memcpy.o)
    0x08000180   0x08000180   0x00000038   Code   RO          125  * .text               startup_stm32f030x8.o
    0x080001b8   0x080001b8   0x00000082   Code   RO         5566    .text               c_p.l(rt_memcpy.o)
    0x0800023a   0x0800023a   0x0000015a   Code   RO         5569    .text               c_p.l(aeabi_sdiv.o)
    0x08000394   0x08000394   0x00000006   Code   RO         5573    .text               c_p.l(heapauxi.o)
    0x0800039a   0x0800039a   0x00000002   PAD
    0x0800039c   0x0800039c   0x0000007c   Code   RO         5577    .text               fz_ps.l(d2f.o)
    0x08000418   0x08000418   0x00000358   Code   RO         5579    .text               fz_ps.l(daddsub.o)
    0x08000770   0x08000770   0x00000448   Code   RO         5581    .text               fz_ps.l(ddiv.o)
    0x08000bb8   0x08000bb8   0x00000248   Code   RO         5584    .text               fz_ps.l(dmul.o)
    0x08000e00   0x08000e00   0x00000054   Code   RO         5586    .text               fz_ps.l(f2d.o)
    0x08000e54   0x08000e54   0x00000160   Code   RO         5594    .text               fz_ps.l(fdiv.o)
    0x08000fb4   0x08000fb4   0x00000030   Code   RO         5597    .text               fz_ps.l(ffixui.o)
    0x08000fe4   0x08000fe4   0x0000005e   Code   RO         5599    .text               fz_ps.l(fflti.o)
    0x08001042   0x08001042   0x00000016   Code   RO         5620    .text               c_p.l(_rserrno.o)
    0x08001058   0x08001058   0x00000100   Code   RO         5624    .text               fz_ps.l(dsqrt.o)
    0x08001158   0x08001158   0x00000064   Code   RO         5626    .text               fz_ps.l(fcmpin.o)
    0x080011bc   0x080011bc   0x00000008   Code   RO         5649    .text               c_p.l(rt_errno_addr_intlibspace.o)
    0x080011c4   0x080011c4   0x0000002e   Code   RO         5651    .text               fz_ps.l(cmpret.o)
    0x080011f2   0x080011f2   0x00000002   PAD
    0x080011f4   0x080011f4   0x00000010   Code   RO         5655    .text               fz_ps.l(fnan2.o)
    0x08001204   0x08001204   0x00000008   Code   RO         5657    .text               c_p.l(libspace.o)
    0x0800120c   0x0800120c   0x0000003e   Code   RO         5660    .text               c_p.l(sys_stackheap_outer.o)
    0x0800124a   0x0800124a   0x00000010   Code   RO         5663    .text               c_p.l(exit.o)
    0x0800125a   0x0800125a   0x0000005e   Code   RO         5677    .text               fz_ps.l(retnan.o)
    0x080012b8   0x080012b8   0x0000000c   Code   RO         5733    .text               c_p.l(sys_exit.o)
    0x080012c4   0x080012c4   0x00000002   Code   RO         5752    .text               c_p.l(use_no_semi.o)
    0x080012c6   0x080012c6   0x00000000   Code   RO         5754    .text               c_p.l(indicate_semi.o)
    0x080012c6   0x080012c6   0x00000056   Code   RO         5806    .text               c_p.l(__dczerorl2.o)
    0x0800131c   0x0800131c   0x00000054   Code   RO         3250    i.ADC1_COMP_IRQHandler  adc.o
    0x08001370   0x08001370   0x00000018   Code   RO          136    i.ADC_ChannelConfig  stm32f0xx_adc.o
    0x08001388   0x08001388   0x0000000c   Code   RO         3251    i.ADC_ChannelSet    adc.o
    0x08001394   0x08001394   0x00000004   Code   RO          137    i.ADC_ClearFlag     stm32f0xx_adc.o
    0x08001398   0x08001398   0x00000018   Code   RO          139    i.ADC_Cmd           stm32f0xx_adc.o
    0x080013b0   0x080013b0   0x00000020   Code   RO          143    i.ADC_DeInit        stm32f0xx_adc.o
    0x080013d0   0x080013d0   0x0000003c   Code   RO          145    i.ADC_GetCalibrationFactor  stm32f0xx_adc.o
    0x0800140c   0x0800140c   0x00000030   Code   RO          147    i.ADC_GetFlagStatus  stm32f0xx_adc.o
    0x0800143c   0x0800143c   0x0000002c   Code   RO          150    i.ADC_Init          stm32f0xx_adc.o
    0x08001468   0x08001468   0x0000000a   Code   RO          153    i.ADC_StartOfConversion  stm32f0xx_adc.o
    0x08001472   0x08001472   0x0000000a   Code   RO          154    i.ADC_StopOfConversion  stm32f0xx_adc.o
    0x0800147c   0x0800147c   0x00000010   Code   RO          155    i.ADC_StructInit    stm32f0xx_adc.o
    0x0800148c   0x0800148c   0x00000090   Code   RO          885    i.GPIO_Init         stm32f0xx_gpio.o
    0x0800151c   0x0800151c   0x00000044   Code   RO          886    i.GPIO_PinAFConfig  stm32f0xx_gpio.o
    0x08001560   0x08001560   0x00000004   Code   RO         2898    i.HardFault_Handler  main.o
    0x08001564   0x08001564   0x00000058   Code   RO         3531    i.IIC_Ack           iic.o
    0x080015bc   0x080015bc   0x00000054   Code   RO         3532    i.IIC_NAck          iic.o
    0x08001610   0x08001610   0x00000074   Code   RO         3533    i.IIC_Read_Byte     iic.o
    0x08001684   0x08001684   0x00000080   Code   RO         3534    i.IIC_Send_Byte     iic.o
    0x08001704   0x08001704   0x0000004c   Code   RO         3535    i.IIC_Start         iic.o
    0x08001750   0x08001750   0x0000004c   Code   RO         3536    i.IIC_Stop          iic.o
    0x0800179c   0x0800179c   0x00000074   Code   RO         3537    i.IIC_Wait_Ack      iic.o
    0x08001810   0x08001810   0x00000010   Code   RO         1244    i.IWDG_ReloadCounter  stm32f0xx_iwdg.o
    0x08001820   0x08001820   0x00000080   Code   RO         3252    i.Init_Adc          adc.o
    0x080018a0   0x080018a0   0x00000024   Code   RO         3253    i.Init_Adc_Gpio     adc.o
    0x080018c4   0x080018c4   0x00000038   Code   RO         3175    i.Init_Delay        sys.o
    0x080018fc   0x080018fc   0x00000080   Code   RO         3230    i.Init_Gpio         gpio.o
    0x0800197c   0x0800197c   0x00000020   Code   RO         3538    i.Init_IIC_Gpio     iic.o
    0x0800199c   0x0800199c   0x00000008   Code   RO         3476    i.Init_M24C16       m24c16.o
    0x080019a4   0x080019a4   0x000000b0   Code   RO         3323    i.Init_Timer15      timer.o
    0x08001a54   0x08001a54   0x000000b8   Code   RO         3324    i.Init_Timer16      timer.o
    0x08001b0c   0x08001b0c   0x000000b8   Code   RO         3325    i.Init_Timer17      timer.o
    0x08001bc4   0x08001bc4   0x00000058   Code   RO         3326    i.Init_Timer6       timer.o
    0x08001c1c   0x08001c1c   0x000000ac   Code   RO         3430    i.Init_Uart1        uart.o
    0x08001cc8   0x08001cc8   0x00000022   Code   RO         3477    i.M24C16_Read       m24c16.o
    0x08001cea   0x08001cea   0x00000056   Code   RO         3479    i.M24C16_ReadOneByte  m24c16.o
    0x08001d40   0x08001d40   0x00000028   Code   RO         3480    i.M24C16_Write      m24c16.o
    0x08001d68   0x08001d68   0x0000004e   Code   RO         3481    i.M24C16_WriteOneByte  m24c16.o
    0x08001db6   0x08001db6   0x00000002   PAD
    0x08001db8   0x08001db8   0x00000070   Code   RO         1298    i.NVIC_Init         stm32f0xx_misc.o
    0x08001e28   0x08001e28   0x00000078   Code   RO         3254    i.NVIC_SetPriority  adc.o
    0x08001ea0   0x08001ea0   0x00000020   Code   RO         1405    i.RCC_AHBPeriphClockCmd  stm32f0xx_rcc.o
    0x08001ec0   0x08001ec0   0x00000020   Code   RO         1407    i.RCC_APB1PeriphClockCmd  stm32f0xx_rcc.o
    0x08001ee0   0x08001ee0   0x00000020   Code   RO         1409    i.RCC_APB2PeriphClockCmd  stm32f0xx_rcc.o
    0x08001f00   0x08001f00   0x00000020   Code   RO         1410    i.RCC_APB2PeriphResetCmd  stm32f0xx_rcc.o
    0x08001f20   0x08001f20   0x00000170   Code   RO         1419    i.RCC_GetClocksFreq  stm32f0xx_rcc.o
    0x08002090   0x08002090   0x0000001c   Code   RO         3255    i.R_ADC_Start       adc.o
    0x080020ac   0x080020ac   0x00000010   Code   RO         3256    i.R_ADC_Stop        adc.o
    0x080020bc   0x080020bc   0x00000018   Code   RO         3327    i.R_TAU0_Channel4_Start  timer.o
    0x080020d4   0x080020d4   0x00000020   Code   RO         3328    i.R_TAU0_Channel4_Stop  timer.o
    0x080020f4   0x080020f4   0x00000018   Code   RO         3329    i.R_TAU0_Channel6_Start  timer.o
    0x0800210c   0x0800210c   0x00000020   Code   RO         3330    i.R_TAU0_Channel6_Stop  timer.o
    0x0800212c   0x0800212c   0x0000001c   Code   RO         3431    i.R_UART0_Receive   uart.o
    0x08002148   0x08002148   0x00000040   Code   RO         3432    i.R_UART0_Send      uart.o
    0x08002188   0x08002188   0x00000008   Code   RO         3177    i.R_WDT_Restart     sys.o
    0x08002190   0x08002190   0x00000024   Code   RO         4049    i.SW_input_cancel   access_flash.o
    0x080021b4   0x080021b4   0x000000bc   Code   RO            3    i.SetSysClock       system_stm32f0xx.o
    0x08002270   0x08002270   0x00000024   Code   RO         1300    i.SysTick_CLKSourceConfig  stm32f0xx_misc.o
    0x08002294   0x08002294   0x0000007c   Code   RO            5    i.SystemInit        system_stm32f0xx.o
    0x08002310   0x08002310   0x00000038   Code   RO         2022    i.TI1_Config        stm32f0xx_tim.o
    0x08002348   0x08002348   0x0000004c   Code   RO         2023    i.TI2_Config        stm32f0xx_tim.o
    0x08002394   0x08002394   0x00000048   Code   RO         2024    i.TI3_Config        stm32f0xx_tim.o
    0x080023dc   0x080023dc   0x00000050   Code   RO         2025    i.TI4_Config        stm32f0xx_tim.o
    0x0800242c   0x0800242c   0x00000128   Code   RO         3331    i.TIM15_IRQHandler  timer.o
    0x08002554   0x08002554   0x00000028   Code   RO         3332    i.TIM16_IRQHandler  timer.o
    0x0800257c   0x0800257c   0x00000028   Code   RO         3333    i.TIM17_IRQHandler  timer.o
    0x080025a4   0x080025a4   0x00000040   Code   RO         3334    i.TIM6_DAC_IRQHandler  timer.o
    0x080025e4   0x080025e4   0x0000001c   Code   RO         2026    i.TIM_ARRPreloadConfig  stm32f0xx_tim.o
    0x08002600   0x08002600   0x00000006   Code   RO         2032    i.TIM_ClearFlag     stm32f0xx_tim.o
    0x08002606   0x08002606   0x00000006   Code   RO         2033    i.TIM_ClearITPendingBit  stm32f0xx_tim.o
    0x0800260c   0x0800260c   0x0000001c   Code   RO         2038    i.TIM_Cmd           stm32f0xx_tim.o
    0x08002628   0x08002628   0x00000022   Code   RO         2040    i.TIM_CtrlPWMOutputs  stm32f0xx_tim.o
    0x0800264a   0x0800264a   0x00000070   Code   RO         2061    i.TIM_ICInit        stm32f0xx_tim.o
    0x080026ba   0x080026ba   0x00000014   Code   RO         2063    i.TIM_ITConfig      stm32f0xx_tim.o
    0x080026ce   0x080026ce   0x00000002   PAD
    0x080026d0   0x080026d0   0x00000094   Code   RO         2067    i.TIM_OC1Init       stm32f0xx_tim.o
    0x08002764   0x08002764   0x00000004   Code   RO         2105    i.TIM_SetCounter    stm32f0xx_tim.o
    0x08002768   0x08002768   0x00000014   Code   RO         2106    i.TIM_SetIC1Prescaler  stm32f0xx_tim.o
    0x0800277c   0x0800277c   0x00000018   Code   RO         2107    i.TIM_SetIC2Prescaler  stm32f0xx_tim.o
    0x08002794   0x08002794   0x00000014   Code   RO         2108    i.TIM_SetIC3Prescaler  stm32f0xx_tim.o
    0x080027a8   0x080027a8   0x00000018   Code   RO         2109    i.TIM_SetIC4Prescaler  stm32f0xx_tim.o
    0x080027c0   0x080027c0   0x0000007c   Code   RO         2111    i.TIM_TimeBaseInit  stm32f0xx_tim.o
    0x0800283c   0x0800283c   0x00000098   Code   RO         3433    i.USART1_IRQHandler  uart.o
    0x080028d4   0x080028d4   0x00000004   Code   RO         2593    i.USART_ClearFlag   stm32f0xx_usart.o
    0x080028d8   0x080028d8   0x00000012   Code   RO         2594    i.USART_ClearITPendingBit  stm32f0xx_usart.o
    0x080028ea   0x080028ea   0x00000018   Code   RO         2597    i.USART_Cmd         stm32f0xx_usart.o
    0x08002902   0x08002902   0x00000042   Code   RO         2608    i.USART_ITConfig    stm32f0xx_usart.o
    0x08002944   0x08002944   0x000000d8   Code   RO         2609    i.USART_Init        stm32f0xx_usart.o
    0x08002a1c   0x08002a1c   0x0000001c   Code   RO         3098    i.__ARM_common_switch8  main.o
    0x08002a38   0x08002a38   0x00000008   Code   RO         3882    i.a_u1g_data_exchange0_word_to_byte  a_deta_exchange.o
    0x08002a40   0x08002a40   0x0000000e   Code   RO         3883    i.a_u1g_data_exchange1_word_to_byte  a_deta_exchange.o
    0x08002a4e   0x08002a4e   0x00000002   PAD
    0x08002a50   0x08002a50   0x000000d0   Code   RO         3884    i.a_u2g_close_AD_exchange_to_Nm  a_deta_exchange.o
    0x08002b20   0x08002b20   0x00000098   Code   RO         3885    i.a_u2g_close_Nm_exchange_to_AD  a_deta_exchange.o
    0x08002bb8   0x08002bb8   0x0000003c   Code   RO         3887    i.a_u2g_pulse_exchange_to_rotation  a_deta_exchange.o
    0x08002bf4   0x08002bf4   0x00000028   Code   RO         3936    i.a_u2l_p_check     a_lock_mode.o
    0x08002c1c   0x08002c1c   0x0000023c   Code   RO         3937    i.a_vog_check_lock_position  a_lock_mode.o
    0x08002e58   0x08002e58   0x0000001c   Code   RO         2899    i.a_vog_error_status_store  main.o
    0x08002e74   0x08002e74   0x00000094   Code   RO         3938    i.a_vog_lock_cnt_poutput  a_lock_mode.o
    0x08002f08   0x08002f08   0x00000038   Code   RO         3939    i.a_vog_lock_cnt_toutput  a_lock_mode.o
    0x08002f40   0x08002f40   0x00000038   Code   RO         3940    i.a_vog_lock_mode_main  a_lock_mode.o
    0x08002f78   0x08002f78   0x00000044   Code   RO         3941    i.a_vog_lock_reset_5timesstop  a_lock_mode.o
    0x08002fbc   0x08002fbc   0x00000064   Code   RO         3942    i.a_vog_lock_restart_output  a_lock_mode.o
    0x08003020   0x08003020   0x00000020   Code   RO         3943    i.a_vog_lock_set_5timesstop  a_lock_mode.o
    0x08003040   0x08003040   0x000000d0   Code   RO         3944    i.a_vog_lock_set_6minstop  a_lock_mode.o
    0x08003110   0x08003110   0x000000b0   Code   RO         3945    i.a_vog_lock_set_delayend  a_lock_mode.o
    0x080031c0   0x080031c0   0x00000070   Code   RO         3946    i.a_vog_lock_set_offshortbreak  a_lock_mode.o
    0x08003230   0x08003230   0x0000011c   Code   RO         3947    i.a_vog_lock_set_on_shortbreak  a_lock_mode.o
    0x0800334c   0x0800334c   0x00000034   Code   RO         3948    i.a_vog_lock_set_swoff_stop  a_lock_mode.o
    0x08003380   0x08003380   0x00000120   Code   RO         3949    i.a_vog_lock_setf_lock_suspend  a_lock_mode.o
    0x080034a0   0x080034a0   0x00000034   Code   RO         3950    i.a_vog_select_max_duty_mode  a_lock_mode.o
    0x080034d4   0x080034d4   0x0000006c   Code   RO         5435    i.a_vog_trqajst_dataset  trq_adjust_trqchange.o
    0x08003540   0x08003540   0x0000009c   Code   RO         5436    i.a_vog_trqajst_trqinitial  trq_adjust_trqchange.o
    0x080035dc   0x080035dc   0x000002a8   Code   RO         5352    i.a_vol_check_f_signal_rank_high  select_signal.o
    0x08003884   0x08003884   0x00000240   Code   RO         5353    i.a_vol_check_f_signal_rank_highest  select_signal.o
    0x08003ac4   0x08003ac4   0x00000002   Code   RO         5354    i.a_vol_check_f_signal_rank_low  select_signal.o
    0x08003ac6   0x08003ac6   0x00000002   PAD
    0x08003ac8   0x08003ac8   0x000004cc   Code   RO         5355    i.a_vol_check_f_signal_rank_lower  select_signal.o
    0x08003f94   0x08003f94   0x000000d8   Code   RO         4343    i.a_vol_check_fullclose_learncondition_100  call_mode_process.o
    0x0800406c   0x0800406c   0x00000058   Code   RO         4344    i.a_vol_check_learn_condition_at_102  call_mode_process.o
    0x080040c4   0x080040c4   0x0000002c   Code   RO         4345    i.a_vol_check_position_128  call_mode_process.o
    0x080040f0   0x080040f0   0x0000007c   Code   RO         4346    i.a_vol_check_position_130  call_mode_process.o
    0x0800416c   0x0800416c   0x0000002c   Code   RO         4347    i.a_vol_check_position_199  call_mode_process.o
    0x08004198   0x08004198   0x00000050   Code   RO         4348    i.a_vol_check_stop_102  call_mode_process.o
    0x080041e8   0x080041e8   0x0000003c   Code   RO         4349    i.a_vol_check_stop_180_183  call_mode_process.o
    0x08004224   0x08004224   0x000000c0   Code   RO         2900    i.a_vol_clear_reset_command  main.o
    0x080042e4   0x080042e4   0x00000020   Code   RO         2901    i.a_vol_clear_upper_limit  main.o
    0x08004304   0x08004304   0x00000060   Code   RO         5356    i.a_vol_f_set_overload  select_signal.o
    0x08004364   0x08004364   0x0000005c   Code   RO         3951    i.a_vol_lock_set_thresh_pout  a_lock_mode.o
    0x080043c0   0x080043c0   0x00000038   Code   RO         3952    i.a_vol_lock_store_maxload  a_lock_mode.o
    0x080043f8   0x080043f8   0x00000044   Code   RO         2902    i.a_vol_motor_huka_setting  main.o
    0x0800443c   0x0800443c   0x000000f0   Code   RO         2903    i.a_vol_reset_upper_limit  main.o
    0x0800452c   0x0800452c   0x00000088   Code   RO         5357    i.a_vol_set_error_data  select_signal.o
    0x080045b4   0x080045b4   0x00000164   Code   RO         5053    i.ad_correct        overload.o
    0x08004718   0x08004718   0x00000020   Code   RO         5054    i.ad_data_full_buffer  overload.o
    0x08004738   0x08004738   0x00000008   Code   RO         5055    i.ad_hosei          overload.o
    0x08004740   0x08004740   0x00000018   Code   RO         5056    i.ad_operate_main   overload.o
    0x08004758   0x08004758   0x000000b0   Code   RO         5057    i.ad_port_select    overload.o
    0x08004808   0x08004808   0x00000080   Code   RO         5058    i.ad_start_set      overload.o
    0x08004888   0x08004888   0x00000018   Code   RO         5060    i.adopt_data_num_set  overload.o
    0x080048a0   0x080048a0   0x00000188   Code   RO         5061    i.after_learn_k     overload.o
    0x08004a28   0x08004a28   0x00000034   Code   RO         4137    i.anjou_test_initial  anjou_test.o
    0x08004a5c   0x08004a5c   0x00000060   Code   RO         4138    i.anjou_test_signal  anjou_test.o
    0x08004abc   0x08004abc   0x00000064   Code   RO         5062    i.bad_data_del      overload.o
    0x08004b20   0x08004b20   0x000000f4   Code   RO         5063    i.bousou_check      overload.o
    0x08004c14   0x08004c14   0x00000084   Code   RO         5468    i.break_off_pwm_restart  tst_break.o
    0x08004c98   0x08004c98   0x00000038   Code   RO         4912    i.break_port_set    motion_command.o
    0x08004cd0   0x08004cd0   0x00000068   Code   RO         5469    i.break_step0_to_1  tst_break.o
    0x08004d38   0x08004d38   0x000000b0   Code   RO         5064    i.calcu_std_huka    overload.o
    0x08004de8   0x08004de8   0x0000003c   Code   RO         5065    i.calculate_error   overload.o
    0x08004e24   0x08004e24   0x00000230   Code   RO         4350    i.call_mode_process  call_mode_process.o
    0x08005054   0x08005054   0x0000000c   Code   RO         4139    i.cansel_torque_tester_mode  anjou_test.o
    0x08005060   0x08005060   0x00000090   Code   RO         5066    i.capture_ad_start  overload.o
    0x080050f0   0x080050f0   0x00000088   Code   RO         4534    i.change_pulse_width_to_rpm  encoder.o
    0x08005178   0x08005178   0x0000003c   Code   RO         4140    i.change_tester_mode  anjou_test.o
    0x080051b4   0x080051b4   0x00000044   Code   RO         4535    i.check_abnormal_pulse  encoder.o
    0x080051f8   0x080051f8   0x00000070   Code   RO         5067    i.check_ad_error_stop  overload.o
    0x08005268   0x08005268   0x00000060   Code   RO         4738    i.check_any_key_input  key_input.o
    0x080052c8   0x080052c8   0x00000028   Code   RO         2904    i.check_break_enable_time  main.o
    0x080052f0   0x080052f0   0x00000060   Code   RO         5470    i.check_break_step_change  tst_break.o
    0x08005350   0x08005350   0x00000064   Code   RO         2905    i.check_break_stop  main.o
    0x080053b4   0x080053b4   0x00000068   Code   RO         2906    i.check_check_sum   main.o
    0x0800541c   0x0800541c   0x000000ec   Code   RO         2907    i.check_count_reset  main.o
    0x08005508   0x08005508   0x00000028   Code   RO         4141    i.check_denki_test_exec  anjou_test.o
    0x08005530   0x08005530   0x0000003c   Code   RO         5471    i.check_encoder_duty_stop_cancel  tst_break.o
    0x0800556c   0x0800556c   0x00000130   Code   RO         3593    i.check_err_record  comm_uart.o
    0x0800569c   0x0800569c   0x00000038   Code   RO         3594    i.check_error       comm_uart.o
    0x080056d4   0x080056d4   0x00000064   Code   RO         3595    i.check_error_change  comm_uart.o
    0x08005738   0x08005738   0x00000054   Code   RO         2908    i.check_error_clear  main.o
    0x0800578c   0x0800578c   0x00000040   Code   RO         4050    i.check_flash_learndata  access_flash.o
    0x080057cc   0x080057cc   0x00000040   Code   RO         4051    i.check_flash_task  access_flash.o
    0x0800580c   0x0800580c   0x00000150   Code   RO         5068    i.check_huka        overload.o
    0x0800595c   0x0800595c   0x00000060   Code   RO         2909    i.check_jougen_count_clear  main.o
    0x080059bc   0x080059bc   0x00000070   Code   RO         2910    i.check_kamen_total  main.o
    0x08005a2c   0x08005a2c   0x0000007c   Code   RO         2911    i.check_open_learn_error  main.o
    0x08005aa8   0x08005aa8   0x00000098   Code   RO         4351    i.check_open_learn_huka  call_mode_process.o
    0x08005b40   0x08005b40   0x00000080   Code   RO         2912    i.check_power_on_rireki  main.o
    0x08005bc0   0x08005bc0   0x00000018   Code   RO         4739    i.check_power_start_sw  key_input.o
    0x08005bd8   0x08005bd8   0x00000344   Code   RO         2913    i.check_pulse_event  main.o
    0x08005f1c   0x08005f1c   0x00000040   Code   RO         3596    i.check_shutter_move  comm_uart.o
    0x08005f5c   0x08005f5c   0x00000038   Code   RO         2914    i.check_size_check_sum  main.o
    0x08005f94   0x08005f94   0x00000038   Code   RO         3843    i.check_sol_short_error  a_control_sol.o
    0x08005fcc   0x08005fcc   0x0000008c   Code   RO         5472    i.check_stop_pulse  tst_break.o
    0x08006058   0x08006058   0x000000ac   Code   RO         4740    i.check_sw_reset    key_input.o
    0x08006104   0x08006104   0x0000005c   Code   RO         4741    i.check_sw_stop_tr  key_input.o
    0x08006160   0x08006160   0x00000148   Code   RO         5473    i.check_t_break_main  tst_break.o
    0x080062a8   0x080062a8   0x000000c0   Code   RO         5069    i.check_temp_error  overload.o
    0x08006368   0x08006368   0x0000002c   Code   RO         4142    i.check_test_mode_change  anjou_test.o
    0x08006394   0x08006394   0x00000098   Code   RO         4143    i.check_test_mode_stop_in_wait  anjou_test.o
    0x0800642c   0x0800642c   0x000000f8   Code   RO         4144    i.check_torque_adjust  anjou_test.o
    0x08006524   0x08006524   0x00000044   Code   RO         4145    i.check_torque_test_exec  anjou_test.o
    0x08006568   0x08006568   0x00000054   Code   RO         2915    i.check_uart_error  main.o
    0x080065bc   0x080065bc   0x0000004c   Code   RO         3597    i.check_uart_retry  comm_uart.o
    0x08006608   0x08006608   0x0000005c   Code   RO         3598    i.check_uart_rx     comm_uart.o
    0x08006664   0x08006664   0x0000003c   Code   RO         2916    i.check_unknown_posi_error  main.o
    0x080066a0   0x080066a0   0x0000009c   Code   RO         3599    i.check_update_trns  comm_uart.o
    0x0800673c   0x0800673c   0x000000f8   Code   RO         5070    i.check_ver_error   overload.o
    0x08006834   0x08006834   0x00000094   Code   RO         5358    i.clear_all_event_flags  select_signal.o
    0x080068c8   0x080068c8   0x000001b8   Code   RO         5071    i.close_block_ope   overload.o
    0x08006a80   0x08006a80   0x0000003c   Code   RO         4913    i.close_end_port_set  motion_command.o
    0x08006abc   0x08006abc   0x00000120   Code   RO         2917    i.close_huka_data_set  main.o
    0x08006bdc   0x08006bdc   0x0000002c   Code   RO         4352    i.close_kei_set     call_mode_process.o
    0x08006c08   0x08006c08   0x0000003c   Code   RO         4914    i.close_port_set    motion_command.o
    0x08006c44   0x08006c44   0x0000003c   Code   RO         4915    i.close_startup_port_set  motion_command.o
    0x08006c80   0x08006c80   0x000001d0   Code   RO         3600    i.comm_uart         comm_uart.o
    0x08006e50   0x08006e50   0x00000290   Code   RO         3601    i.comm_uart_fact    comm_uart.o
    0x080070e0   0x080070e0   0x00000094   Code   RO         5072    i.cul_bad_data_del  overload.o
    0x08007174   0x08007174   0x00000050   Code   RO         5073    i.curr_lev_de       overload.o
    0x080071c4   0x080071c4   0x000000a8   Code   RO         4353    i.current_mode_0_9  call_mode_process.o
    0x0800726c   0x0800726c   0x000000d0   Code   RO         4354    i.current_mode_100_109  call_mode_process.o
    0x0800733c   0x0800733c   0x00000070   Code   RO         4355    i.current_mode_10_19  call_mode_process.o
    0x080073ac   0x080073ac   0x0000005c   Code   RO         4356    i.current_mode_110_119  call_mode_process.o
    0x08007408   0x08007408   0x00000078   Code   RO         4357    i.current_mode_120_159  call_mode_process.o
    0x08007480   0x08007480   0x000000a8   Code   RO         4358    i.current_mode_160_169  call_mode_process.o
    0x08007528   0x08007528   0x00000060   Code   RO         4359    i.current_mode_170_179  call_mode_process.o
    0x08007588   0x08007588   0x00000084   Code   RO         4360    i.current_mode_180_189  call_mode_process.o
    0x0800760c   0x0800760c   0x00000090   Code   RO         4361    i.current_mode_190_255  call_mode_process.o
    0x0800769c   0x0800769c   0x000000b8   Code   RO         4362    i.current_mode_20_99  call_mode_process.o
    0x08007754   0x08007754   0x000000d0   Code   RO         2919    i.data_ram_set      main.o
    0x08007824   0x08007824   0x00000040   Code   RO         4052    i.data_read_flashmemory_h_size  access_flash.o
    0x08007864   0x08007864   0x00000050   Code   RO         3178    i.delay_ms          sys.o
    0x080078b4   0x080078b4   0x00000050   Code   RO         3179    i.delay_us          sys.o
    0x08007904   0x08007904   0x00000024   Code   RO         4146    i.denki_test_100v_wait  anjou_test.o
    0x08007928   0x08007928   0x00000030   Code   RO         4147    i.denki_test_close_stop_wait  anjou_test.o
    0x08007958   0x08007958   0x00000054   Code   RO         4148    i.denki_test_close_vib_check  anjou_test.o
    0x080079ac   0x080079ac   0x00000050   Code   RO         4149    i.denki_test_encoder_check  anjou_test.o
    0x080079fc   0x080079fc   0x00000030   Code   RO         4150    i.denki_test_learn_check  anjou_test.o
    0x08007a2c   0x08007a2c   0x00000020   Code   RO         4151    i.denki_test_learn_stop  anjou_test.o
    0x08007a4c   0x08007a4c   0x00000030   Code   RO         4152    i.denki_test_open_stop_wait  anjou_test.o
    0x08007a7c   0x08007a7c   0x00000054   Code   RO         4153    i.denki_test_open_vib_check  anjou_test.o
    0x08007ad0   0x08007ad0   0x0000003c   Code   RO         4154    i.denki_test_power_check_wait  anjou_test.o
    0x08007b0c   0x08007b0c   0x00000040   Code   RO         4155    i.denki_test_signal_ans_wait  anjou_test.o
    0x08007b4c   0x08007b4c   0x00000058   Code   RO         4156    i.denki_test_signal_wait  anjou_test.o
    0x08007ba4   0x08007ba4   0x00000040   Code   RO         4157    i.denki_test_start  anjou_test.o
    0x08007be4   0x08007be4   0x00000098   Code   RO         4158    i.denki_tester_mode  anjou_test.o
    0x08007c7c   0x08007c7c   0x0000013c   Code   RO         2920    i.error_ope_main    main.o
    0x08007db8   0x08007db8   0x000000d0   Code   RO         5474    i.get_break_data    tst_break.o
    0x08007e88   0x08007e88   0x0000000c   Code   RO         4655    i.get_ecu_test_state  ecu_test.o
    0x08007e94   0x08007e94   0x00000020   Code   RO         5074    i.get_max_close_learn_data  overload.o
    0x08007eb4   0x08007eb4   0x0000002c   Code   RO         3796    i.get_storage_data  storage.o
    0x08007ee0   0x08007ee0   0x00000084   Code   RO         2921    i.h_size_m_ck       main.o
    0x08007f64   0x08007f64   0x000000d8   Code   RO         5075    i.hosei_culc_temp   overload.o
    0x0800803c   0x0800803c   0x00000104   Code   RO         5076    i.hosei_culc_ver    overload.o
    0x08008140   0x08008140   0x0000008c   Code   RO         5077    i.hosei_main        overload.o
    0x080081cc   0x080081cc   0x00000094   Code   RO         5078    i.huka_count_jump   overload.o
    0x08008260   0x08008260   0x000000a8   Code   RO         5079    i.huka_lev_ver      overload.o
    0x08008308   0x08008308   0x000000c0   Code   RO         3602    i.i_serial_uart_rx_end  comm_uart.o
    0x080083c8   0x080083c8   0x000000a0   Code   RO         3605    i.i_serial_uart_tx_end  comm_uart.o
    0x08008468   0x08008468   0x00000080   Code   RO         4706    i.initial_huka      initial.o
    0x080084e8   0x080084e8   0x0000011c   Code   RO         4536    i.int_input_encoder  encoder.o
    0x08008604   0x08008604   0x000001d8   Code   RO         3336    i.int_system_timer  timer.o
    0x080087dc   0x080087dc   0x00000024   Code   RO         4537    i.kagen_reset       encoder.o
    0x08008800   0x08008800   0x000002a4   Code   RO         4742    i.key_f_set         key_input.o
    0x08008aa4   0x08008aa4   0x00000108   Code   RO         5080    i.learn_data_make   overload.o
    0x08008bac   0x08008bac   0x0000011c   Code   RO         5081    i.learn_data_set    overload.o
    0x08008cc8   0x08008cc8   0x00000160   Code   RO         4743    i.learn_fullclose_position  key_input.o
    0x08008e28   0x08008e28   0x000000f4   Code   RO         5082    i.learn_get_data    overload.o
    0x08008f1c   0x08008f1c   0x0000003c   Code   RO         2922    i.main              main.o
    0x08008f58   0x08008f58   0x0000015c   Code   RO         2923    i.main_loop         main.o
    0x080090b4   0x080090b4   0x0000002c   Code   RO         4053    i.make_check_sum    access_flash.o
    0x080090e0   0x080090e0   0x00000040   Code   RO         5083    i.make_section      overload.o
    0x08009120   0x08009120   0x00000044   Code   RO         4054    i.make_size_check_sum  access_flash.o
    0x08009164   0x08009164   0x0000006c   Code   RO         5084    i.make_std_learn    overload.o
    0x080091d0   0x080091d0   0x000001bc   Code   RO         4819    i.mode_close_u      mode_process.o
    0x0800938c   0x0800938c   0x000001bc   Code   RO         4820    i.mode_open_u       mode_process.o
    0x08009548   0x08009548   0x0000019c   Code   RO         4821    i.mode_osikiri_close  mode_process.o
    0x080096e4   0x080096e4   0x0000019c   Code   RO         4822    i.mode_osikiri_open  mode_process.o
    0x08009880   0x08009880   0x000000bc   Code   RO         4823    i.mode_shortbreak   mode_process.o
    0x0800993c   0x0800993c   0x0000018c   Code   RO         4824    i.mode_stop         mode_process.o
    0x08009ac8   0x08009ac8   0x000000c8   Code   RO         4825    i.mode_wait_lock    mode_process.o
    0x08009b90   0x08009b90   0x00000100   Code   RO         4916    i.motion_break      motion_command.o
    0x08009c90   0x08009c90   0x00000058   Code   RO         4917    i.motion_close      motion_command.o
    0x08009ce8   0x08009ce8   0x00000068   Code   RO         4918    i.motion_close_startup  motion_command.o
    0x08009d50   0x08009d50   0x00000058   Code   RO         4919    i.motion_open       motion_command.o
    0x08009da8   0x08009da8   0x00000068   Code   RO         4920    i.motion_open_startup  motion_command.o
    0x08009e10   0x08009e10   0x0000005c   Code   RO         4921    i.motion_shortbreak  motion_command.o
    0x08009e6c   0x08009e6c   0x0000005c   Code   RO         4922    i.motion_soft_close  motion_command.o
    0x08009ec8   0x08009ec8   0x0000005c   Code   RO         4923    i.motion_soft_open  motion_command.o
    0x08009f24   0x08009f24   0x00000068   Code   RO         4924    i.motion_stop       motion_command.o
    0x08009f8c   0x08009f8c   0x00000070   Code   RO         4538    i.move_num_cont     encoder.o
    0x08009ffc   0x08009ffc   0x00000184   Code   RO         4539    i.no_direct_p_in    encoder.o
    0x0800a180   0x0800a180   0x00000090   Code   RO         4540    i.ope_add_p_c       encoder.o
    0x0800a210   0x0800a210   0x00000040   Code   RO         5359    i.ope_key_stop      select_signal.o
    0x0800a250   0x0800a250   0x00000044   Code   RO         4541    i.ope_pulse_count_main  encoder.o
    0x0800a294   0x0800a294   0x00000074   Code   RO         4542    i.ope_redu_p_c      encoder.o
    0x0800a308   0x0800a308   0x000001b4   Code   RO         5085    i.open_block_no_learn_ope  overload.o
    0x0800a4bc   0x0800a4bc   0x000001dc   Code   RO         5086    i.open_block_ope    overload.o
    0x0800a698   0x0800a698   0x0000003c   Code   RO         4925    i.open_end_port_set  motion_command.o
    0x0800a6d4   0x0800a6d4   0x000000ec   Code   RO         2924    i.open_huka_data_set  main.o
    0x0800a7c0   0x0800a7c0   0x00000038   Code   RO         4363    i.open_kei_set      call_mode_process.o
    0x0800a7f8   0x0800a7f8   0x0000003c   Code   RO         4926    i.open_port_set     motion_command.o
    0x0800a834   0x0800a834   0x0000003c   Code   RO         4927    i.open_startup_port_set  motion_command.o
    0x0800a870   0x0800a870   0x000000c8   Code   RO         4744    i.osikiri_reset     key_input.o
    0x0800a938   0x0800a938   0x00000198   Code   RO         2925    i.output_main       main.o
    0x0800aad0   0x0800aad0   0x000000c8   Code   RO         4543    i.p_in_motor_stop   encoder.o
    0x0800ab98   0x0800ab98   0x000001a8   Code   RO         5087    i.plus_a_cal        overload.o
    0x0800ad40   0x0800ad40   0x000000a8   Code   RO         5088    i.plus_a_cal_open   overload.o
    0x0800ade8   0x0800ade8   0x000001bc   Code   RO         4544    i.plus_operate_main  encoder.o
    0x0800afa4   0x0800afa4   0x0000004c   Code   RO         4364    i.process_close_u   call_mode_process.o
    0x0800aff0   0x0800aff0   0x00000080   Code   RO         2926    i.process_key_3sw   main.o
    0x0800b070   0x0800b070   0x00000058   Code   RO         4365    i.process_open_u    call_mode_process.o
    0x0800b0c8   0x0800b0c8   0x00000038   Code   RO         4366    i.process_osikiri_close  call_mode_process.o
    0x0800b100   0x0800b100   0x00000040   Code   RO         4367    i.process_osikiri_open  call_mode_process.o
    0x0800b140   0x0800b140   0x00000014   Code   RO         4368    i.process_ready_open  call_mode_process.o
    0x0800b154   0x0800b154   0x00000014   Code   RO         4369    i.process_short_open  call_mode_process.o
    0x0800b168   0x0800b168   0x0000002c   Code   RO         4370    i.process_shortbreak  call_mode_process.o
    0x0800b194   0x0800b194   0x00000034   Code   RO         4371    i.process_stop      call_mode_process.o
    0x0800b1c8   0x0800b1c8   0x00000034   Code   RO         4372    i.process_stop_lock  call_mode_process.o
    0x0800b1fc   0x0800b1fc   0x00000030   Code   RO         4545    i.pulse_in_operation  encoder.o
    0x0800b22c   0x0800b22c   0x000000b8   Code   RO         4546    i.pulse_interval_check  encoder.o
    0x0800b2e4   0x0800b2e4   0x00000034   Code   RO         5475    i.pwm_break_time    tst_break.o
    0x0800b318   0x0800b318   0x00000040   Code   RO         5476    i.pwm_off_break_max_setting  tst_break.o
    0x0800b358   0x0800b358   0x00000038   Code   RO         5477    i.pwm_off_break_off_setting  tst_break.o
    0x0800b390   0x0800b390   0x00000040   Code   RO         5478    i.pwm_off_break_on_setting  tst_break.o
    0x0800b3d0   0x0800b3d0   0x00000024   Code   RO         5479    i.pwm_on_break_off_setting  tst_break.o
    0x0800b3f4   0x0800b3f4   0x00000034   Code   RO         3797    i.read_storage_all  storage.o
    0x0800b428   0x0800b428   0x00000080   Code   RO         4159    i.ready_torque_tester_mode  anjou_test.o
    0x0800b4a8   0x0800b4a8   0x00000150   Code   RO         4055    i.ready_write_data  access_flash.o
    0x0800b5f8   0x0800b5f8   0x0000001c   Code   RO         3606    i.reserve_uart_trns  comm_uart.o
    0x0800b614   0x0800b614   0x00000050   Code   RO         4056    i.reset_flash_learndata  access_flash.o
    0x0800b664   0x0800b664   0x000000b0   Code   RO         5089    i.reset_learn_data  overload.o
    0x0800b714   0x0800b714   0x00000014   Code   RO         3337    i.reset_system_timer  timer.o
    0x0800b728   0x0800b728   0x00000038   Code   RO         4057    i.rest_ready_write_data  access_flash.o
    0x0800b760   0x0800b760   0x00000004   Code   RO         4707    i.rest_startup      initial.o
    0x0800b764   0x0800b764   0x00000030   Code   RO         2927    i.ret_set           main.o
    0x0800b794   0x0800b794   0x00000048   Code   RO         3258    i.select_ad_class   adc.o
    0x0800b7dc   0x0800b7dc   0x00000098   Code   RO         5090    i.select_learn_max_data  overload.o
    0x0800b874   0x0800b874   0x00000108   Code   RO         5332    i.select_mode       select_mode.o
    0x0800b97c   0x0800b97c   0x0000004c   Code   RO         5360    i.select_signal     select_signal.o
    0x0800b9c8   0x0800b9c8   0x00000038   Code   RO         4826    i.select_step_close  mode_process.o
    0x0800ba00   0x0800ba00   0x00000034   Code   RO         4827    i.select_step_open  mode_process.o
    0x0800ba34   0x0800ba34   0x00000038   Code   RO         4828    i.select_step_osikiri_close  mode_process.o
    0x0800ba6c   0x0800ba6c   0x00000034   Code   RO         4829    i.select_step_osikiri_open  mode_process.o
    0x0800baa0   0x0800baa0   0x00000014   Code   RO         4830    i.select_step_stop  mode_process.o
    0x0800bab4   0x0800bab4   0x0000002c   Code   RO         5091    i.seprate_block     overload.o
    0x0800bae0   0x0800bae0   0x000000ec   Code   RO         2928    i.set_20_rireki_data  main.o
    0x0800bbcc   0x0800bbcc   0x00000064   Code   RO         4373    i.set_close_huka    call_mode_process.o
    0x0800bc30   0x0800bc30   0x000000b0   Code   RO         4547    i.set_d_pwm         encoder.o
    0x0800bce0   0x0800bce0   0x00000024   Code   RO         3607    i.set_err_record    comm_uart.o
    0x0800bd04   0x0800bd04   0x0000006c   Code   RO         5092    i.set_error_open_learn_data  overload.o
    0x0800bd70   0x0800bd70   0x0000008c   Code   RO         2929    i.set_ope_state_f   main.o
    0x0800bdfc   0x0800bdfc   0x00000060   Code   RO         4548    i.set_pwm_d         encoder.o
    0x0800be5c   0x0800be5c   0x00000038   Code   RO         2930    i.set_pwm_limit_filter  main.o
    0x0800be94   0x0800be94   0x0000003c   Code   RO         3798    i.set_storage_data  storage.o
    0x0800bed0   0x0800bed0   0x000000d4   Code   RO         5093    i.sikiiti_hosei     overload.o
    0x0800bfa4   0x0800bfa4   0x0000003c   Code   RO         4928    i.soft_close_port_set  motion_command.o
    0x0800bfe0   0x0800bfe0   0x00000054   Code   RO         3953    i.soft_lock_error_rireki  a_lock_mode.o
    0x0800c034   0x0800c034   0x0000002c   Code   RO         2931    i.soft_lock_signal  main.o
    0x0800c060   0x0800c060   0x0000003c   Code   RO         4929    i.soft_open_port_set  motion_command.o
    0x0800c09c   0x0800c09c   0x0000005c   Code   RO         4745    i.soft_reset_main   key_input.o
    0x0800c0f8   0x0800c0f8   0x0000004c   Code   RO         3844    i.sol_ope_main      a_control_sol.o
    0x0800c144   0x0800c144   0x00000124   Code   RO         3845    i.sol_out_process   a_control_sol.o
    0x0800c268   0x0800c268   0x00000048   Code   RO         5094    i.sort_check_ad_data  overload.o
    0x0800c2b0   0x0800c2b0   0x00000048   Code   RO         5608    i.sqrt              m_ps.l(sqrt.o)
    0x0800c2f8   0x0800c2f8   0x00000018   Code   RO         4549    i.state_output_ope  encoder.o
    0x0800c310   0x0800c310   0x00000038   Code   RO         4930    i.stop_port_set     motion_command.o
    0x0800c348   0x0800c348   0x0000000e   Code   RO         3799    i.storage_init      storage.o
    0x0800c356   0x0800c356   0x00000002   PAD
    0x0800c358   0x0800c358   0x00000098   Code   RO         3800    i.store_storage_data  storage.o
    0x0800c3f0   0x0800c3f0   0x0000007c   Code   RO         4746    i.sw_all_off_ope    key_input.o
    0x0800c46c   0x0800c46c   0x000000b4   Code   RO         4747    i.sw_in_count       key_input.o
    0x0800c520   0x0800c520   0x00000018   Code   RO         4550    i.sw_in_end         encoder.o
    0x0800c538   0x0800c538   0x00000080   Code   RO         4748    i.sw_input_check    key_input.o
    0x0800c5b8   0x0800c5b8   0x00000100   Code   RO         4749    i.sw_off_count      key_input.o
    0x0800c6b8   0x0800c6b8   0x00000180   Code   RO         5480    i.t_break_on        tst_break.o
    0x0800c838   0x0800c838   0x00000054   Code   RO         5481    i.t_flag_all_clear  tst_break.o
    0x0800c88c   0x0800c88c   0x000000ec   Code   RO         5095    i.thermal_check     overload.o
    0x0800c978   0x0800c978   0x00000078   Code   RO         4160    i.torque_tester_mode  anjou_test.o
    0x0800c9f0   0x0800c9f0   0x000000a4   Code   RO         4161    i.torque_tester_release_elec  anjou_test.o
    0x0800ca94   0x0800ca94   0x00000048   Code   RO         4162    i.trq_test_100v_wait  anjou_test.o
    0x0800cadc   0x0800cadc   0x00000034   Code   RO         4163    i.trq_test_close_kahuka_wait  anjou_test.o
    0x0800cb10   0x0800cb10   0x00000064   Code   RO         4164    i.trq_test_close_trq_adjust  anjou_test.o
    0x0800cb74   0x0800cb74   0x00000038   Code   RO         4165    i.trq_test_module_connect  anjou_test.o
    0x0800cbac   0x0800cbac   0x0000004c   Code   RO         4166    i.trq_test_open_kahuka_wait  anjou_test.o
    0x0800cbf8   0x0800cbf8   0x0000005c   Code   RO         4167    i.trq_test_open_trq_adjust  anjou_test.o
    0x0800cc54   0x0800cc54   0x00000064   Code   RO         4168    i.trq_test_pulse_in_wait  anjou_test.o
    0x0800ccb8   0x0800ccb8   0x00000040   Code   RO         4169    i.trq_test_rev_trq_wait  anjou_test.o
    0x0800ccf8   0x0800ccf8   0x00000054   Code   RO         4170    i.trq_test_start    anjou_test.o
    0x0800cd4c   0x0800cd4c   0x00000070   Code   RO         4171    i.trq_test_ver_down_wait  anjou_test.o
    0x0800cdbc   0x0800cdbc   0x00000070   Code   RO         4172    i.trq_test_ver_up_wait  anjou_test.o
    0x0800ce2c   0x0800ce2c   0x00000084   Code   RO         3608    i.uart_check_key    comm_uart.o
    0x0800ceb0   0x0800ceb0   0x00000018   Code   RO         3609    i.uart_clear_rx_buf  comm_uart.o
    0x0800cec8   0x0800cec8   0x00000010   Code   RO         3610    i.uart_clear_tx_ans  comm_uart.o
    0x0800ced8   0x0800ced8   0x0000000c   Code   RO         3611    i.uart_fact_elec_test  comm_uart.o
    0x0800cee4   0x0800cee4   0x0000002c   Code   RO         3612    i.uart_fact_set_tx  comm_uart.o
    0x0800cf10   0x0800cf10   0x0000000c   Code   RO         3613    i.uart_fact_trq_test  comm_uart.o
    0x0800cf1c   0x0800cf1c   0x00000094   Code   RO         3614    i.uart_fact_wait_connect  comm_uart.o
    0x0800cfb0   0x0800cfb0   0x0000001c   Code   RO         3615    i.uart_fact_wait_trans_end  comm_uart.o
    0x0800cfcc   0x0800cfcc   0x00000024   Code   RO         3616    i.uart_set_trans    comm_uart.o
    0x0800cff0   0x0800cff0   0x00000044   Code   RO         3617    i.uart_tx_ans_check  comm_uart.o
    0x0800d034   0x0800d034   0x00000044   Code   RO         3618    i.uart_tx_ans_wait  comm_uart.o
    0x0800d078   0x0800d078   0x00000018   Code   RO         3619    i.uart_tx_end       comm_uart.o
    0x0800d090   0x0800d090   0x00000028   Code   RO         3620    i.uart_tx_start     comm_uart.o
    0x0800d0b8   0x0800d0b8   0x0000003c   Code   RO         3621    i.uart_update_tx_buf  comm_uart.o
    0x0800d0f4   0x0800d0f4   0x00000040   Code   RO         3622    i.uart_value_change  comm_uart.o
    0x0800d134   0x0800d134   0x0000005c   Code   RO         3623    i.update_error_trns  comm_uart.o
    0x0800d190   0x0800d190   0x0000005c   Code   RO         4708    i.variable_setup    initial.o
    0x0800d1ec   0x0800d1ec   0x00000034   Code   RO         4931    i.wait_motion_check  motion_command.o
    0x0800d220   0x0800d220   0x00000014   Code   RO         4932    i.wait_motion_start  motion_command.o
    0x0800d234   0x0800d234   0x000000c4   Code   RO         4173    i.wait_tester_douki  anjou_test.o
    0x0800d2f8   0x0800d2f8   0x00000084   Code   RO         5096    i.watch_temp_value  overload.o
    0x0800d37c   0x0800d37c   0x000000b0   Code   RO         5097    i.watch_ver_value   overload.o
    0x0800d42c   0x0800d42c   0x0000010c   Code   RO         4058    i.write_data_number_check  access_flash.o
    0x0800d538   0x0800d538   0x00000068   Code   RO         4551    i.zene_pulse_count  encoder.o
    0x0800d5a0   0x0800d5a0   0x0000008c   Code   RO         5588    x$fpl$fadd          fz_ps.l(faddsub.o)
    0x0800d62c   0x0800d62c   0x00000054   Code   RO         5601    x$fpl$fleqf         fz_ps.l(flef.o)
    0x0800d680   0x0800d680   0x000000b0   Code   RO         5603    x$fpl$fmul          fz_ps.l(fmul.o)
    0x0800d730   0x0800d730   0x00000058   Code   RO         5605    x$fpl$frleqf        fz_ps.l(frlef.o)
    0x0800d788   0x0800d788   0x000000d0   Code   RO         5590    x$fpl$fsub          fz_ps.l(faddsub.o)
    0x0800d858   0x0800d858   0x00000000   Code   RO         5628    x$fpl$usenofp       fz_ps.l(usenofp.o)
    0x0800d858   0x0800d858   0x000001a3   Data   RO         3625    .constdata          comm_uart.o
    0x0800d9fb   0x0800d9fb   0x00000005   Data   RO         3802    .constdata          storage.o
    0x0800da00   0x0800da00   0x00000c3f   Data   RO         5414    .constdata          state_table_1_0.o
    0x0800e63f   0x0800e63f   0x00000080   Data   RO         5582    .constdata          fz_ps.l(ddiv.o)
    0x0800e6bf   0x0800e6bf   0x00000040   Data   RO         5595    .constdata          fz_ps.l(fdiv.o)
    0x0800e6ff   0x0800e6ff   0x00000001   PAD
    0x0800e700   0x0800e700   0x00000020   Data   RO         5804    Region$$Table       anon$$obj.o


    Execution Region ER_RW (Exec base: 0x20000000, Load base: 0x0800e720, Size: 0x00000318, Max: 0xffffffff, ABSOLUTE, COMPRESSED[0x00000024])

    Exec Addr    Load Addr    Size         Type   Attr      Idx    E Section Name        Object

    0x20000000   COMPRESSED   0x00000014   Data   RW            6    .data               system_stm32f0xx.o
    0x20000014   COMPRESSED   0x00000010   Data   RW         1443    .data               stm32f0xx_rcc.o
    0x20000024   COMPRESSED   0x00000004   Data   RW         2932    .data               main.o
    0x20000028   COMPRESSED   0x00000004   Data   RW         3180    .data               sys.o
    0x2000002c   COMPRESSED   0x00000024   Data   RW         3338    .data               timer.o
    0x20000050   COMPRESSED   0x0000001a   Data   RW         3435    .data               uart.o
    0x2000006a   COMPRESSED   0x0000003c   Data   RW         3626    .data               comm_uart.o
    0x200000a6   COMPRESSED   0x00000002   PAD
    0x200000a8   COMPRESSED   0x000001b2   Data   RW         3775    .data               variables.o
    0x2000025a   COMPRESSED   0x0000000a   Data   RW         3803    .data               storage.o
    0x20000264   COMPRESSED   0x00000004   Data   RW         3847    .data               a_control_sol.o
    0x20000268   COMPRESSED   0x0000002b   Data   RW         3954    .data               a_lock_mode.o
    0x20000293   COMPRESSED   0x00000001   PAD
    0x20000294   COMPRESSED   0x00000017   Data   RW         4174    .data               anjou_test.o
    0x200002ab   COMPRESSED   0x00000001   PAD
    0x200002ac   COMPRESSED   0x00000030   Data   RW         4552    .data               encoder.o
    0x200002dc   COMPRESSED   0x0000000d   Data   RW         4659    .data               ecu_test.o
    0x200002e9   COMPRESSED   0x00000001   Data   RW         4750    .data               key_input.o
    0x200002ea   COMPRESSED   0x00000002   Data   RW         4831    .data               mode_process.o
    0x200002ec   COMPRESSED   0x00000008   Data   RW         5098    .data               overload.o
    0x200002f4   COMPRESSED   0x00000008   Data   RW         5437    .data               trq_adjust_trqchange.o
    0x200002fc   COMPRESSED   0x0000001a   Data   RW         5482    .data               tst_break.o


    Execution Region ER_ZI (Exec base: 0x20000318, Load base: 0x0800e744, Size: 0x00000bc8, Max: 0xffffffff, ABSOLUTE)

    Exec Addr    Load Addr    Size         Type   Attr      Idx    E Section Name        Object

    0x20000318        -       0x0000008e   Zero   RW         3624    .bss                comm_uart.o
    0x200003a6        -       0x000002f4   Zero   RW         3774    .bss                variables.o
    0x2000069a        -       0x000001e0   Zero   RW         3801    .bss                storage.o
    0x2000087a   0x0800e744   0x00000002   PAD
    0x2000087c        -       0x00000060   Zero   RW         5658    .bss                c_p.l(libspace.o)
    0x200008dc   0x0800e744   0x00000004   PAD
    0x200008e0        -       0x00000200   Zero   RW          123    HEAP                startup_stm32f030x8.o
    0x20000ae0        -       0x00000400   Zero   RW          122    STACK               startup_stm32f030x8.o


==============================================================================

Image component sizes


      Code (inc. data)   RO Data    RW Data    ZI Data      Debug   Object Name

       424         64          0          4          0       2015   a_control_sol.o
       442         66          0          0          0       3419   a_deta_exchange.o
      2476        330          0         43          0      10508   a_lock_mode.o
      1080        206          0          0          0       5451   access_flash.o
       496         52          0          0          0       9720   adc.o
      3188        682          0         23          0      18874   anjou_test.o
      3464        724          0          0          0      16976   call_mode_process.o
      3252        494        419         60        142      17795   comm_uart.o
        12          6          0         13          0       1969   ecu_test.o
      2652        452          0         48          0      10124   encoder.o
       128          8          0          0          0        536   gpio.o
       716         34          0          0          0       4231   iic.o
       224         78          0          0          0       1463   initial.o
      2392        340          0          1          0       6798   key_input.o
       246          0          0          0          0       3302   m24c16.o
      5300        830          0          4          0      28808   main.o
      2732        548          0          2          0       7972   mode_process.o
      1684        186          0          0          0      11613   motion_command.o
      8160       1210          0          8          0      27465   overload.o
       264         32          0          0          0        606   select_mode.o
      3006        330          0          0          0       5799   select_signal.o
        56         26        192          0       1536        668   startup_stm32f030x8.o
         0          0       3135          0          0       1042   state_table_1_0.o
       272          8          0          0          0      99629   stm32f0xx_adc.o
       212          0          0          0          0       2039   stm32f0xx_gpio.o
        16          8          0          0          0        513   stm32f0xx_iwdg.o
       148         10          0          0          0       1730   stm32f0xx_misc.o
       496         44          0         16          0       4447   stm32f0xx_rcc.o
       882        120          0          0          0      12372   stm32f0xx_tim.o
       328         14          0          0          0       4450   stm32f0xx_usart.o
       322         42          5         10        480       4183   storage.o
       224         36          0          4          0       5850   sys.o
       312         24          0         20          0      50605   system_stm32f0xx.o
      1676        192          0         36          0       8654   timer.o
       264         56          0          8          0       1709   trq_adjust_trqchange.o
      1808        364          0         26          0      11403   tst_break.o
       416         60          0         26          0       3288   uart.o
         0          0          0        434        756      16822   variables.o

    ----------------------------------------------------------------------
     49780       7676       3783        792       2916     424848   Object Totals
         0          0         32          0          0          0   (incl. Generated)
        10          0          0          6          2          0   (incl. Padding)

    ----------------------------------------------------------------------

      Code (inc. data)   RO Data    RW Data    ZI Data      Debug   Library Member Name

        86          0          0          0          0          0   __dczerorl2.o
         8          0          0          0          0         68   __main.o
         0          0          0          0          0          0   __rtentry.o
        12          0          0          0          0          0   __rtentry2.o
         6          0          0          0          0          0   __rtentry4.o
        60          8          0          0          0          0   __scatter.o
        28          0          0          0          0          0   __scatter_zi.o
        22          0          0          0          0         92   _rserrno.o
       346          0          0          0          0         92   aeabi_sdiv.o
        16          0          0          0          0         68   exit.o
         6          0          0          0          0        136   heapauxi.o
         0          0          0          0          0          0   indicate_semi.o
         2          0          0          0          0          0   libinit.o
         2          0          0          0          0          0   libinit2.o
         2          0          0          0          0          0   libshutdown.o
         2          0          0          0          0          0   libshutdown2.o
         8          4          0          0         96         68   libspace.o
         8          4          0          0          0         68   rt_errno_addr_intlibspace.o
       186          0          0          0          0        144   rt_memcpy.o
         2          0          0          0          0          0   rtexit.o
        10          0          0          0          0          0   rtexit2.o
        12          4          0          0          0         60   sys_exit.o
        62          0          0          0          0         80   sys_stackheap_outer.o
         2          0          0          0          0         68   use_no_semi.o
        46          0          0          0          0         60   cmpret.o
       124          4          0          0          0         72   d2f.o
       856         20          0          0          0        208   daddsub.o
      1096         26        128          0          0        112   ddiv.o
       584         26          0          0          0         84   dmul.o
       256          8          0          0          0         76   dsqrt.o
        84          4          0          0          0         60   f2d.o
       348          8          0          0          0        160   faddsub.o
       100          4          0          0          0         68   fcmpin.o
       352         10         64          0          0         92   fdiv.o
        48          0          0          0          0         60   ffixui.o
        94          0          0          0          0         92   fflti.o
        84          4          0          0          0         76   flef.o
       176          4          0          0          0         80   fmul.o
        16          6          0          0          0         68   fnan2.o
        88          4          0          0          0         76   frlef.o
        94          0          0          0          0         68   retnan.o
         0          0          0          0          0          0   usenofp.o
        72          6          0          0          0         76   sqrt.o

    ----------------------------------------------------------------------
      5412        154        193          0        100       2532   Library Totals
         6          0          1          0          4          0   (incl. Padding)

    ----------------------------------------------------------------------

      Code (inc. data)   RO Data    RW Data    ZI Data      Debug   Library Name

       888         20          0          0         96        944   c_p.l
      4446        128        192          0          0       1512   fz_ps.l
        72          6          0          0          0         76   m_ps.l

    ----------------------------------------------------------------------
      5412        154        193          0        100       2532   Library Totals

    ----------------------------------------------------------------------

==============================================================================


      Code (inc. data)   RO Data    RW Data    ZI Data      Debug   

     55192       7830       3976        792       3016     408924   Grand Totals
     55192       7830       3976         36       3016     408924   ELF Image Totals (compressed)
     55192       7830       3976         36          0          0   ROM Totals

==============================================================================

    Total RO  Size (Code + RO Data)                59168 (  57.78kB)
    Total RW  Size (RW Data + ZI Data)              3808 (   3.72kB)
    Total ROM Size (Code + RO Data + RW Data)      59204 (  57.82kB)

==============================================================================

